2020-11-10 02:01:33.691 16871-16871/? A/linker: CANNOT LINK EXECUTABLE "/system/bin/dpmd": "/system/lib64/libdpmframework.so" is 32-bit instead of 64-bit
2020-11-10 02:01:33.700 2309-2365/? I/Timeline: Timeline: App_transition_ready time:457693708
2020-11-10 02:01:33.820 2309-2365/? I/Timeline: Timeline: App_transition_ready time:457693828
2020-11-10 02:01:33.820 2309-2365/? I/Timeline: Timeline: App_transition_stopped time:457693828
2020-11-10 02:01:33.837 2309-3557/? W/UsageStatsService: Event reported without a package name
2020-11-10 02:01:33.838 2309-2329/? E/UsbDeviceManager: handle message = 13
2020-11-10 02:01:33.839 2309-2331/? I/Timeline: Timeline: Activity_windows_visible id: ActivityRecord{4bb8172 u0 com.miui.home/.launcher.Launcher t1} time:457693848
2020-11-10 02:01:33.856 2543-2543/? I/chatty: uid=1000(system) com.android.systemui expire 2 lines
2020-11-10 02:01:33.864 3644-3644/? D/miui.face.FaceService: lock screen passed
2020-11-10 02:01:33.865 5167-5249/? D/PowerKeeper.AppStandby: disable standby chain
2020-11-10 02:01:33.866 2309-2323/? W/BroadcastQueue: Background execution not allowed: receiving Intent { act=android.intent.action.USER_PRESENT flg=0x24200011 } to com.android.chrome/org.chromium.chrome.browser.sharing.click_to_call.ClickToCallMessageHandler$PhoneUnlockedReceiver
2020-11-10 02:01:33.867 2309-2323/? W/BroadcastQueue: Background execution not allowed: receiving Intent { act=android.intent.action.USER_PRESENT flg=0x24200011 } to com.facebook.services/com.facebook.oxygen.services.fbns.RegisteredMqttSystemBroadcastReceiver
2020-11-10 02:01:33.870 2309-2323/? W/BroadcastQueue: Background execution not allowed: receiving Intent { act=android.intent.action.USER_PRESENT flg=0x24200011 } to com.google.android.gms/.auth.setup.devicesignals.LockScreenReceiver
2020-11-10 02:01:33.871 2309-2323/? W/BroadcastQueue: Background execution not allowed: receiving Intent { act=android.intent.action.USER_PRESENT flg=0x24200011 } to com.google.android.gms/.trustagent.UserPresentBroadcastReceiver
2020-11-10 02:01:33.871 2309-2323/? W/BroadcastQueue: Background execution not allowed: receiving Intent { act=android.intent.action.USER_PRESENT flg=0x24200011 } to com.google.android.gms/.chimera.GmsIntentOperationService$PersistentTrustedReceiver
2020-11-10 02:01:33.889 2912-3042/? E/ActivityThread: Failed to find provider info for com.android.thememanager.set_lockwallpaper
2020-11-10 02:01:33.915 2309-2396/? W/BroadcastQueue: Background execution not allowed: receiving Intent { act=android.intent.action.USER_PRESENT flg=0x24200010 } to com.alibaba.aliexpresshd/com.taobao.accs.EventReceiver
2020-11-10 02:01:33.917 2309-2323/? W/BroadcastQueueInjector: Unable to launch app com.brave.browser/10222 for broadcast Intent { act=android.intent.action.USER_PRESENT flg=0x24200010 }: process is not permitted to  auto start
2020-11-10 02:01:33.917 2309-2323/? W/BroadcastQueue: Background execution not allowed: receiving Intent { act=android.intent.action.USER_PRESENT flg=0x24200010 } to com.instagram.android/com.instagram.push.FbnsInitBroadcastReceiver
2020-11-10 02:01:33.948 2309-2325/? D/Boost: hostingType=service, hostingName=com.android.soundrecorder/.trashbox.ClearExpiredRecordsService, callerPackage=android, isSystem=true, isBoostNeeded=false.
2020-11-10 02:01:33.952 2309-2325/? I/ActivityManager: Start proc 16878:com.android.soundrecorder/u0a61 for service com.android.soundrecorder/.trashbox.ClearExpiredRecordsService caller=android
2020-11-10 02:01:34.129 2309-2309/? W/Looper: Slow dispatch took 266ms main h=android.app.ActivityThread$H c=android.app.-$$Lambda$LoadedApk$ReceiverDispatcher$Args$_BumDX2UKsnxLVrE6UJsJZkotuA@e199c19 m=0
2020-11-10 02:01:34.129 2309-2309/? W/Looper: Slow delivery took 266ms main h=android.app.ActivityThread$H c=android.app.-$$Lambda$LoadedApk$ReceiverDispatcher$Args$_BumDX2UKsnxLVrE6UJsJZkotuA@2cd44de m=0
2020-11-10 02:01:34.130 2309-2309/? W/Looper: Drained
2020-11-10 02:01:34.549 2309-2325/? D/Boost: hostingType=service, hostingName=com.android.soundrecorder/.RecorderService, callerPackage=com.android.soundrecorder, isSystem=true, isBoostNeeded=false.
2020-11-10 02:01:34.551 2309-2325/? I/ActivityManager: Start proc 16902:com.android.soundrecorder:remote/u0a61 for service com.android.soundrecorder/.RecorderService caller=com.android.soundrecorder
2020-11-10 02:01:34.657 2309-7442/? I/ActivityManager: Killing 14553:com.instagram.android/u0a187 (adj 906): empty #17
2020-11-10 02:01:34.833 2309-2371/? I/ActivityManager: Killing 14548:com.android.chrome/u0a107 (adj 906): empty #17
2020-11-10 02:01:37.242 2309-2323/? I/ActivityManager: Waited long enough for: ServiceRecord{99955c2 u0 com.whatsapp/.messaging.MessageService}
2020-11-10 02:01:38.700 16924-16924/? A/linker: CANNOT LINK EXECUTABLE "/system/bin/dpmd": "/system/lib64/libdpmframework.so" is 32-bit instead of 64-bit
2020-11-10 02:01:43.728 16926-16926/? A/linker: CANNOT LINK EXECUTABLE "/system/bin/dpmd": "/system/lib64/libdpmframework.so" is 32-bit instead of 64-bit
2020-11-10 02:01:48.747 16929-16929/? A/linker: CANNOT LINK EXECUTABLE "/system/bin/dpmd": "/system/lib64/libdpmframework.so" is 32-bit instead of 64-bit
2020-11-10 02:01:53.247 2543-2748/? I/chatty: uid=1000(system) SysUiNetBg expire 2 lines
2020-11-10 02:01:53.751 16938-16938/? A/linker: CANNOT LINK EXECUTABLE "/system/bin/dpmd": "/system/lib64/libdpmframework.so" is 32-bit instead of 64-bit
2020-11-10 02:01:58.773 16939-16939/? A/linker: CANNOT LINK EXECUTABLE "/system/bin/dpmd": "/system/lib64/libdpmframework.so" is 32-bit instead of 64-bit
2020-11-10 02:02:03.778 16944-16944/? A/linker: CANNOT LINK EXECUTABLE "/system/bin/dpmd": "/system/lib64/libdpmframework.so" is 32-bit instead of 64-bit
2020-11-10 02:02:08.804 16945-16945/? A/linker: CANNOT LINK EXECUTABLE "/system/bin/dpmd": "/system/lib64/libdpmframework.so" is 32-bit instead of 64-bit
2020-11-10 02:02:13.823 16947-16947/? A/linker: CANNOT LINK EXECUTABLE "/system/bin/dpmd": "/system/lib64/libdpmframework.so" is 32-bit instead of 64-bit
2020-11-10 02:02:18.845 16948-16948/? A/linker: CANNOT LINK EXECUTABLE "/system/bin/dpmd": "/system/lib64/libdpmframework.so" is 32-bit instead of 64-bit
2020-11-10 02:02:23.845 16950-16950/? A/linker: CANNOT LINK EXECUTABLE "/system/bin/dpmd": "/system/lib64/libdpmframework.so" is 32-bit instead of 64-bit
2020-11-10 02:02:28.863 16951-16951/? A/linker: CANNOT LINK EXECUTABLE "/system/bin/dpmd": "/system/lib64/libdpmframework.so" is 32-bit instead of 64-bit
2020-11-10 02:02:31.688 1093-1288/? E/storaged: getDiskStats failed with result NOT_SUPPORTED and size 0
2020-11-10 02:02:33.882 16953-16953/? A/linker: CANNOT LINK EXECUTABLE "/system/bin/dpmd": "/system/lib64/libdpmframework.so" is 32-bit instead of 64-bit
2020-11-10 02:02:36.451 2309-2329/? E/UsbDeviceManager: handle message = 9
2020-11-10 02:02:38.903 16954-16954/? A/linker: CANNOT LINK EXECUTABLE "/system/bin/dpmd": "/system/lib64/libdpmframework.so" is 32-bit instead of 64-bit
2020-11-10 02:02:43.913 16956-16956/? A/linker: CANNOT LINK EXECUTABLE "/system/bin/dpmd": "/system/lib64/libdpmframework.so" is 32-bit instead of 64-bit
2020-11-10 02:02:48.930 16957-16957/? A/linker: CANNOT LINK EXECUTABLE "/system/bin/dpmd": "/system/lib64/libdpmframework.so" is 32-bit instead of 64-bit
2020-11-10 02:02:53.953 16959-16959/? A/linker: CANNOT LINK EXECUTABLE "/system/bin/dpmd": "/system/lib64/libdpmframework.so" is 32-bit instead of 64-bit
2020-11-10 02:02:58.957 16964-16964/? A/linker: CANNOT LINK EXECUTABLE "/system/bin/dpmd": "/system/lib64/libdpmframework.so" is 32-bit instead of 64-bit
2020-11-10 02:03:00.955 2309-2383/? W/BaseMiuiPhoneWindowManager: keyCode:26 down:true eventTime:457780962 downTime:457780962 policyFlags:22000000 flags:8 deviceId:8 isScreenOn:true keyguardActive:false repeatCount:0
2020-11-10 02:03:00.957 2309-2383/? E/systemui_boost: render-thread tid = 0, do not boost
2020-11-10 02:03:01.138 2309-2383/? W/BaseMiuiPhoneWindowManager: keyCode:26 down:false eventTime:457781146 downTime:457780962 policyFlags:22000000 flags:8 deviceId:8 isScreenOn:true keyguardActive:false repeatCount:0
2020-11-10 02:03:01.139 2309-2383/? D/WindowManager: powerPress: eventTime=457780962 interactive=true count=1 beganFromNonInteractive=false mShortPressOnPowerBehavior=1
2020-11-10 02:03:01.139 2309-2383/? I/PowerManagerService: Going to sleep due to power button (uid 1000)...
2020-11-10 02:03:01.141 2309-2309/? W/UsageStatsService: Event reported without a package name
2020-11-10 02:03:01.183 2309-2309/? I/WindowManager: Started going to sleep... (why=2)
2020-11-10 02:03:01.222 2309-2334/? I/DisplayPowerController: Blocking screen off
2020-11-10 02:03:01.222 2309-2334/? I/DisplayPowerController: Unblocked screen off after 1 ms
2020-11-10 02:03:01.237 2309-2329/? E/UsbDeviceManager: handle message = 9
2020-11-10 02:03:01.237 2309-2334/? I/WindowManager: Screen turned off...
2020-11-10 02:03:01.278 2309-2334/? W/ActivityManager: Background start not allowed: service Intent { act=miui.action.CAMERA_EMPTY_SERVICE pkg=com.android.camera } to com.android.camera/.EmptyService from pid=2309 uid=1000 pkg=android startFg?=false
2020-11-10 02:03:01.281 2309-2471/? I/LocalDisplayAdapter: setDisplayState(id=0, state=OFF)
2020-11-10 02:03:01.281 2309-2331/? I/DisplayManagerService: Display device changed state: "Встроенный экран", OFF
2020-11-10 02:03:01.595 2309-2334/? W/DreamManagerService: Dream ComponentInfo{com.miui.aod/com.miui.aod.doze.DozeService} does not exist
2020-11-10 02:03:01.595 2309-2334/? I/PowerManagerService: Sleeping (uid 1000)...
2020-11-10 02:03:01.598 2309-2309/? I/WindowManager: Finished going to sleep... (why=2)
2020-11-10 02:03:01.608 2543-9634/? I/chatty: uid=1000(system) Binder:2543_10 expire 1 line
2020-11-10 02:03:01.653 2309-16184/? W/UsageStatsService: Event reported without a package name
2020-11-10 02:03:01.672 2309-2329/? E/UsbDeviceManager: handle message = 13
2020-11-10 02:03:01.768 2543-2543/? I/chatty: uid=1000(system) com.android.systemui expire 5 lines
2020-11-10 02:03:20.495 16975-16975/? A/linker: CANNOT LINK EXECUTABLE "/system/bin/dpmd": "/system/lib64/libdpmframework.so" is 32-bit instead of 64-bit
2020-11-10 02:03:54.904 16976-16976/? A/linker: CANNOT LINK EXECUTABLE "/system/bin/dpmd": "/system/lib64/libdpmframework.so" is 32-bit instead of 64-bit
2020-11-10 02:05:18.251 16978-16978/? A/linker: CANNOT LINK EXECUTABLE "/system/bin/dpmd": "/system/lib64/libdpmframework.so" is 32-bit instead of 64-bit
2020-11-10 02:06:17.866 16979-16979/? A/linker: CANNOT LINK EXECUTABLE "/system/bin/dpmd": "/system/lib64/libdpmframework.so" is 32-bit instead of 64-bit
2020-11-10 02:06:37.553 5167-5249/? D/PowerKeeper.AppStandby: enable standby chain
2020-11-10 02:07:01.813 2309-2329/? E/UsbDeviceManager: handle message = 9
2020-11-10 02:08:02.811 16986-16986/? A/linker: CANNOT LINK EXECUTABLE "/system/bin/dpmd": "/system/lib64/libdpmframework.so" is 32-bit instead of 64-bit
2020-11-10 02:10:04.964 16987-16987/? A/linker: CANNOT LINK EXECUTABLE "/system/bin/dpmd": "/system/lib64/libdpmframework.so" is 32-bit instead of 64-bit
2020-11-10 02:11:22.880 2309-4097/? I/ActivityManager: Killing 14684:com.instagram.android:videoplayer/u0a187 (adj 906): empty #17
2020-11-10 02:11:38.626 1093-1288/? E/storaged: getDiskStats failed with result NOT_SUPPORTED and size 0
2020-11-10 02:12:08.885 16989-16989/? A/linker: CANNOT LINK EXECUTABLE "/system/bin/dpmd": "/system/lib64/libdpmframework.so" is 32-bit instead of 64-bit
2020-11-10 02:12:36.796 2309-2329/? E/UsbDeviceManager: handle message = 9
2020-11-10 02:14:25.882 2309-2323/? W/BroadcastQueue: Background execution not allowed: receiving Intent { act=android.intent.action.DROPBOX_ENTRY_ADDED flg=0x11 (has extras) } to com.google.android.gms/.stats.service.DropBoxEntryAddedReceiver
2020-11-10 02:14:25.883 2309-2323/? W/BroadcastQueue: Background execution not allowed: receiving Intent { act=android.intent.action.DROPBOX_ENTRY_ADDED flg=0x11 (has extras) } to com.google.android.gms/.chimera.GmsIntentOperationService$PersistentTrustedReceiver
2020-11-10 02:14:26.373 16998-16998/? A/linker: CANNOT LINK EXECUTABLE "/system/bin/dpmd": "/system/lib64/libdpmframework.so" is 32-bit instead of 64-bit
2020-11-10 02:14:43.996 17000-17000/? A/linker: CANNOT LINK EXECUTABLE "/system/bin/dpmd": "/system/lib64/libdpmframework.so" is 32-bit instead of 64-bit
2020-11-10 02:17:49.843 17005-17005/? A/linker: CANNOT LINK EXECUTABLE "/system/bin/dpmd": "/system/lib64/libdpmframework.so" is 32-bit instead of 64-bit
2020-11-10 02:20:15.015 17007-17007/? A/linker: CANNOT LINK EXECUTABLE "/system/bin/dpmd": "/system/lib64/libdpmframework.so" is 32-bit instead of 64-bit
2020-11-10 02:21:01.610 17009-17009/? A/linker: CANNOT LINK EXECUTABLE "/system/bin/dpmd": "/system/lib64/libdpmframework.so" is 32-bit instead of 64-bit
2020-11-10 02:21:06.628 17015-17015/? A/linker: CANNOT LINK EXECUTABLE "/system/bin/dpmd": "/system/lib64/libdpmframework.so" is 32-bit instead of 64-bit
2020-11-10 02:21:18.424 17018-17018/? A/linker: CANNOT LINK EXECUTABLE "/system/bin/dpmd": "/system/lib64/libdpmframework.so" is 32-bit instead of 64-bit
2020-11-10 02:22:36.804 2309-2329/? E/UsbDeviceManager: handle message = 9
2020-11-10 02:22:50.137 17022-17022/? A/linker: CANNOT LINK EXECUTABLE "/system/bin/dpmd": "/system/lib64/libdpmframework.so" is 32-bit instead of 64-bit
2020-11-10 02:25:03.836 17027-17027/? A/linker: CANNOT LINK EXECUTABLE "/system/bin/dpmd": "/system/lib64/libdpmframework.so" is 32-bit instead of 64-bit
2020-11-10 02:25:05.121 2309-2325/? D/Boost: hostingType=service, hostingName=com.google.android.apps.turbo/com.google.android.libraries.smartbattery.appusage.library.InferAppBucketsJob, callerPackage=android, isSystem=true, isBoostNeeded=false.
2020-11-10 02:25:05.125 2309-2325/? I/ActivityManager: Start proc 17028:com.google.android.apps.turbo:aab/u0a31 for service com.google.android.apps.turbo/com.google.android.libraries.smartbattery.appusage.library.InferAppBucketsJob caller=android
2020-11-10 02:25:55.869 17064-17064/? A/linker: CANNOT LINK EXECUTABLE "/system/bin/dpmd": "/system/lib64/libdpmframework.so" is 32-bit instead of 64-bit
2020-11-10 02:28:22.915 17068-17068/? A/linker: CANNOT LINK EXECUTABLE "/system/bin/dpmd": "/system/lib64/libdpmframework.so" is 32-bit instead of 64-bit
2020-11-10 02:29:25.678 2309-2309/? W/Looper: Slow dispatch took 115ms main h=android.app.ActivityThread$H c=android.app.-$$Lambda$LoadedApk$ReceiverDispatcher$Args$_BumDX2UKsnxLVrE6UJsJZkotuA@3d187d5 m=0
2020-11-10 02:29:25.733 2309-3577/? I/ProcessManager: Kill reason AutoLockOffClean from pid=5167
2020-11-10 02:29:25.736 2309-3577/? I/ProcessManager: mLruProcesses size=62
2020-11-10 02:29:25.737 2309-3577/? I/ProcessManager: AutoLockOffClean: kill com.android.vending Adj=900 State=18
2020-11-10 02:29:25.737 2309-3577/? I/ActivityManager: Killing 11755:com.android.vending/u0a60 (adj 900): AutoLockOffClean
2020-11-10 02:29:25.743 2309-3577/? I/ProcessManager: AutoLockOffClean: kill com.google.android.apps.turbo:aab Adj=900 State=18
2020-11-10 02:29:25.743 2309-3577/? I/ActivityManager: Killing 17028:com.google.android.apps.turbo:aab/u0a31 (adj 900): AutoLockOffClean
2020-11-10 02:29:25.744 2309-3577/? I/ProcessManager: AutoLockOffClean: kill com.google.process.gservices Adj=700 State=14
2020-11-10 02:29:25.745 2309-3577/? I/ActivityManager: Killing 11781:com.google.process.gservices/u0a30 (adj 700): AutoLockOffClean
2020-11-10 02:29:25.747 2309-3577/? I/ProcessManager: AutoLockOffClean: kill com.xiaomi.hm.health Adj=100 State=3
2020-11-10 02:29:25.747 2309-3577/? I/ActivityManager: Killing 13351:com.xiaomi.hm.health/u0a217 (adj 100): AutoLockOffClean
2020-11-10 02:29:25.749 2309-3577/? I/ProcessManager: AutoLockOffClean: kill com.miui.weather2 Adj=900 State=18
2020-11-10 02:29:25.750 2309-3577/? I/ActivityManager: Killing 12905:com.miui.weather2/u0a26 (adj 900): AutoLockOffClean
2020-11-10 02:29:25.751 2309-3577/? I/ProcessManager: AutoLockOffClean: kill com.miui.msa.global Adj=100 State=3
2020-11-10 02:29:25.751 2309-3577/? I/ActivityManager: Killing 11053:com.miui.msa.global/u0a103 (adj 100): AutoLockOffClean
2020-11-10 02:29:25.753 2309-3577/? I/ProcessManager: AutoLockOffClean: kill com.android.cellbroadcastreceiver Adj=900 State=18
2020-11-10 02:29:25.754 2309-3577/? I/ActivityManager: Killing 11163:com.android.cellbroadcastreceiver/u0a46 (adj 900): AutoLockOffClean
2020-11-10 02:29:25.755 2309-3577/? I/ProcessManager: AutoLockOffClean: kill com.android.soundrecorder Adj=902 State=18
2020-11-10 02:29:25.755 2309-3577/? I/ActivityManager: Killing 16878:com.android.soundrecorder/u0a61 (adj 902): AutoLockOffClean
2020-11-10 02:29:25.756 2309-3577/? I/ProcessManager: AutoLockOffClean: kill com.android.soundrecorder:remote Adj=902 State=18
2020-11-10 02:29:25.756 2309-3577/? I/ActivityManager: Killing 16902:com.android.soundrecorder:remote/u0a61 (adj 902): AutoLockOffClean
2020-11-10 02:29:25.757 2309-3577/? I/ProcessManager: AutoLockOffClean: kill com.caf.fmradio Adj=902 State=18
2020-11-10 02:29:25.757 2309-3577/? I/ActivityManager: Killing 16848:com.caf.fmradio/1000 (adj 902): AutoLockOffClean
2020-11-10 02:29:25.757 2309-3577/? I/ProcessManager: AutoLockOffClean: kill com.whatsapp Adj=902 State=18
2020-11-10 02:29:25.757 2309-3577/? I/ActivityManager: Killing 16211:com.whatsapp/u0a181 (adj 902): AutoLockOffClean
2020-11-10 02:29:25.759 2309-3577/? I/ProcessManager: AutoLockOffClean: kill com.android.settings Adj=902 State=18
2020-11-10 02:29:25.761 2309-3577/? I/ActivityManager: Killing 14438:com.android.settings/1000 (adj 902): AutoLockOffClean
2020-11-10 02:29:25.762 2309-3577/? I/ProcessManager: AutoLockOffClean: kill com.miui.msa.global:ui Adj=902 State=18
2020-11-10 02:29:25.762 2309-3577/? I/ActivityManager: Killing 16547:com.miui.msa.global:ui/u0a103 (adj 902): AutoLockOffClean
2020-11-10 02:29:25.762 2309-3577/? I/ProcessManager: AutoLockOffClean: kill com.xiaomi.simactivate.service Adj=904 State=18
2020-11-10 02:29:25.762 2309-3577/? I/ActivityManager: Killing 16599:com.xiaomi.simactivate.service/u0a80 (adj 904): AutoLockOffClean
2020-11-10 02:29:25.763 2309-3577/? I/ProcessManager: AutoLockOffClean: kill com.miui.cloudservice Adj=904 State=18
2020-11-10 02:29:25.763 2309-3577/? I/ActivityManager: Killing 16560:com.miui.cloudservice/u0a76 (adj 904): AutoLockOffClean
2020-11-10 02:29:25.763 2309-3577/? I/ProcessManager: AutoLockOffClean: kill com.android.settings:remote Adj=500 State=9
2020-11-10 02:29:25.764 2309-3577/? I/ActivityManager: Killing 11272:com.android.settings:remote/1000 (adj 500): AutoLockOffClean
2020-11-10 02:29:25.764 2309-3577/? I/ProcessManager: AutoLockOffClean: kill com.google.android.apps.turbo Adj=904 State=18
2020-11-10 02:29:25.764 2309-3577/? I/ActivityManager: Killing 13255:com.google.android.apps.turbo/u0a31 (adj 904): AutoLockOffClean
2020-11-10 02:29:25.767 2309-3577/? I/ProcessManager: AutoLockOffClean: kill com.android.chrome:webview_service Adj=904 State=18
2020-11-10 02:29:25.767 2309-3577/? I/ActivityManager: Killing 11850:com.android.chrome:webview_service/u0a107 (adj 904): AutoLockOffClean
2020-11-10 02:29:25.768 2309-3577/? I/ProcessManager: AutoLockOffClean: kill wifisecurity.ufovpn.android:bg Adj=200 State=3
2020-11-10 02:29:25.768 2309-3577/? I/ActivityManager: Killing 11612:wifisecurity.ufovpn.android:bg/u0a170 (adj 200): AutoLockOffClean
2020-11-10 02:29:25.769 2309-3577/? I/ProcessManager: AutoLockOffClean: kill com.android.camera Adj=906 State=18
2020-11-10 02:29:25.769 2309-3577/? I/ActivityManager: Killing 14713:com.android.camera/u0a35 (adj 906): AutoLockOffClean
2020-11-10 02:29:25.770 2309-3577/? I/ProcessManager: AutoLockOffClean: kill com.facebook.services Adj=800 State=9
2020-11-10 02:29:25.770 2309-3577/? I/ActivityManager: Killing 12123:com.facebook.services/u0a16 (adj 800): AutoLockOffClean
2020-11-10 02:29:25.770 2309-3577/? I/ProcessManager: AutoLockOffClean: kill com.miui.analytics Adj=100 State=3
2020-11-10 02:29:25.770 2309-3577/? I/ActivityManager: Killing 10986:com.miui.analytics/u0a120 (adj 100): AutoLockOffClean
2020-11-10 02:29:25.771 2309-3577/? I/ProcessManager: AutoLockOffClean: kill com.google.android.inputmethod.latin Adj=100 State=6
2020-11-10 02:29:25.771 2309-3577/? I/ActivityManager: Killing 12773:com.google.android.inputmethod.latin/u0a137 (adj 100): AutoLockOffClean
2020-11-10 02:29:25.771 2309-3577/? I/ProcessManager: AutoLockOffClean: kill com.xiaomi.mi_connect_service Adj=906 State=9
2020-11-10 02:29:25.771 2309-3577/? I/ActivityManager: Killing 12703:com.xiaomi.mi_connect_service/1000 (adj 906): AutoLockOffClean
2020-11-10 02:29:25.772 2309-3577/? I/ProcessManager: AutoLockOffClean: kill com.qualcomm.qti.smcinvokepkgmgr Adj=906 State=9
2020-11-10 02:29:25.772 2309-3577/? I/ActivityManager: Killing 12639:com.qualcomm.qti.smcinvokepkgmgr/1000 (adj 906): AutoLockOffClean
2020-11-10 02:29:25.772 2309-3577/? I/ProcessManager: AutoLockOffClean: kill com.google.android.ext.services Adj=100 State=4
2020-11-10 02:29:25.772 2309-3577/? I/ActivityManager: Killing 11721:com.google.android.ext.services/u0a32 (adj 100): AutoLockOffClean
2020-11-10 02:29:25.772 2309-3577/? I/ProcessManager: AutoLockOffClean: kill com.android.smspush Adj=100 State=5
2020-11-10 02:29:25.772 2309-3577/? I/ActivityManager: Killing 11449:com.android.smspush/u0a78 (adj 100): AutoLockOffClean
2020-11-10 02:29:25.773 2309-3577/? I/ProcessManager: AutoLockOffClean: kill org.telegram.messenger Adj=906 State=9
2020-11-10 02:29:25.773 2309-3577/? I/ActivityManager: Killing 11305:org.telegram.messenger/u0a237 (adj 906): AutoLockOffClean
2020-11-10 02:29:25.774 2309-3577/? I/ProcessManager: AutoLockOffClean: kill com.miui.hybrid:entrance Adj=100 State=5
2020-11-10 02:29:25.774 2309-3577/? I/ActivityManager: Killing 10968:com.miui.hybrid:entrance/u0a114 (adj 100): AutoLockOffClean
2020-11-10 02:29:25.776 5167-5325/? W/ProcessUtils: killProcess failed []
2020-11-10 02:29:25.850 2309-4097/? D/ConnectivityService: ConnectivityService NetworkRequestInfo binderDied(NetworkRequest [ LISTEN id=2951, [ Capabilities: INTERNET&NOT_RESTRICTED&TRUSTED Unwanted:  Uid: 10060] ], android.os.BinderProxy@8c0dcb6)
2020-11-10 02:29:25.850 2309-3577/? D/ConnectivityService: ConnectivityService NetworkRequestInfo binderDied(NetworkRequest [ TRACK_DEFAULT id=2950, [ Capabilities: INTERNET&NOT_RESTRICTED&TRUSTED Unwanted:  Uid: 10060] ], android.os.BinderProxy@eafcc51)
2020-11-10 02:29:25.919 2309-2371/? W/ActivityManager: Scheduling restart of crashed service com.miui.hybrid/.PersistService in 1000ms
2020-11-10 02:29:25.924 2309-3166/? D/ConnectivityService: ConnectivityService NetworkRequestInfo binderDied(NetworkRequest [ LISTEN id=2945, [ Capabilities: NOT_RESTRICTED&TRUSTED&NOT_VPN Unwanted:  Uid: 10103] ], android.os.BinderProxy@8219db7)
2020-11-10 02:29:25.936 2309-3563/? W/ActivityManager: Scheduling restart of crashed service com.miui.msa.global/com.miui.systemAdSolution.landingPage.LandingPageService in 10983ms
2020-11-10 02:29:25.936 2309-3563/? W/ActivityManager: Scheduling restart of crashed service com.miui.msa.global/com.miui.systemAdSolution.changeSkin.ChangeSkinService in 20983ms
2020-11-10 02:29:25.936 2309-3563/? W/ActivityManager: Scheduling restart of crashed service com.miui.msa.global/com.miui.systemAdSolution.splashscreen.SplashScreenService in 30983ms
2020-11-10 02:29:25.979 2309-3562/? I/AutoStartManagerService: MIUILOG- Reject RestartService packageName :com.android.soundrecorder uid : 10061
2020-11-10 02:29:25.986 2309-2319/? D/ConnectivityService: ConnectivityService NetworkRequestInfo binderDied(NetworkRequest [ REQUEST id=2953, [ Capabilities: INTERNET&NOT_RESTRICTED&TRUSTED&NOT_VPN Unwanted:  Uid: 10170] ], android.os.BinderProxy@8f60e42)
2020-11-10 02:29:25.991 2309-3567/? D/ProcessRecordInjector: Begin to report kill process events...
2020-11-10 02:29:25.993 2309-4097/? D/NotificationListeners: Removing active service ComponentInfo{com.xiaomi.hm.health/com.xiaomi.hm.health.ui.smartplay.NotificationAccessService}
2020-11-10 02:29:25.993 2309-4097/? D/NotificationListeners: Removing active service ComponentInfo{com.xiaomi.hm.health/com.xiaomi.hm.health.ui.smartplay.NotificationAccessService}
2020-11-10 02:29:25.993 2309-4097/? I/chatty: uid=1000(system) Binder:2309_17 identical 7 lines
2020-11-10 02:29:25.993 2309-4097/? D/NotificationListeners: Removing active service ComponentInfo{com.xiaomi.hm.health/com.xiaomi.hm.health.ui.smartplay.NotificationAccessService}
2020-11-10 02:29:25.994 2309-2309/? I/chatty: uid=1000 system_server identical 7 lines
2020-11-10 02:29:26.031 2309-2411/? D/NsdService: Client disconnected
2020-11-10 02:29:26.032 2309-2411/? D/NsdService: mdnssd [stop-service]
2020-11-10 02:29:26.035 2309-2325/? D/Boost: hostingType=service, hostingName=com.miui.hybrid/.PersistService, callerPackage=com.miui.wmsvc, isSystem=true, isBoostNeeded=false.
2020-11-10 02:29:26.036 2309-13880/? D/NotificationAssistants: Removing active service ComponentInfo{com.google.android.ext.services/android.ext.services.notification.Assistant}
2020-11-10 02:29:26.036 2309-13880/? D/NotificationListeners: Removing active service ComponentInfo{com.google.android.ext.services/android.ext.services.notification.Assistant}
2020-11-10 02:29:26.045 2309-4094/? W/ActivityManager: Scheduling restart of crashed service com.android.settings/.dangerousoptions.DangerousOptionsWarningService in 40874ms
2020-11-10 02:29:26.046 2309-4094/? W/ActivityManager: Scheduling restart of crashed service com.android.settings/.wifi.MiuiWifiService in 50874ms
2020-11-10 02:29:26.050 2309-3565/? I/AutoStartManagerService: MIUILOG- Reject RestartService packageName :wifisecurity.ufovpn.android uid : 10170
2020-11-10 02:29:26.051 17083-17083/? A/linker: CANNOT LINK EXECUTABLE "/system/bin/dpmd": "/system/lib64/libdpmframework.so" is 32-bit instead of 64-bit
2020-11-10 02:29:26.056 2309-2435/? I/ProcessManager: remove no clear notification:StatusBarNotification(pkg=com.xiaomi.hm.health user=UserHandle{0} id=4 tag=null key=0|com.xiaomi.hm.health|4|null|10217: Notification(channel=O000o000 pri=0 contentView=null vibrate=null sound=null defaults=0x0 flags=0x62 color=0xffff5a00 vis=PRIVATE))
2020-11-10 02:29:26.058 2309-8699/? I/AutoStartManagerService: MIUILOG- Reject RestartService packageName :com.xiaomi.hm.health uid : 10217
2020-11-10 02:29:26.059 2309-8699/? I/AutoStartManagerService: MIUILOG- Reject RestartService packageName :com.xiaomi.hm.health uid : 10217
2020-11-10 02:29:26.074 2309-2371/? W/ActivityManager: Scheduling restart of crashed service com.qualcomm.qti.smcinvokepkgmgr/.SmcInvokeService in 50846ms
2020-11-10 02:29:26.081 2309-3166/? W/ActivityManager: Scheduling restart of crashed service com.xiaomi.mi_connect_service/.MiConnectService in 1000ms
2020-11-10 02:29:26.088 2309-4086/? W/ActivityManager: Scheduling restart of crashed service com.google.android.ext.services/android.ext.services.notification.Assistant in 60832ms
2020-11-10 02:29:26.088 2309-4086/? W/ActivityManager: Scheduling restart of crashed service com.google.android.ext.services/android.ext.services.autofill.AutofillFieldClassificationServiceImpl in 70831ms
2020-11-10 02:29:26.093 2309-2325/? I/ActivityManager: Start proc 17078:com.miui.hybrid:entrance/u0a114 for service com.miui.hybrid/.PersistService caller=com.miui.wmsvc
2020-11-10 02:29:26.094 2309-10055/? W/ActivityManager: Scheduling restart of crashed service com.miui.analytics/.AnalyticsService in 80826ms
2020-11-10 02:29:26.094 2309-10055/? W/ActivityManager: Scheduling restart of crashed service com.miui.analytics/.internal.WakeupService in 90826ms
2020-11-10 02:29:26.099 2309-4094/? W/ActivityManager: Scheduling restart of crashed service com.android.smspush/.WapPushManager in 100821ms
2020-11-10 02:29:26.124 2309-2324/? W/Looper: Slow dispatch took 135ms android.ui h=com.android.server.am.ActivityManagerService$UiHandler c=null m=53
2020-11-10 02:29:26.125 2309-9343/? W/ActivityManager: Scheduling restart of crashed service com.facebook.services/com.facebook.oxygen.services.fbns.PreloadedFbnsService in 110795ms
2020-11-10 02:29:26.129 2309-2523/? I/AutoStartManagerService: MIUILOG- Reject RestartService packageName :org.telegram.messenger uid : 10237
2020-11-10 02:29:26.136 2309-2712/? W/ActivityManager: Scheduling restart of crashed service com.google.android.inputmethod.latin/com.android.inputmethod.latin.spellcheck.AndroidSpellCheckerService in 120784ms
2020-11-10 02:29:26.557 1093-1288/? E/storaged: getDiskStats failed with result NOT_SUPPORTED and size 0
2020-11-10 02:29:27.158 2309-2325/? D/Boost: hostingType=service, hostingName=com.xiaomi.mi_connect_service/.MiConnectService, callerPackage=com.xiaomi.mi_connect_service, isSystem=true, isBoostNeeded=false.
2020-11-10 02:29:27.160 2309-2325/? I/ActivityManager: Start proc 17099:com.xiaomi.mi_connect_service/1000 for service com.xiaomi.mi_connect_service/.MiConnectService caller=com.xiaomi.mi_connect_service
2020-11-10 02:29:27.273 2309-2323/? W/BroadcastQueueInjector: Unable to launch app ak.alizandro.smartaudiobookplayer/10239 for broadcast Intent { act=android.bluetooth.device.action.ACL_DISCONNECTED flg=0x5000010 (has extras) }: process is not permitted to  auto start
2020-11-10 02:29:27.273 2309-2323/? W/BroadcastQueueInjector: Unable to launch app com.spotify.music/10247 for broadcast Intent { act=android.bluetooth.device.action.ACL_DISCONNECTED flg=0x5000010 (has extras) }: process is not permitted to  auto start
2020-11-10 02:29:27.427 2309-2411/? D/NsdService: mdnssd [start-service]
2020-11-10 02:29:27.638 2309-2411/? D/NsdService: New client listening to asynchronous messages
2020-11-10 02:29:27.638 2309-2411/? D/NsdService: New client, channel: com.android.internal.util.AsyncChannel@92344cb messenger: android.os.Messenger@2fc54a8
2020-11-10 02:29:28.161 2309-2325/? D/Boost: hostingType=FastRestart, hostingName=null, callerPackage=system, isSystem=true, isBoostNeeded=false.
2020-11-10 02:29:28.164 2309-2325/? I/ActivityManager: Start proc 17132:com.android.camera/u0a35 for FastRestart caller=system
2020-11-10 02:29:31.084 17154-17154/? A/linker: CANNOT LINK EXECUTABLE "/system/bin/dpmd": "/system/lib64/libdpmframework.so" is 32-bit instead of 64-bit
2020-11-10 02:31:37.598 2309-2325/? D/Boost: hostingType=service, hostingName=com.miui.msa.global/com.miui.systemAdSolution.splashscreen.SplashScreenService, callerPackage=android, isSystem=true, isBoostNeeded=false.
2020-11-10 02:31:37.608 2309-2325/? I/ActivityManager: Start proc 17157:com.miui.msa.global/u0a103 for service com.miui.msa.global/com.miui.systemAdSolution.splashscreen.SplashScreenService caller=android
2020-11-10 02:31:37.623 17163-17163/? A/linker: CANNOT LINK EXECUTABLE "/system/bin/dpmd": "/system/lib64/libdpmframework.so" is 32-bit instead of 64-bit
2020-11-10 02:32:00.344 2309-2325/? D/Boost: hostingType=service, hostingName=com.miui.analytics/.AnalyticsService, callerPackage=com.miui.msa.global, isSystem=true, isBoostNeeded=false.
2020-11-10 02:32:00.357 2309-2325/? I/ActivityManager: Start proc 17228:com.miui.analytics/u0a120 for service com.miui.analytics/.AnalyticsService caller=com.miui.msa.global
2020-11-10 02:32:00.661 2309-2323/? W/BroadcastQueue: Background execution not allowed: receiving Intent { act=android.intent.action.DROPBOX_ENTRY_ADDED flg=0x11 (has extras) } to com.google.android.gms/.stats.service.DropBoxEntryAddedReceiver
2020-11-10 02:32:00.661 2309-2323/? W/BroadcastQueue: Background execution not allowed: receiving Intent { act=android.intent.action.DROPBOX_ENTRY_ADDED flg=0x11 (has extras) } to com.google.android.gms/.chimera.GmsIntentOperationService$PersistentTrustedReceiver
2020-11-10 02:32:12.428 2309-2323/? W/BroadcastQueue: Background execution not allowed: receiving Intent { act=android.intent.action.DROPBOX_ENTRY_ADDED flg=0x11 (has extras) } to com.google.android.gms/.stats.service.DropBoxEntryAddedReceiver
2020-11-10 02:32:12.429 2309-2323/? W/BroadcastQueue: Background execution not allowed: receiving Intent { act=android.intent.action.DROPBOX_ENTRY_ADDED flg=0x11 (has extras) } to com.google.android.gms/.chimera.GmsIntentOperationService$PersistentTrustedReceiver
2020-11-10 02:32:36.797 2309-2329/? E/UsbDeviceManager: handle message = 9
2020-11-10 02:33:00.834 17290-17290/? A/linker: CANNOT LINK EXECUTABLE "/system/bin/dpmd": "/system/lib64/libdpmframework.so" is 32-bit instead of 64-bit
2020-11-10 02:33:37.672 2309-2329/? E/UsbDeviceManager: handle message = 9
2020-11-10 02:36:05.875 17291-17291/? A/linker: CANNOT LINK EXECUTABLE "/system/bin/dpmd": "/system/lib64/libdpmframework.so" is 32-bit instead of 64-bit
2020-11-10 02:37:37.822 17293-17293/? A/linker: CANNOT LINK EXECUTABLE "/system/bin/dpmd": "/system/lib64/libdpmframework.so" is 32-bit instead of 64-bit
2020-11-10 02:33:39.092 2309-2329/? E/UsbDeviceManager: handle message = 9
2020-11-10 02:38:42.127 2309-2379/? W/ActivityManager: Unable to start service Intent { act=com.alibaba.aliexpresshd.intent.action.COCKROACH flg=0x4 (has extras) } U=0: not found
2020-11-10 02:38:42.209 2309-2325/? D/Boost: hostingType=service, hostingName=com.xiaomi.hm.health/.device.service.HMCoreService, callerPackage=com.xiaomi.hm.health, isSystem=false, isBoostNeeded=false.
2020-11-10 02:38:42.213 2309-2325/? I/ActivityManager: Start proc 17297:com.xiaomi.hm.health/u0a217 for service com.xiaomi.hm.health/.device.service.HMCoreService caller=com.xiaomi.hm.health
2020-11-10 02:38:42.267 2309-2325/? D/Boost: hostingType=service, hostingName=com.miui.weather2/.service.job.ScheduleCheckService, callerPackage=android, isSystem=true, isBoostNeeded=false.
2020-11-10 02:38:42.272 2309-2325/? I/ActivityManager: Start proc 17309:com.miui.weather2/u0a26 for service com.miui.weather2/.service.job.ScheduleCheckService caller=android
2020-11-10 02:38:42.305 17157-17208/? I/Ad: isPersonalizedAdEnabled getAdSettings: 2
2020-11-10 02:39:11.708 17338-17338/? A/linker: CANNOT LINK EXECUTABLE "/system/bin/dpmd": "/system/lib64/libdpmframework.so" is 32-bit instead of 64-bit
2020-11-10 02:39:11.838 2309-2325/? D/Boost: hostingType=content provider, hostingName=com.facebook.katana/com.facebook.platform.common.provider.PlatformProviderBase, callerPackage=com.xiaomi.hm.health, isSystem=false, isBoostNeeded=false.
2020-11-10 02:39:11.841 2309-2325/? I/ActivityManager: Start proc 17361:com.facebook.katana/u0a159 for content provider com.facebook.katana/com.facebook.platform.common.provider.PlatformProviderBase caller=com.xiaomi.hm.health
2020-11-10 02:39:12.025 2309-2325/? D/Boost: hostingType=content provider, hostingName=com.google.android.gsf/.gservices.GservicesProvider, callerPackage=com.xiaomi.hm.health, isSystem=false, isBoostNeeded=false.
2020-11-10 02:39:12.028 2309-2325/? I/ActivityManager: Start proc 17391:com.google.process.gservices/u0a30 for content provider com.google.android.gsf/.gservices.GservicesProvider caller=com.xiaomi.hm.health
2020-11-10 02:39:12.983 2309-2323/? W/BroadcastQueue: Background execution not allowed: receiving Intent { act=android.intent.action.DROPBOX_ENTRY_ADDED flg=0x11 (has extras) } to com.google.android.gms/.stats.service.DropBoxEntryAddedReceiver
2020-11-10 02:39:12.983 2309-2323/? W/BroadcastQueue: Background execution not allowed: receiving Intent { act=android.intent.action.DROPBOX_ENTRY_ADDED flg=0x11 (has extras) } to com.google.android.gms/.chimera.GmsIntentOperationService$PersistentTrustedReceiver
2020-11-10 02:39:14.188 2309-2323/? W/BroadcastQueueInjector: Unable to launch app ak.alizandro.smartaudiobookplayer/10239 for broadcast Intent { act=android.bluetooth.device.action.ACL_CONNECTED flg=0x5000010 (has extras) }: process is not permitted to  auto start
2020-11-10 02:39:14.189 2309-2323/? W/BroadcastQueueInjector: Unable to launch app com.spotify.music/10247 for broadcast Intent { act=android.bluetooth.device.action.ACL_CONNECTED flg=0x5000010 (has extras) }: process is not permitted to  auto start
2020-11-10 02:39:15.914 2309-2323/? W/BroadcastQueue: Permission Denial: broadcasting Intent { act=android.net.conn.CONNECTIVITY_CHANGE flg=0x4200010 (has extras) } from null (pid=-1, uid=-1) requires com.facebook.permission.prod.FB_APP_COMMUNICATION due to registered receiver BroadcastFilter{88a5ab4 u0 ReceiverList{64ab87 17361 com.facebook.katana/10159/u0 remote:4333fc6}}
2020-11-10 02:39:15.915 2309-2323/? W/BroadcastQueue: Permission Denial: broadcasting Intent { act=android.net.conn.INET_CONDITION_ACTION flg=0x4000010 (has extras) } from null (pid=-1, uid=-1) requires com.facebook.permission.prod.FB_APP_COMMUNICATION due to registered receiver BroadcastFilter{88a5ab4 u0 ReceiverList{64ab87 17361 com.facebook.katana/10159/u0 remote:4333fc6}}
2020-11-10 02:39:15.958 2309-2323/? W/BroadcastQueue: Permission Denial: broadcasting Intent { act=android.net.conn.CONNECTIVITY_CHANGE flg=0x4200010 (has extras) } from null (pid=-1, uid=-1) requires com.facebook.permission.prod.FB_APP_COMMUNICATION due to registered receiver BroadcastFilter{2cc6e20 u0 ReceiverList{5567923 17361 com.facebook.katana/10159/u0 remote:d139252}}
2020-11-10 02:39:16.667 2309-2325/? D/Boost: hostingType=service, hostingName=com.facebook.services/com.facebook.oxygen.services.fbns.PreloadedFbnsService, callerPackage=com.facebook.katana, isSystem=false, isBoostNeeded=false.
2020-11-10 02:39:16.669 2309-2325/? I/ActivityManager: Start proc 17574:com.facebook.services/u0a16 for service com.facebook.services/com.facebook.oxygen.services.fbns.PreloadedFbnsService caller=com.facebook.katana
2020-11-10 02:39:16.693 17584-17584/? A/linker: CANNOT LINK EXECUTABLE "/system/bin/dpmd": "/system/lib64/libdpmframework.so" is 32-bit instead of 64-bit
2020-11-10 02:39:17.331 2309-2323/? W/BroadcastQueue: Background execution not allowed: receiving Intent { act=android.intent.action.DROPBOX_ENTRY_ADDED flg=0x11 (has extras) } to com.google.android.gms/.stats.service.DropBoxEntryAddedReceiver
2020-11-10 02:39:17.332 2309-2323/? W/BroadcastQueue: Background execution not allowed: receiving Intent { act=android.intent.action.DROPBOX_ENTRY_ADDED flg=0x11 (has extras) } to com.google.android.gms/.chimera.GmsIntentOperationService$PersistentTrustedReceiver
2020-11-10 02:39:17.418 2309-2323/? W/BroadcastQueueInjector: Unable to launch app com.instagram.android/10187 for broadcast Intent { act=com.facebook.rti.intent.ACTION_FBNS_STARTED flg=0x10 pkg=com.instagram.android (has extras) }: process is not permitted to  auto start
2020-11-10 02:39:21.713 17657-17657/? A/linker: CANNOT LINK EXECUTABLE "/system/bin/dpmd": "/system/lib64/libdpmframework.so" is 32-bit instead of 64-bit
2020-11-10 02:39:21.923 2309-2325/? D/Boost: hostingType=service, hostingName=com.android.settings/.dangerousoptions.DangerousOptionsWarningService, callerPackage=com.android.settings, isSystem=true, isBoostNeeded=false.
2020-11-10 02:39:21.927 2309-2325/? I/ActivityManager: Start proc 17658:com.android.settings:remote/1000 for service com.android.settings/.dangerousoptions.DangerousOptionsWarningService caller=com.android.settings
2020-11-10 02:40:22.430 17683-17683/? A/linker: CANNOT LINK EXECUTABLE "/system/bin/dpmd": "/system/lib64/libdpmframework.so" is 32-bit instead of 64-bit
2020-11-10 02:42:36.784 2309-2329/? E/UsbDeviceManager: handle message = 9
2020-11-10 02:42:36.866 17685-17685/? A/linker: CANNOT LINK EXECUTABLE "/system/bin/dpmd": "/system/lib64/libdpmframework.so" is 32-bit instead of 64-bit
2020-11-10 02:42:36.879 2309-2325/? D/Boost: hostingType=service, hostingName=com.qualcomm.qti.smcinvokepkgmgr/.SmcInvokeService, callerPackage=com.qualcomm.qti.smcinvokepkgmgr, isSystem=true, isBoostNeeded=false.
2020-11-10 02:42:36.889 2309-2325/? I/ActivityManager: Start proc 17686:com.qualcomm.qti.smcinvokepkgmgr/1000 for service com.qualcomm.qti.smcinvokepkgmgr/.SmcInvokeService caller=com.qualcomm.qti.smcinvokepkgmgr
2020-11-10 02:44:42.598 2309-2325/? D/Boost: hostingType=broadcast, hostingName=com.whatsapp/.AlarmBroadcastReceiver, callerPackage=com.whatsapp, isSystem=false, isBoostNeeded=false.
2020-11-10 02:44:42.603 2309-2325/? I/ActivityManager: Start proc 17705:com.whatsapp/u0a181 for broadcast com.whatsapp/.AlarmBroadcastReceiver caller=com.whatsapp
2020-11-10 02:44:42.781 17730-17730/? A/linker: CANNOT LINK EXECUTABLE "/system/bin/dpmd": "/system/lib64/libdpmframework.so" is 32-bit instead of 64-bit
2020-11-10 02:44:44.346 2309-2323/? W/BroadcastQueue: Background execution not allowed: receiving Intent { act=android.intent.action.DROPBOX_ENTRY_ADDED flg=0x11 (has extras) } to com.google.android.gms/.stats.service.DropBoxEntryAddedReceiver
2020-11-10 02:44:44.346 2309-2323/? W/BroadcastQueue: Background execution not allowed: receiving Intent { act=android.intent.action.DROPBOX_ENTRY_ADDED flg=0x11 (has extras) } to com.google.android.gms/.chimera.GmsIntentOperationService$PersistentTrustedReceiver
2020-11-10 02:44:45.552 2309-2309/? W/Looper: Slow dispatch took 959ms main h=android.app.ActivityThread$H c=android.app.-$$Lambda$LoadedApk$ReceiverDispatcher$Args$_BumDX2UKsnxLVrE6UJsJZkotuA@2b19c12 m=0
2020-11-10 02:44:45.553 2309-2309/? W/Looper: Slow delivery took 971ms main h=android.app.ActivityThread$H c=android.app.-$$Lambda$LoadedApk$ReceiverDispatcher$Args$_BumDX2UKsnxLVrE6UJsJZkotuA@b191fe3 m=0
2020-11-10 02:44:46.332 2309-2309/? W/Looper: Slow dispatch took 772ms main h=android.app.ActivityThread$H c=android.app.-$$Lambda$LoadedApk$ReceiverDispatcher$Args$_BumDX2UKsnxLVrE6UJsJZkotuA@8e4a0cc m=0
2020-11-10 02:44:46.350 2309-2309/? I/Telecom: DefaultDialerCache: Refreshing default dialer for user 0: now com.android.contacts: DDC.oR@HDQ
2020-11-10 02:44:46.356 2309-2426/? I/AutoStartManagerService: MIUILOG- Reject service :Intent { cmp=org.telegram.messenger/.KeepAliveJob } userId : 0 uid : 10237
2020-11-10 02:44:46.357 2309-2426/? I/JobServiceContext: MIUILOG- Reject Start Job, cancelJob uid : 10237 jobId :1000
2020-11-10 02:44:46.357 2309-2426/? D/JobScheduler: Error executing JobStatus{cdbdc20 #u0a237/1000 org.telegram.messenger/.KeepAliveJob u=0 s=10237 TIME=-1h52m38s647ms:none NET failures=1 READY}
2020-11-10 02:44:46.483 2309-2322/? W/LocationProviderProxy-network: Odd, no component found for service com.android.location.service.v3.NetworkLocationProvider
2020-11-10 02:44:47.139 1093-1288/? E/storaged: getDiskStats failed with result NOT_SUPPORTED and size 0
2020-11-10 02:44:47.604 2309-2325/? D/Boost: hostingType=service, hostingName=com.google.android.ext.services/android.ext.services.notification.Assistant, callerPackage=android, isSystem=true, isBoostNeeded=false.
2020-11-10 02:44:47.607 2309-2325/? I/ActivityManager: Start proc 17850:com.google.android.ext.services/u0a32 for service com.google.android.ext.services/android.ext.services.notification.Assistant caller=android
2020-11-10 02:44:47.665 2309-2309/? W/Looper: Drained
2020-11-10 02:44:48.099 1094-1094/? W/wificond: Scan aborted
2020-11-10 02:44:48.120 17870-17870/? A/linker: CANNOT LINK EXECUTABLE "/system/bin/dpmd": "/system/lib64/libdpmframework.so" is 32-bit instead of 64-bit
2020-11-10 02:45:22.832 17873-17873/? A/linker: CANNOT LINK EXECUTABLE "/system/bin/dpmd": "/system/lib64/libdpmframework.so" is 32-bit instead of 64-bit
2020-11-10 02:46:36.824 17875-17875/? A/linker: CANNOT LINK EXECUTABLE "/system/bin/dpmd": "/system/lib64/libdpmframework.so" is 32-bit instead of 64-bit
2020-11-10 02:47:17.407 17876-17876/? A/linker: CANNOT LINK EXECUTABLE "/system/bin/dpmd": "/system/lib64/libdpmframework.so" is 32-bit instead of 64-bit
2020-11-10 02:48:43.632 17878-17878/? A/linker: CANNOT LINK EXECUTABLE "/system/bin/dpmd": "/system/lib64/libdpmframework.so" is 32-bit instead of 64-bit
2020-11-10 02:50:16.357 17879-17879/? A/linker: CANNOT LINK EXECUTABLE "/system/bin/dpmd": "/system/lib64/libdpmframework.so" is 32-bit instead of 64-bit
2020-11-10 02:51:33.266 17883-17883/? A/linker: CANNOT LINK EXECUTABLE "/system/bin/dpmd": "/system/lib64/libdpmframework.so" is 32-bit instead of 64-bit
2020-11-10 02:52:36.780 2309-2329/? E/UsbDeviceManager: handle message = 9
2020-11-10 02:53:21.844 17886-17886/? A/linker: CANNOT LINK EXECUTABLE "/system/bin/dpmd": "/system/lib64/libdpmframework.so" is 32-bit instead of 64-bit
2020-11-10 02:54:30.322 2309-2325/? D/Boost: hostingType=service, hostingName=com.android.smspush/.WapPushManager, callerPackage=com.android.phone, isSystem=true, isBoostNeeded=false.
2020-11-10 02:54:30.325 2309-2325/? I/ActivityManager: Start proc 17888:com.android.smspush/u0a78 for service com.android.smspush/.WapPushManager caller=com.android.phone
2020-11-10 02:54:44.052 17905-17905/? A/linker: CANNOT LINK EXECUTABLE "/system/bin/dpmd": "/system/lib64/libdpmframework.so" is 32-bit instead of 64-bit
2020-11-10 02:55:59.662 17908-17908/? A/linker: CANNOT LINK EXECUTABLE "/system/bin/dpmd": "/system/lib64/libdpmframework.so" is 32-bit instead of 64-bit
2020-11-10 02:57:38.498 17911-17911/? A/linker: CANNOT LINK EXECUTABLE "/system/bin/dpmd": "/system/lib64/libdpmframework.so" is 32-bit instead of 64-bit
2020-11-10 02:59:48.368 17919-17919/? A/linker: CANNOT LINK EXECUTABLE "/system/bin/dpmd": "/system/lib64/libdpmframework.so" is 32-bit instead of 64-bit
2020-11-10 02:59:51.173 2309-2325/? D/Boost: hostingType=service, hostingName=com.google.android.youtube/androidx.work.impl.background.systemjob.SystemJobService, callerPackage=android, isSystem=true, isBoostNeeded=false.
2020-11-10 02:59:51.179 2309-2325/? I/ActivityManager: Start proc 17922:com.google.android.youtube/u0a125 for service com.google.android.youtube/androidx.work.impl.background.systemjob.SystemJobService caller=android
2020-11-10 02:59:51.581 1093-1288/? E/storaged: getDiskStats failed with result NOT_SUPPORTED and size 0
2020-11-10 02:59:52.012 2309-2325/? D/Boost: hostingType=service, hostingName=com.google.android.inputmethod.latin/com.android.inputmethod.latin.spellcheck.AndroidSpellCheckerService, callerPackage=android, isSystem=true, isBoostNeeded=false.
2020-11-10 02:59:52.015 2309-2325/? I/ActivityManager: Start proc 17951:com.google.android.inputmethod.latin/u0a137 for service com.google.android.inputmethod.latin/com.android.inputmethod.latin.spellcheck.AndroidSpellCheckerService caller=android
2020-11-10 02:59:53.394 18090-18090/? A/linker: CANNOT LINK EXECUTABLE "/system/bin/dpmd": "/system/lib64/libdpmframework.so" is 32-bit instead of 64-bit
2020-11-10 02:59:53.969 2309-2325/? D/Boost: hostingType=service, hostingName=com.google.android.gms/.chimera.UiIntentOperationService, callerPackage=com.google.android.gms, isSystem=true, isBoostNeeded=false.
2020-11-10 02:59:53.982 2309-2325/? I/ActivityManager: Start proc 18130:com.google.android.gms.ui/u0a30 for service com.google.android.gms/.chimera.UiIntentOperationService caller=com.google.android.gms
2020-11-10 03:00:59.856 18171-18171/? A/linker: CANNOT LINK EXECUTABLE "/system/bin/dpmd": "/system/lib64/libdpmframework.so" is 32-bit instead of 64-bit
2020-11-10 03:01:16.620 2309-2323/? W/BroadcastQueue: Background execution not allowed: receiving Intent { act=android.net.wifi.STATE_CHANGE flg=0x4000010 (has extras) } to com.duokan.phone.remotecontroller.peel.plugin/com.peel.receiver.LocalNotificationReceiver
2020-11-10 03:01:16.685 2309-2325/? D/Boost: hostingType=broadcast, hostingName=com.android.settings/.MiuiSettingsReceiver, callerPackage=android, isSystem=true, isBoostNeeded=false.
2020-11-10 03:01:16.688 2309-2325/? I/ActivityManager: Start proc 18175:com.android.settings/1000 for broadcast com.android.settings/.MiuiSettingsReceiver caller=android
2020-11-10 03:02:05.827 18205-18205/? A/linker: CANNOT LINK EXECUTABLE "/system/bin/dpmd": "/system/lib64/libdpmframework.so" is 32-bit instead of 64-bit
2020-11-10 03:02:36.452 2309-2329/? E/UsbDeviceManager: handle message = 9
2020-11-10 03:03:37.886 18206-18206/? A/linker: CANNOT LINK EXECUTABLE "/system/bin/dpmd": "/system/lib64/libdpmframework.so" is 32-bit instead of 64-bit
2020-11-10 03:05:32.313 18208-18208/? A/linker: CANNOT LINK EXECUTABLE "/system/bin/dpmd": "/system/lib64/libdpmframework.so" is 32-bit instead of 64-bit
2020-11-10 03:06:19.089 2309-2323/? I/ActivityManager: Waited long enough for: ServiceRecord{7316b77 u0 com.android.settings/.wifi.MiuiWifiService}
2020-11-10 03:07:35.873 18209-18209/? A/linker: CANNOT LINK EXECUTABLE "/system/bin/dpmd": "/system/lib64/libdpmframework.so" is 32-bit instead of 64-bit
2020-11-10 03:09:02.127 18213-18213/? A/linker: CANNOT LINK EXECUTABLE "/system/bin/dpmd": "/system/lib64/libdpmframework.so" is 32-bit instead of 64-bit
2020-11-10 03:09:07.134 18218-18218/? A/linker: CANNOT LINK EXECUTABLE "/system/bin/dpmd": "/system/lib64/libdpmframework.so" is 32-bit instead of 64-bit
2020-11-10 03:10:14.096 18222-18222/? A/linker: CANNOT LINK EXECUTABLE "/system/bin/dpmd": "/system/lib64/libdpmframework.so" is 32-bit instead of 64-bit
2020-11-10 03:10:19.108 18225-18225/? A/linker: CANNOT LINK EXECUTABLE "/system/bin/dpmd": "/system/lib64/libdpmframework.so" is 32-bit instead of 64-bit
2020-11-10 03:10:24.126 18230-18230/? A/linker: CANNOT LINK EXECUTABLE "/system/bin/dpmd": "/system/lib64/libdpmframework.so" is 32-bit instead of 64-bit
2020-11-10 03:10:24.177 2309-2309/? D/AnyMotionDetector: angleBetween: this = timeMillisSinceBoot=1174166764 | x=-0.016327046, y=-0.020809121, z=0.9996501, other = timeMillisSinceBoot=1174174284 | x=-0.016327698, y=-0.020994674, z=0.99964625, degrees = 0.010633741
2020-11-10 03:10:29.140 18231-18231/? A/linker: CANNOT LINK EXECUTABLE "/system/bin/dpmd": "/system/lib64/libdpmframework.so" is 32-bit instead of 64-bit
2020-11-10 03:10:40.901 1093-1288/? E/storaged: getDiskStats failed with result NOT_SUPPORTED and size 0
2020-11-10 03:10:51.903 18235-18235/? A/linker: CANNOT LINK EXECUTABLE "/system/bin/dpmd": "/system/lib64/libdpmframework.so" is 32-bit instead of 64-bit
