2020-11-10 03:10:51.967 2309-2323/? W/ProcessCpuTracker: Skipping unknown process pid 18235
2020-11-10 03:10:54.562 2309-2417/? D/LocationPolicy: DeviceIdleMode changed to true
2020-11-10 03:12:36.772 2309-2329/? E/UsbDeviceManager: handle message = 9
2020-11-10 03:12:56.903 18238-18238/? A/linker: CANNOT LINK EXECUTABLE "/system/bin/dpmd": "/system/lib64/libdpmframework.so" is 32-bit instead of 64-bit
2020-11-10 03:15:27.843 18240-18240/? A/linker: CANNOT LINK EXECUTABLE "/system/bin/dpmd": "/system/lib64/libdpmframework.so" is 32-bit instead of 64-bit
2020-11-10 03:19:35.855 18243-18243/? A/linker: CANNOT LINK EXECUTABLE "/system/bin/dpmd": "/system/lib64/libdpmframework.so" is 32-bit instead of 64-bit
2020-11-10 03:21:19.351 18248-18248/? A/linker: CANNOT LINK EXECUTABLE "/system/bin/dpmd": "/system/lib64/libdpmframework.so" is 32-bit instead of 64-bit
2020-11-10 03:22:36.769 2309-2329/? E/UsbDeviceManager: handle message = 9
2020-11-10 03:24:14.917 18249-18249/? A/linker: CANNOT LINK EXECUTABLE "/system/bin/dpmd": "/system/lib64/libdpmframework.so" is 32-bit instead of 64-bit
2020-11-10 03:27:51.109 18251-18251/? A/linker: CANNOT LINK EXECUTABLE "/system/bin/dpmd": "/system/lib64/libdpmframework.so" is 32-bit instead of 64-bit
2020-11-10 03:28:21.916 18252-18252/? A/linker: CANNOT LINK EXECUTABLE "/system/bin/dpmd": "/system/lib64/libdpmframework.so" is 32-bit instead of 64-bit
2020-11-10 03:31:37.591 18253-18253/? A/linker: CANNOT LINK EXECUTABLE "/system/bin/dpmd": "/system/lib64/libdpmframework.so" is 32-bit instead of 64-bit
2020-11-10 03:32:36.782 2309-2329/? E/UsbDeviceManager: handle message = 9
2020-11-10 03:34:53.898 18256-18256/? A/linker: CANNOT LINK EXECUTABLE "/system/bin/dpmd": "/system/lib64/libdpmframework.so" is 32-bit instead of 64-bit
2020-11-10 03:36:56.854 18257-18257/? A/linker: CANNOT LINK EXECUTABLE "/system/bin/dpmd": "/system/lib64/libdpmframework.so" is 32-bit instead of 64-bit
2020-11-10 03:39:01.420 18260-18260/? A/linker: CANNOT LINK EXECUTABLE "/system/bin/dpmd": "/system/lib64/libdpmframework.so" is 32-bit instead of 64-bit
2020-11-10 03:39:06.424 18265-18265/? A/linker: CANNOT LINK EXECUTABLE "/system/bin/dpmd": "/system/lib64/libdpmframework.so" is 32-bit instead of 64-bit
2020-11-10 03:39:06.434 1093-1288/? E/storaged: getDiskStats failed with result NOT_SUPPORTED and size 0
2020-11-10 03:39:31.094 18268-18268/? A/linker: CANNOT LINK EXECUTABLE "/system/bin/dpmd": "/system/lib64/libdpmframework.so" is 32-bit instead of 64-bit
2020-11-10 03:42:06.056 18269-18269/? A/linker: CANNOT LINK EXECUTABLE "/system/bin/dpmd": "/system/lib64/libdpmframework.so" is 32-bit instead of 64-bit
2020-11-10 03:42:36.772 2309-2329/? E/UsbDeviceManager: handle message = 9
2020-11-10 03:45:16.978 18271-18271/? A/linker: CANNOT LINK EXECUTABLE "/system/bin/dpmd": "/system/lib64/libdpmframework.so" is 32-bit instead of 64-bit
2020-11-10 03:46:18.942 18273-18273/? A/linker: CANNOT LINK EXECUTABLE "/system/bin/dpmd": "/system/lib64/libdpmframework.so" is 32-bit instead of 64-bit
2020-11-10 03:46:37.997 17157-18276/? I/Ad: isPersonalizedAdEnabled getAdSettings: 2
2020-11-10 03:47:13.932 18285-18285/? A/linker: CANNOT LINK EXECUTABLE "/system/bin/dpmd": "/system/lib64/libdpmframework.so" is 32-bit instead of 64-bit
2020-11-10 03:48:54.294 18288-18288/? A/linker: CANNOT LINK EXECUTABLE "/system/bin/dpmd": "/system/lib64/libdpmframework.so" is 32-bit instead of 64-bit
2020-11-10 03:50:39.845 18289-18289/? A/linker: CANNOT LINK EXECUTABLE "/system/bin/dpmd": "/system/lib64/libdpmframework.so" is 32-bit instead of 64-bit
2020-11-10 03:51:37.785 18291-18291/? A/linker: CANNOT LINK EXECUTABLE "/system/bin/dpmd": "/system/lib64/libdpmframework.so" is 32-bit instead of 64-bit
2020-11-10 03:52:36.808 2309-2329/? E/UsbDeviceManager: handle message = 9
2020-11-10 03:54:16.841 18293-18293/? A/linker: CANNOT LINK EXECUTABLE "/system/bin/dpmd": "/system/lib64/libdpmframework.so" is 32-bit instead of 64-bit
2020-11-10 03:56:59.437 18295-18295/? A/linker: CANNOT LINK EXECUTABLE "/system/bin/dpmd": "/system/lib64/libdpmframework.so" is 32-bit instead of 64-bit
2020-11-10 03:58:23.939 18296-18296/? A/linker: CANNOT LINK EXECUTABLE "/system/bin/dpmd": "/system/lib64/libdpmframework.so" is 32-bit instead of 64-bit
2020-11-10 03:59:46.988 1093-1288/? E/storaged: getDiskStats failed with result NOT_SUPPORTED and size 0
2020-11-10 03:59:52.479 2309-2379/? W/ActivityManager: Unable to start service Intent { act=com.alibaba.aliexpresshd.intent.action.COCKROACH flg=0x4 (has extras) } U=0: not found
2020-11-10 03:59:52.588 2309-2417/? D/LocationPolicy: DeviceIdleMode changed to false
2020-11-10 03:59:52.617 2309-2325/? D/Boost: hostingType=broadcast, hostingName=com.instagram.android/com.instagram.analytics.uploadscheduler.AnalyticsUploadAlarmReceiver, callerPackage=com.instagram.android, isSystem=false, isBoostNeeded=false.
2020-11-10 03:59:52.623 2309-2325/? I/ActivityManager: Start proc 18297:com.instagram.android/u0a187 for broadcast com.instagram.android/com.instagram.analytics.uploadscheduler.AnalyticsUploadAlarmReceiver caller=com.instagram.android
2020-11-10 03:59:52.706 2309-2325/? D/Boost: hostingType=service, hostingName=com.miui.hybrid/.job.JobService, callerPackage=android, isSystem=true, isBoostNeeded=false.
2020-11-10 03:59:52.708 2309-2325/? I/ActivityManager: Start proc 18319:com.miui.hybrid/u0a114 for service com.miui.hybrid/.job.JobService caller=android
2020-11-10 03:59:53.045 2309-2323/? W/BroadcastQueue: Background execution not allowed: receiving Intent { act=android.intent.action.DROPBOX_ENTRY_ADDED flg=0x11 (has extras) } to com.google.android.gms/.stats.service.DropBoxEntryAddedReceiver
2020-11-10 03:59:53.045 2309-2323/? W/BroadcastQueue: Background execution not allowed: receiving Intent { act=android.intent.action.DROPBOX_ENTRY_ADDED flg=0x11 (has extras) } to com.google.android.gms/.chimera.GmsIntentOperationService$PersistentTrustedReceiver
2020-11-10 03:59:54.202 18428-18428/? A/linker: CANNOT LINK EXECUTABLE "/system/bin/dpmd": "/system/lib64/libdpmframework.so" is 32-bit instead of 64-bit
2020-11-10 03:59:54.935 2309-2325/? D/Boost: hostingType=service, hostingName=com.instagram.android/com.facebook.video.heroplayer.service.HeroService, callerPackage=com.instagram.android, isSystem=false, isBoostNeeded=false.
2020-11-10 03:59:54.937 2309-2325/? I/ActivityManager: Start proc 18493:com.instagram.android:videoplayer/u0a187 for service com.instagram.android/com.facebook.video.heroplayer.service.HeroService caller=com.instagram.android
2020-11-10 03:59:54.940 2309-2712/? W/BroadcastQueue: Background execution not allowed: receiving Intent { act=android.intent.action.DROPBOX_ENTRY_ADDED flg=0x11 (has extras) } to com.google.android.gms/.stats.service.DropBoxEntryAddedReceiver
2020-11-10 03:59:54.941 2309-2323/? W/BroadcastQueue: Background execution not allowed: receiving Intent { act=android.intent.action.DROPBOX_ENTRY_ADDED flg=0x11 (has extras) } to com.google.android.gms/.chimera.GmsIntentOperationService$PersistentTrustedReceiver
2020-11-10 03:59:55.664 2309-2309/? I/ActivityManager: Idle maintenance over +43m31s686ms low RAM for 0
2020-11-10 03:59:55.664 2309-2387/? I/WatchlistLoggingHandler: Start aggregating watchlist records.
2020-11-10 03:59:55.680 2309-2325/? D/Boost: hostingType=service, hostingName=com.android.vending/com.google.android.finsky.instantapps.InstantAppHygieneService, callerPackage=android, isSystem=true, isBoostNeeded=false.
2020-11-10 03:59:55.684 2309-2325/? I/ActivityManager: Start proc 18524:com.android.vending:instant_app_installer/u0a60 for service com.android.vending/com.google.android.finsky.instantapps.InstantAppHygieneService caller=android
2020-11-10 03:59:55.684 641-18523/? D/vold: idle maintenance started
2020-11-10 03:59:55.691 641-18523/? E/vold: [libfs_mgr]Warning: unknown flag crashcheck
2020-11-10 03:59:55.692 641-18523/? D/vold: current trim thread id is 500336440560
2020-11-10 03:59:55.692 641-18523/? E/vold: [libfs_mgr]Warning: unknown flag crashcheck
2020-11-10 03:59:55.693 641-18523/? D/vold: Starting trim of /data
2020-11-10 03:59:55.743 2309-2325/? D/Boost: hostingType=service, hostingName=com.miui.cleanmaster/com.miui.optimizecenter.timed.TimedScanJobService, callerPackage=android, isSystem=true, isBoostNeeded=false.
2020-11-10 03:59:55.745 2309-2325/? I/ActivityManager: Start proc 18536:com.miui.cleanmaster/1000 for service com.miui.cleanmaster/com.miui.optimizecenter.timed.TimedScanJobService caller=android
2020-11-10 03:59:55.799 2309-2325/? D/Boost: hostingType=service, hostingName=com.google.android.apps.turbo/com.google.android.libraries.smartbattery.appusage.library.InferAppBucketsJob, callerPackage=android, isSystem=true, isBoostNeeded=false.
2020-11-10 03:59:55.802 2309-2325/? I/ActivityManager: Start proc 18551:com.google.android.apps.turbo:aab/u0a31 for service com.google.android.apps.turbo/com.google.android.libraries.smartbattery.appusage.library.InferAppBucketsJob caller=android
2020-11-10 03:59:55.939 2309-2323/? W/BroadcastQueue: Background execution not allowed: receiving Intent { act=android.intent.action.DROPBOX_ENTRY_ADDED flg=0x11 (has extras) } to com.google.android.gms/.stats.service.DropBoxEntryAddedReceiver
2020-11-10 03:59:55.939 2309-2323/? W/BroadcastQueue: Background execution not allowed: receiving Intent { act=android.intent.action.DROPBOX_ENTRY_ADDED flg=0x11 (has extras) } to com.google.android.gms/.chimera.GmsIntentOperationService$PersistentTrustedReceiver
2020-11-10 03:59:55.940 2309-2387/? I/WatchlistLoggingHandler: Milliseconds spent on tryAggregateRecords(): 276
2020-11-10 03:59:56.922 2309-2325/? D/Boost: hostingType=service, hostingName=com.miui.cleanmaster/com.xiaomi.CleanService, callerPackage=com.miui.cleanmaster, isSystem=true, isBoostNeeded=false.
2020-11-10 03:59:56.924 2309-2325/? I/ActivityManager: Start proc 18647:com.miui.cleanmaster:micleansdk/1000 for service com.miui.cleanmaster/com.xiaomi.CleanService caller=com.miui.cleanmaster
2020-11-10 03:59:56.975 2309-2325/? D/Boost: hostingType=content provider, hostingName=com.android.providers.media/.MediaProvider, callerPackage=com.miui.cleanmaster, isSystem=true, isBoostNeeded=false.
2020-11-10 03:59:56.978 2309-2325/? I/ActivityManager: Start proc 18662:android.process.media/u0a15 for content provider com.android.providers.media/.MediaProvider caller=com.miui.cleanmaster
2020-11-10 03:59:59.235 18721-18721/? A/linker: CANNOT LINK EXECUTABLE "/system/bin/dpmd": "/system/lib64/libdpmframework.so" is 32-bit instead of 64-bit
2020-11-10 04:00:01.433 18536-18646/? W/PackageParser: Ignoring duplicate uses-permissions/uses-permissions-sdk-m: android.permission.CAMERA in package: com.google.android.GoogleCamera at: Binary XML file line #26
2020-11-10 04:00:02.177 18536-18646/? W/PackageParser: Ignoring duplicate uses-permissions/uses-permissions-sdk-m: com.android.vending.CHECK_LICENSE in package: com.dictlab.dict.ruru at: Binary XML file line #29
2020-11-10 04:00:03.004 2309-2309/? W/ProcessKillerIdler: ProcessKillerIdler onStartJob
2020-11-10 04:00:04.243 18753-18753/? A/linker: CANNOT LINK EXECUTABLE "/system/bin/dpmd": "/system/lib64/libdpmframework.so" is 32-bit instead of 64-bit
2020-11-10 04:00:09.260 18754-18754/? A/linker: CANNOT LINK EXECUTABLE "/system/bin/dpmd": "/system/lib64/libdpmframework.so" is 32-bit instead of 64-bit
2020-11-10 04:00:10.618 641-18523/? I/vold: Trimmed 1370767360 bytes on /data in 14910ms
2020-11-10 04:00:10.619 641-18523/? D/vold: Starting trim of /cache
2020-11-10 04:00:10.622 641-18523/? I/vold: Trimmed 0 bytes on /cache in 1ms
2020-11-10 04:00:10.622 641-18523/? D/vold: Starting trim of /mnt/vendor/persist
2020-11-10 04:00:10.622 641-18523/? W/vold: Failed to open /mnt/vendor/persist: Permission denied
2020-11-10 04:00:10.623 641-18523/? E/vold: [libfs_mgr]Warning: unknown flag crashcheck
2020-11-10 04:00:10.626 2309-2322/? I/MountServiceIdler: Got mount service completion callback
2020-11-10 04:00:10.628 2309-2322/? I/MountServiceIdlerInjector: sNextTrimDuration :  7200000
2020-11-10 04:00:10.629 641-18523/? D/vold: idle maintenance completed
2020-11-10 04:00:14.307 18756-18756/? A/linker: CANNOT LINK EXECUTABLE "/system/bin/dpmd": "/system/lib64/libdpmframework.so" is 32-bit instead of 64-bit
2020-11-10 04:00:19.299 18761-18761/? A/linker: CANNOT LINK EXECUTABLE "/system/bin/dpmd": "/system/lib64/libdpmframework.so" is 32-bit instead of 64-bit
2020-11-10 04:00:22.938 2309-2417/? D/LocationPolicy: DeviceIdleMode changed to true
2020-11-10 04:00:50.353 2309-2843/? I/ActivityManager: Killing 17132:com.android.camera/u0a35 (adj 906): empty #17
2020-11-10 04:00:50.675 18765-18765/? A/linker: CANNOT LINK EXECUTABLE "/system/bin/dpmd": "/system/lib64/libdpmframework.so" is 32-bit instead of 64-bit
2020-11-10 04:01:07.059 2309-2325/? D/Boost: hostingType=FastRestart, hostingName=null, callerPackage=system, isSystem=true, isBoostNeeded=false.
2020-11-10 04:01:07.063 2309-2325/? I/ActivityManager: Start proc 18768:com.android.camera/u0a35 for FastRestart caller=system
2020-11-10 04:01:07.263 2309-10055/? I/ActivityManager: Killing 17361:com.facebook.katana/u0a159 (adj 906): empty #17
2020-11-10 04:01:16.952 2309-2324/? W/Looper: Slow dispatch took 502ms android.ui h=com.android.server.am.ActivityManagerService$UiHandler c=null m=53
2020-11-10 04:01:16.984 18782-18782/? A/linker: CANNOT LINK EXECUTABLE "/system/bin/dpmd": "/system/lib64/libdpmframework.so" is 32-bit instead of 64-bit
2020-11-10 04:01:17.065 2309-2323/? W/BroadcastQueue: Background execution not allowed: receiving Intent { act=android.net.wifi.STATE_CHANGE flg=0x4000010 (has extras) } to com.duokan.phone.remotecontroller.peel.plugin/com.peel.receiver.LocalNotificationReceiver
2020-11-10 04:02:36.765 2309-2329/? E/UsbDeviceManager: handle message = 9
2020-11-10 04:03:28.869 18794-18794/? A/linker: CANNOT LINK EXECUTABLE "/system/bin/dpmd": "/system/lib64/libdpmframework.so" is 32-bit instead of 64-bit
2020-11-10 04:05:01.846 18797-18797/? A/linker: CANNOT LINK EXECUTABLE "/system/bin/dpmd": "/system/lib64/libdpmframework.so" is 32-bit instead of 64-bit
2020-11-10 04:06:20.517 18798-18798/? A/linker: CANNOT LINK EXECUTABLE "/system/bin/dpmd": "/system/lib64/libdpmframework.so" is 32-bit instead of 64-bit
2020-11-10 04:08:59.405 18801-18801/? A/linker: CANNOT LINK EXECUTABLE "/system/bin/dpmd": "/system/lib64/libdpmframework.so" is 32-bit instead of 64-bit
2020-11-10 04:09:04.030 1093-1288/? E/storaged: getDiskStats failed with result NOT_SUPPORTED and size 0
2020-11-10 04:09:04.440 18802-18802/? A/linker: CANNOT LINK EXECUTABLE "/system/bin/dpmd": "/system/lib64/libdpmframework.so" is 32-bit instead of 64-bit
2020-11-10 04:09:08.918 2309-2323/? W/BroadcastQueue: Background execution not allowed: receiving Intent { act=android.intent.action.DROPBOX_ENTRY_ADDED flg=0x11 (has extras) } to com.google.android.gms/.stats.service.DropBoxEntryAddedReceiver
2020-11-10 04:09:08.918 2309-2323/? W/BroadcastQueue: Background execution not allowed: receiving Intent { act=android.intent.action.DROPBOX_ENTRY_ADDED flg=0x11 (has extras) } to com.google.android.gms/.chimera.GmsIntentOperationService$PersistentTrustedReceiver
2020-11-10 04:09:09.438 18819-18819/? A/linker: CANNOT LINK EXECUTABLE "/system/bin/dpmd": "/system/lib64/libdpmframework.so" is 32-bit instead of 64-bit
2020-11-10 04:10:05.365 18820-18820/? A/linker: CANNOT LINK EXECUTABLE "/system/bin/dpmd": "/system/lib64/libdpmframework.so" is 32-bit instead of 64-bit
2020-11-10 04:12:36.809 2309-2329/? E/UsbDeviceManager: handle message = 9
2020-11-10 04:12:36.847 18823-18823/? A/linker: CANNOT LINK EXECUTABLE "/system/bin/dpmd": "/system/lib64/libdpmframework.so" is 32-bit instead of 64-bit
2020-11-10 04:13:15.837 18826-18826/? A/linker: CANNOT LINK EXECUTABLE "/system/bin/dpmd": "/system/lib64/libdpmframework.so" is 32-bit instead of 64-bit
2020-11-10 04:15:50.873 18827-18827/? A/linker: CANNOT LINK EXECUTABLE "/system/bin/dpmd": "/system/lib64/libdpmframework.so" is 32-bit instead of 64-bit
2020-11-10 04:16:56.208 18830-18830/? A/linker: CANNOT LINK EXECUTABLE "/system/bin/dpmd": "/system/lib64/libdpmframework.so" is 32-bit instead of 64-bit
2020-11-10 04:18:50.967 18831-18831/? A/linker: CANNOT LINK EXECUTABLE "/system/bin/dpmd": "/system/lib64/libdpmframework.so" is 32-bit instead of 64-bit
2020-11-10 04:20:50.258 18833-18833/? A/linker: CANNOT LINK EXECUTABLE "/system/bin/dpmd": "/system/lib64/libdpmframework.so" is 32-bit instead of 64-bit
2020-11-10 04:21:20.770 18834-18834/? A/linker: CANNOT LINK EXECUTABLE "/system/bin/dpmd": "/system/lib64/libdpmframework.so" is 32-bit instead of 64-bit
2020-11-10 04:22:36.787 2309-2329/? E/UsbDeviceManager: handle message = 9
2020-11-10 04:23:10.783 18838-18838/? A/linker: CANNOT LINK EXECUTABLE "/system/bin/dpmd": "/system/lib64/libdpmframework.so" is 32-bit instead of 64-bit
2020-11-10 04:25:22.890 18840-18840/? A/linker: CANNOT LINK EXECUTABLE "/system/bin/dpmd": "/system/lib64/libdpmframework.so" is 32-bit instead of 64-bit
2020-11-10 04:26:24.804 1093-1288/? E/storaged: getDiskStats failed with result NOT_SUPPORTED and size 0
2020-11-10 04:27:13.560 18845-18845/? A/linker: CANNOT LINK EXECUTABLE "/system/bin/dpmd": "/system/lib64/libdpmframework.so" is 32-bit instead of 64-bit
2020-11-10 04:28:58.081 2309-2323/? W/BroadcastQueue: Background execution not allowed: receiving Intent { act=android.intent.action.DROPBOX_ENTRY_ADDED flg=0x11 (has extras) } to com.google.android.gms/.stats.service.DropBoxEntryAddedReceiver
2020-11-10 04:28:58.081 2309-2323/? W/BroadcastQueue: Background execution not allowed: receiving Intent { act=android.intent.action.DROPBOX_ENTRY_ADDED flg=0x11 (has extras) } to com.google.android.gms/.chimera.GmsIntentOperationService$PersistentTrustedReceiver
2020-11-10 04:29:24.734 2309-2323/? W/BroadcastQueue: Background execution not allowed: receiving Intent { act=android.intent.action.DROPBOX_ENTRY_ADDED flg=0x11 (has extras) } to com.google.android.gms/.stats.service.DropBoxEntryAddedReceiver
2020-11-10 04:29:24.735 2309-2323/? W/BroadcastQueue: Background execution not allowed: receiving Intent { act=android.intent.action.DROPBOX_ENTRY_ADDED flg=0x11 (has extras) } to com.google.android.gms/.chimera.GmsIntentOperationService$PersistentTrustedReceiver
2020-11-10 04:29:24.885 2309-2323/? W/BroadcastQueue: Background execution not allowed: receiving Intent { act=android.intent.action.DROPBOX_ENTRY_ADDED flg=0x11 (has extras) } to com.google.android.gms/.stats.service.DropBoxEntryAddedReceiver
2020-11-10 04:29:24.885 2309-2323/? W/BroadcastQueue: Background execution not allowed: receiving Intent { act=android.intent.action.DROPBOX_ENTRY_ADDED flg=0x11 (has extras) } to com.google.android.gms/.chimera.GmsIntentOperationService$PersistentTrustedReceiver
2020-11-10 04:29:25.117 18858-18858/? A/linker: CANNOT LINK EXECUTABLE "/system/bin/dpmd": "/system/lib64/libdpmframework.so" is 32-bit instead of 64-bit
2020-11-10 04:29:59.817 18860-18860/? A/linker: CANNOT LINK EXECUTABLE "/system/bin/dpmd": "/system/lib64/libdpmframework.so" is 32-bit instead of 64-bit
2020-11-10 04:32:36.795 2309-2329/? E/UsbDeviceManager: handle message = 9
2020-11-10 04:33:01.848 18861-18861/? A/linker: CANNOT LINK EXECUTABLE "/system/bin/dpmd": "/system/lib64/libdpmframework.so" is 32-bit instead of 64-bit
2020-11-10 04:35:35.851 18864-18864/? A/linker: CANNOT LINK EXECUTABLE "/system/bin/dpmd": "/system/lib64/libdpmframework.so" is 32-bit instead of 64-bit
2020-11-10 04:37:08.822 18865-18865/? A/linker: CANNOT LINK EXECUTABLE "/system/bin/dpmd": "/system/lib64/libdpmframework.so" is 32-bit instead of 64-bit
2020-11-10 04:39:00.143 18869-18869/? A/linker: CANNOT LINK EXECUTABLE "/system/bin/dpmd": "/system/lib64/libdpmframework.so" is 32-bit instead of 64-bit
2020-11-10 04:39:05.153 18872-18872/? A/linker: CANNOT LINK EXECUTABLE "/system/bin/dpmd": "/system/lib64/libdpmframework.so" is 32-bit instead of 64-bit
2020-11-10 04:39:42.844 18878-18878/? A/linker: CANNOT LINK EXECUTABLE "/system/bin/dpmd": "/system/lib64/libdpmframework.so" is 32-bit instead of 64-bit
2020-11-10 04:40:55.495 18879-18879/? A/linker: CANNOT LINK EXECUTABLE "/system/bin/dpmd": "/system/lib64/libdpmframework.so" is 32-bit instead of 64-bit
2020-11-10 04:42:14.450 18882-18882/? A/linker: CANNOT LINK EXECUTABLE "/system/bin/dpmd": "/system/lib64/libdpmframework.so" is 32-bit instead of 64-bit
2020-11-10 04:42:36.765 2309-2329/? E/UsbDeviceManager: handle message = 9
2020-11-10 04:43:09.893 18884-18884/? A/linker: CANNOT LINK EXECUTABLE "/system/bin/dpmd": "/system/lib64/libdpmframework.so" is 32-bit instead of 64-bit
2020-11-10 04:43:31.050 1093-1288/? E/storaged: getDiskStats failed with result NOT_SUPPORTED and size 0
2020-11-10 04:46:15.858 18886-18886/? A/linker: CANNOT LINK EXECUTABLE "/system/bin/dpmd": "/system/lib64/libdpmframework.so" is 32-bit instead of 64-bit
2020-11-10 04:47:48.838 18888-18888/? A/linker: CANNOT LINK EXECUTABLE "/system/bin/dpmd": "/system/lib64/libdpmframework.so" is 32-bit instead of 64-bit
2020-11-10 04:49:42.933 18889-18889/? A/linker: CANNOT LINK EXECUTABLE "/system/bin/dpmd": "/system/lib64/libdpmframework.so" is 32-bit instead of 64-bit
2020-11-10 04:50:54.904 18895-18895/? A/linker: CANNOT LINK EXECUTABLE "/system/bin/dpmd": "/system/lib64/libdpmframework.so" is 32-bit instead of 64-bit
2020-11-10 04:52:36.773 2309-2329/? E/UsbDeviceManager: handle message = 9
2020-11-10 04:52:58.988 18896-18896/? A/linker: CANNOT LINK EXECUTABLE "/system/bin/dpmd": "/system/lib64/libdpmframework.so" is 32-bit instead of 64-bit
2020-11-10 04:55:02.923 18899-18899/? A/linker: CANNOT LINK EXECUTABLE "/system/bin/dpmd": "/system/lib64/libdpmframework.so" is 32-bit instead of 64-bit
2020-11-10 04:57:52.367 18901-18901/? A/linker: CANNOT LINK EXECUTABLE "/system/bin/dpmd": "/system/lib64/libdpmframework.so" is 32-bit instead of 64-bit
2020-11-10 05:00:24.858 18903-18903/? A/linker: CANNOT LINK EXECUTABLE "/system/bin/dpmd": "/system/lib64/libdpmframework.so" is 32-bit instead of 64-bit
2020-11-10 05:01:17.394 2309-2323/? W/BroadcastQueue: Background execution not allowed: receiving Intent { act=android.net.wifi.STATE_CHANGE flg=0x4000010 (has extras) } to com.duokan.phone.remotecontroller.peel.plugin/com.peel.receiver.LocalNotificationReceiver
2020-11-10 05:02:29.185 18906-18906/? A/linker: CANNOT LINK EXECUTABLE "/system/bin/dpmd": "/system/lib64/libdpmframework.so" is 32-bit instead of 64-bit
2020-11-10 05:02:36.804 2309-2329/? E/UsbDeviceManager: handle message = 9
2020-11-10 05:04:22.530 18908-18908/? A/linker: CANNOT LINK EXECUTABLE "/system/bin/dpmd": "/system/lib64/libdpmframework.so" is 32-bit instead of 64-bit
2020-11-10 05:05:34.741 18912-18912/? A/linker: CANNOT LINK EXECUTABLE "/system/bin/dpmd": "/system/lib64/libdpmframework.so" is 32-bit instead of 64-bit
2020-11-10 05:06:34.909 1093-1288/? E/storaged: getDiskStats failed with result NOT_SUPPORTED and size 0
2020-11-10 05:07:03.349 18914-18914/? A/linker: CANNOT LINK EXECUTABLE "/system/bin/dpmd": "/system/lib64/libdpmframework.so" is 32-bit instead of 64-bit
2020-11-10 05:08:58.818 18917-18917/? A/linker: CANNOT LINK EXECUTABLE "/system/bin/dpmd": "/system/lib64/libdpmframework.so" is 32-bit instead of 64-bit
2020-11-10 05:09:03.828 18919-18919/? A/linker: CANNOT LINK EXECUTABLE "/system/bin/dpmd": "/system/lib64/libdpmframework.so" is 32-bit instead of 64-bit
2020-11-10 05:09:08.850 18924-18924/? A/linker: CANNOT LINK EXECUTABLE "/system/bin/dpmd": "/system/lib64/libdpmframework.so" is 32-bit instead of 64-bit
2020-11-10 05:10:50.268 18927-18927/? A/linker: CANNOT LINK EXECUTABLE "/system/bin/dpmd": "/system/lib64/libdpmframework.so" is 32-bit instead of 64-bit
2020-11-10 05:12:36.808 2309-2329/? E/UsbDeviceManager: handle message = 9
2020-11-10 05:12:47.053 18928-18928/? A/linker: CANNOT LINK EXECUTABLE "/system/bin/dpmd": "/system/lib64/libdpmframework.so" is 32-bit instead of 64-bit
2020-11-10 05:13:48.905 18931-18931/? A/linker: CANNOT LINK EXECUTABLE "/system/bin/dpmd": "/system/lib64/libdpmframework.so" is 32-bit instead of 64-bit
2020-11-10 05:16:24.053 18933-18933/? A/linker: CANNOT LINK EXECUTABLE "/system/bin/dpmd": "/system/lib64/libdpmframework.so" is 32-bit instead of 64-bit
2020-11-10 05:19:59.927 18935-18935/? A/linker: CANNOT LINK EXECUTABLE "/system/bin/dpmd": "/system/lib64/libdpmframework.so" is 32-bit instead of 64-bit
2020-11-10 05:21:21.302 18937-18937/? A/linker: CANNOT LINK EXECUTABLE "/system/bin/dpmd": "/system/lib64/libdpmframework.so" is 32-bit instead of 64-bit
2020-11-10 05:22:36.764 2309-2329/? E/UsbDeviceManager: handle message = 9
2020-11-10 05:22:37.043 18939-18939/? A/linker: CANNOT LINK EXECUTABLE "/system/bin/dpmd": "/system/lib64/libdpmframework.so" is 32-bit instead of 64-bit
2020-11-10 05:24:37.664 2309-2322/? I/UsageStatsService: User[0] Flushing usage stats to disk
2020-11-10 05:24:52.881 18941-18941/? A/linker: CANNOT LINK EXECUTABLE "/system/bin/dpmd": "/system/lib64/libdpmframework.so" is 32-bit instead of 64-bit
2020-11-10 05:26:26.063 1093-1288/? E/storaged: getDiskStats failed with result NOT_SUPPORTED and size 0
2020-11-10 05:27:20.034 18943-18943/? A/linker: CANNOT LINK EXECUTABLE "/system/bin/dpmd": "/system/lib64/libdpmframework.so" is 32-bit instead of 64-bit
2020-11-10 05:27:27.926 18944-18944/? A/linker: CANNOT LINK EXECUTABLE "/system/bin/dpmd": "/system/lib64/libdpmframework.so" is 32-bit instead of 64-bit
2020-11-10 05:30:00.633 18946-18946/? A/linker: CANNOT LINK EXECUTABLE "/system/bin/dpmd": "/system/lib64/libdpmframework.so" is 32-bit instead of 64-bit
2020-11-10 05:31:05.617 18948-18948/? A/linker: CANNOT LINK EXECUTABLE "/system/bin/dpmd": "/system/lib64/libdpmframework.so" is 32-bit instead of 64-bit
2020-11-10 05:32:36.763 2309-2329/? E/UsbDeviceManager: handle message = 9
2020-11-10 05:33:07.867 18949-18949/? A/linker: CANNOT LINK EXECUTABLE "/system/bin/dpmd": "/system/lib64/libdpmframework.so" is 32-bit instead of 64-bit
2020-11-10 05:35:19.168 18951-18951/? A/linker: CANNOT LINK EXECUTABLE "/system/bin/dpmd": "/system/lib64/libdpmframework.so" is 32-bit instead of 64-bit
2020-11-10 05:36:21.325 18952-18952/? A/linker: CANNOT LINK EXECUTABLE "/system/bin/dpmd": "/system/lib64/libdpmframework.so" is 32-bit instead of 64-bit
2020-11-10 05:37:58.949 18954-18954/? A/linker: CANNOT LINK EXECUTABLE "/system/bin/dpmd": "/system/lib64/libdpmframework.so" is 32-bit instead of 64-bit
2020-11-10 05:39:01.371 18957-18957/? A/linker: CANNOT LINK EXECUTABLE "/system/bin/dpmd": "/system/lib64/libdpmframework.so" is 32-bit instead of 64-bit
2020-11-10 05:39:06.383 18963-18963/? A/linker: CANNOT LINK EXECUTABLE "/system/bin/dpmd": "/system/lib64/libdpmframework.so" is 32-bit instead of 64-bit
2020-11-10 05:39:21.019 18967-18967/? A/linker: CANNOT LINK EXECUTABLE "/system/bin/dpmd": "/system/lib64/libdpmframework.so" is 32-bit instead of 64-bit
2020-11-10 05:40:50.355 18969-18969/? A/linker: CANNOT LINK EXECUTABLE "/system/bin/dpmd": "/system/lib64/libdpmframework.so" is 32-bit instead of 64-bit
2020-11-10 05:42:32.950 18970-18970/? A/linker: CANNOT LINK EXECUTABLE "/system/bin/dpmd": "/system/lib64/libdpmframework.so" is 32-bit instead of 64-bit
2020-11-10 05:42:34.467 1093-1288/? E/storaged: getDiskStats failed with result NOT_SUPPORTED and size 0
2020-11-10 05:42:36.457 2309-2329/? E/UsbDeviceManager: handle message = 9
2020-11-10 05:42:40.912 18973-18973/? A/linker: CANNOT LINK EXECUTABLE "/system/bin/dpmd": "/system/lib64/libdpmframework.so" is 32-bit instead of 64-bit
2020-11-10 05:44:42.004 18980-18980/? A/linker: CANNOT LINK EXECUTABLE "/system/bin/dpmd": "/system/lib64/libdpmframework.so" is 32-bit instead of 64-bit
2020-11-10 05:47:16.876 18982-18982/? A/linker: CANNOT LINK EXECUTABLE "/system/bin/dpmd": "/system/lib64/libdpmframework.so" is 32-bit instead of 64-bit
2020-11-10 05:49:43.637 2309-2379/? W/ActivityManager: Unable to start service Intent { act=com.alibaba.aliexpresshd.intent.action.COCKROACH flg=0x4 (has extras) } U=0: not found
2020-11-10 05:49:43.790 2309-2417/? D/LocationPolicy: DeviceIdleMode changed to false
2020-11-10 05:49:43.840 2309-2325/? D/Boost: hostingType=broadcast, hostingName=ua.slando/com.olxgroup.laquesis.main.UpdateAbTestDataAlarmReceiver, callerPackage=ua.slando, isSystem=false, isBoostNeeded=false.
2020-11-10 05:49:43.843 2309-2325/? I/ActivityManager: Start proc 18991:ua.slando/u0a185 for broadcast ua.slando/com.olxgroup.laquesis.main.UpdateAbTestDataAlarmReceiver caller=ua.slando
2020-11-10 05:49:43.858 18987-18987/? A/linker: CANNOT LINK EXECUTABLE "/system/bin/dpmd": "/system/lib64/libdpmframework.so" is 32-bit instead of 64-bit
2020-11-10 05:49:44.362 2309-2325/? D/Boost: hostingType=content provider, hostingName=com.google.android.partnersetup/.RlzAppProvider, callerPackage=com.google.android.googlequicksearchbox, isSystem=true, isBoostNeeded=false.
2020-11-10 05:49:44.364 2309-2325/? I/ActivityManager: Start proc 19037:com.google.android.partnersetup/u0a42 for content provider com.google.android.partnersetup/.RlzAppProvider caller=com.google.android.googlequicksearchbox
2020-11-10 05:49:44.638 2309-2323/? W/BroadcastQueue: Background execution not allowed: receiving Intent { act=android.intent.action.DROPBOX_ENTRY_ADDED flg=0x11 (has extras) } to com.google.android.gms/.stats.service.DropBoxEntryAddedReceiver
2020-11-10 05:49:44.638 2309-2323/? W/BroadcastQueue: Background execution not allowed: receiving Intent { act=android.intent.action.DROPBOX_ENTRY_ADDED flg=0x11 (has extras) } to com.google.android.gms/.chimera.GmsIntentOperationService$PersistentTrustedReceiver
2020-11-10 05:49:45.003 2309-2325/? D/Boost: hostingType=service, hostingName=com.google.android.gms/.droidguard.DroidGuardService, callerPackage=com.google.android.gms, isSystem=true, isBoostNeeded=false.
2020-11-10 05:49:45.006 2309-2325/? I/ActivityManager: Start proc 19092:com.google.android.gms.unstable/u0a30 for service com.google.android.gms/.droidguard.DroidGuardService caller=com.google.android.gms
2020-11-10 05:49:45.233 2309-2325/? D/Boost: hostingType=content provider, hostingName=com.facebook.katana/com.facebook.platform.common.provider.PlatformProviderBase, callerPackage=ua.slando, isSystem=false, isBoostNeeded=false.
2020-11-10 05:49:45.236 2309-2325/? I/ActivityManager: Start proc 19126:com.facebook.katana/u0a159 for content provider com.facebook.katana/com.facebook.platform.common.provider.PlatformProviderBase caller=ua.slando
2020-11-10 05:49:45.970 2309-2323/? W/BroadcastQueue: Background execution not allowed: receiving Intent { act=android.intent.action.DROPBOX_ENTRY_ADDED flg=0x11 (has extras) } to com.google.android.gms/.stats.service.DropBoxEntryAddedReceiver
2020-11-10 05:49:45.970 2309-2323/? W/BroadcastQueue: Background execution not allowed: receiving Intent { act=android.intent.action.DROPBOX_ENTRY_ADDED flg=0x11 (has extras) } to com.google.android.gms/.chimera.GmsIntentOperationService$PersistentTrustedReceiver
2020-11-10 05:49:46.053 2309-2323/? W/BroadcastQueue: Background execution not allowed: receiving Intent { act=android.intent.action.DROPBOX_ENTRY_ADDED flg=0x11 (has extras) } to com.google.android.gms/.stats.service.DropBoxEntryAddedReceiver
2020-11-10 05:49:46.053 2309-2323/? W/BroadcastQueue: Background execution not allowed: receiving Intent { act=android.intent.action.DROPBOX_ENTRY_ADDED flg=0x11 (has extras) } to com.google.android.gms/.chimera.GmsIntentOperationService$PersistentTrustedReceiver
2020-11-10 05:49:46.409 2309-2325/? D/Boost: hostingType=service, hostingName=com.android.chrome/org.chromium.android_webview.services.VariationsSeedServer, callerPackage=ua.slando, isSystem=false, isBoostNeeded=false.
2020-11-10 05:49:46.413 2309-2325/? I/ActivityManager: Start proc 19229:com.android.chrome:webview_service/u0a107 for service com.android.chrome/org.chromium.android_webview.services.VariationsSeedServer caller=ua.slando
2020-11-10 05:49:46.715 2309-2325/? D/Boost: hostingType=broadcast, hostingName=com.brave.browser/com.google.android.gms.gcm.GcmReceiver, callerPackage=com.google.android.gms, isSystem=true, isBoostNeeded=false.
2020-11-10 05:49:46.718 2309-2325/? I/ActivityManager: Start proc 19254:com.brave.browser/u0a222 for broadcast com.brave.browser/com.google.android.gms.gcm.GcmReceiver caller=com.google.android.gms
2020-11-10 05:49:46.814 2309-2325/? D/Boost: hostingType=service, hostingName=com.miui.guardprovider/.manager.CacheBuildJobService, callerPackage=android, isSystem=true, isBoostNeeded=false.
2020-11-10 05:49:46.816 2309-2325/? I/ActivityManager: Start proc 19274:com.miui.guardprovider/u0a123 for service com.miui.guardprovider/.manager.CacheBuildJobService caller=android
2020-11-10 05:49:46.894 2309-2325/? D/Boost: hostingType=service, hostingName=com.android.updater/.DailyCheckJobService, callerPackage=android, isSystem=true, isBoostNeeded=false.
2020-11-10 05:49:46.901 2309-2325/? I/ActivityManager: Start proc 19288:com.android.updater/9802 for service com.android.updater/.DailyCheckJobService caller=android
2020-11-10 05:49:46.957 2309-2325/? D/Boost: hostingType=service, hostingName=com.android.vending/com.google.android.finsky.scheduler.process.mainimpl.PhoneskyJobServiceMain, callerPackage=android, isSystem=true, isBoostNeeded=false.
2020-11-10 05:49:46.962 2309-2325/? I/ActivityManager: Start proc 19306:com.android.vending/u0a60 for service com.android.vending/com.google.android.finsky.scheduler.process.mainimpl.PhoneskyJobServiceMain caller=android
2020-11-10 05:49:47.909 19274-19373/? W/PackageParser: Ignoring duplicate uses-permissions/uses-permissions-sdk-m: android.permission.CAMERA in package: com.google.android.GoogleCamera at: Binary XML file line #26
2020-11-10 05:49:48.164 2309-2325/? D/Boost: hostingType=content provider, hostingName=com.google.android.gsf/.settings.GoogleSettingsProvider, callerPackage=com.android.vending, isSystem=true, isBoostNeeded=false.
2020-11-10 05:49:48.167 19274-19373/? W/PackageParser: Ignoring duplicate uses-permissions/uses-permissions-sdk-m: com.android.vending.CHECK_LICENSE in package: com.dictlab.dict.ruru at: Binary XML file line #29
2020-11-10 05:49:48.172 2309-2325/? I/ActivityManager: Start proc 19460:com.google.process.gapps/u0a30 for content provider com.google.android.gsf/.settings.GoogleSettingsProvider caller=com.android.vending
2020-11-10 05:49:48.794 19274-19476/? W/PackageParser: No actions in intent filter at /data/app/com.alibaba.aliexpresshd-VcGieF1jteSiFZvWvMFd9A==/base.apk Binary XML file line #3720
2020-11-10 05:49:48.836 19500-19500/? A/linker: CANNOT LINK EXECUTABLE "/system/bin/dpmd": "/system/lib64/libdpmframework.so" is 32-bit instead of 64-bit
2020-11-10 05:49:48.936 19274-19476/? W/PackageParser: No actions in intent filter at /data/app/com.alibaba.aliexpresshd-VcGieF1jteSiFZvWvMFd9A==/base.apk Binary XML file line #3720
2020-11-10 05:49:49.304 2309-2713/? I/ActivityManager: Killing 18130:com.google.android.gms.ui/u0a30 (adj 906): empty #17
2020-11-10 05:49:49.604 2309-2325/? D/Boost: hostingType=service, hostingName=com.xiaomi.account/.authenticator.XmAuthenticationService, callerPackage=android, isSystem=true, isBoostNeeded=false.
2020-11-10 05:49:49.606 2309-2325/? I/ActivityManager: Start proc 19518:com.xiaomi.account:accountservice/u0a110 for service com.xiaomi.account/.authenticator.XmAuthenticationService caller=android
2020-11-10 05:49:50.154 2309-2325/? D/Boost: hostingType=service, hostingName=com.android.vending/com.google.android.finsky.ipcservers.downloadservice.DownloadServiceGrpcServerAndroidService, callerPackage=com.android.vending, isSystem=true, isBoostNeeded=false.
2020-11-10 05:49:50.157 2309-2325/? I/ActivityManager: Start proc 19564:com.android.vending:download_service/u0a60 for service com.android.vending/com.google.android.finsky.ipcservers.downloadservice.DownloadServiceGrpcServerAndroidService caller=com.android.vending
2020-11-10 05:49:53.057 2309-3551/? I/ActivityManager: Killing 18297:com.instagram.android/u0a187 (adj 906): empty #17
2020-11-10 05:49:53.718 2309-2323/? W/BroadcastQueue: Permission Denial: broadcasting Intent { act=android.net.conn.CONNECTIVITY_CHANGE flg=0x4200010 (has extras) } from null (pid=-1, uid=-1) requires com.facebook.permission.prod.FB_APP_COMMUNICATION due to registered receiver BroadcastFilter{7e15647 u0 ReceiverList{de0dd86 19126 com.facebook.katana/10159/u0 remote:b5f0e61}}
2020-11-10 05:49:53.718 2309-2323/? W/BroadcastQueue: Permission Denial: broadcasting Intent { act=android.net.conn.INET_CONDITION_ACTION flg=0x4000010 (has extras) } from null (pid=-1, uid=-1) requires com.facebook.permission.prod.FB_APP_COMMUNICATION due to registered receiver BroadcastFilter{7e15647 u0 ReceiverList{de0dd86 19126 com.facebook.katana/10159/u0 remote:b5f0e61}}
2020-11-10 05:49:53.842 2309-2323/? W/BroadcastQueue: Permission Denial: broadcasting Intent { act=android.net.conn.CONNECTIVITY_CHANGE flg=0x4200010 (has extras) } from null (pid=-1, uid=-1) requires com.facebook.permission.prod.FB_APP_COMMUNICATION due to registered receiver BroadcastFilter{dd30fe3 u0 ReceiverList{55d4c12 19126 com.facebook.katana/10159/u0 remote:41d2f9d}}
2020-11-10 05:49:53.846 19643-19643/? A/linker: CANNOT LINK EXECUTABLE "/system/bin/dpmd": "/system/lib64/libdpmframework.so" is 32-bit instead of 64-bit
2020-11-10 05:49:54.212 2309-16184/? I/ActivityManager: Killing 18493:com.instagram.android:videoplayer/u0a187 (adj 906): empty #17
2020-11-10 05:49:54.643 19274-19476/? W/PackageParser: No actions in intent filter at /data/app/net.nadavi.ekmobile-I7nDjYvDP6DN1T4P3zPOTw==/base.apk Binary XML file line #55
2020-11-10 05:49:54.667 19274-19476/? W/PackageParser: No actions in intent filter at /data/app/net.nadavi.ekmobile-I7nDjYvDP6DN1T4P3zPOTw==/base.apk Binary XML file line #55
2020-11-10 05:49:54.753 19274-19476/? W/PackageParser: Unknown element under <manifest>: meta-data at /data/app/com.viber.voip-mxH-EkgQriNZGTTTe3b7Fw==/base.apk Binary XML file line #113
2020-11-10 05:49:54.770 19274-19476/? W/PackageParser: No actions in intent filter at /data/app/com.viber.voip-mxH-EkgQriNZGTTTe3b7Fw==/base.apk Binary XML file line #1536
2020-11-10 05:49:54.802 19274-19476/? W/PackageParser: Unknown element under <manifest>: meta-data at /data/app/com.viber.voip-mxH-EkgQriNZGTTTe3b7Fw==/base.apk Binary XML file line #113
2020-11-10 05:49:54.822 19274-19476/? W/PackageParser: No actions in intent filter at /data/app/com.viber.voip-mxH-EkgQriNZGTTTe3b7Fw==/base.apk Binary XML file line #1536
2020-11-10 05:49:55.028 19274-19476/? W/PackageParser: Unknown element under <manifest>: queries at /data/app/com.whatsapp-MOTfL0P0_QPLHxJUh7xzwA==/base.apk Binary XML file line #36
2020-11-10 05:49:55.086 19274-19476/? W/PackageParser: Unknown element under <manifest>: queries at /data/app/com.whatsapp-MOTfL0P0_QPLHxJUh7xzwA==/base.apk Binary XML file line #36
2020-11-10 05:49:55.388 2309-3567/? E/NotificationService: Error creating vibration waveform with pattern: [0]
2020-11-10 05:49:57.319 2309-3166/? I/ActivityManager: Killing 18647:com.miui.cleanmaster:micleansdk/1000 (adj 906): empty #17
2020-11-10 05:49:57.319 2309-3166/? I/ActivityManager: Killing 18319:com.miui.hybrid/u0a114 (adj 906): empty #18
2020-11-10 05:49:58.854 19694-19694/? A/linker: CANNOT LINK EXECUTABLE "/system/bin/dpmd": "/system/lib64/libdpmframework.so" is 32-bit instead of 64-bit
2020-11-10 05:50:02.874 19274-19476/? W/PackageParser: Unknown element under <manifest>: supports-gl-texture at /data/app/com.instagram.android-OZxm7LUdcnLidJrm9nHSWg==/base.apk Binary XML file line #110
2020-11-10 05:50:02.883 19274-19476/? W/PackageParser: Unknown element under <application>: enable-feature at /data/app/com.instagram.android-OZxm7LUdcnLidJrm9nHSWg==/base.apk Binary XML file line #733
2020-11-10 05:50:02.891 2309-2323/? W/BroadcastQueue: Background execution not allowed: receiving Intent { act=android.intent.action.DROPBOX_ENTRY_ADDED flg=0x11 (has extras) } to com.google.android.gms/.stats.service.DropBoxEntryAddedReceiver
2020-11-10 05:50:02.891 2309-2323/? W/BroadcastQueue: Background execution not allowed: receiving Intent { act=android.intent.action.DROPBOX_ENTRY_ADDED flg=0x11 (has extras) } to com.google.android.gms/.chimera.GmsIntentOperationService$PersistentTrustedReceiver
2020-11-10 05:50:03.014 19274-19476/? W/PackageParser: Unknown element under <manifest>: supports-gl-texture at /data/app/com.instagram.android-OZxm7LUdcnLidJrm9nHSWg==/base.apk Binary XML file line #110
2020-11-10 05:50:03.023 19274-19476/? W/PackageParser: Unknown element under <application>: enable-feature at /data/app/com.instagram.android-OZxm7LUdcnLidJrm9nHSWg==/base.apk Binary XML file line #733
2020-11-10 05:50:03.157 19274-19476/? W/PackageParser: Unknown element under <manifest>: supports-gl-texture at /data/app/com.instagram.android-OZxm7LUdcnLidJrm9nHSWg==/base.apk Binary XML file line #110
2020-11-10 05:50:03.166 19274-19476/? W/PackageParser: Unknown element under <application>: enable-feature at /data/app/com.instagram.android-OZxm7LUdcnLidJrm9nHSWg==/base.apk Binary XML file line #733
2020-11-10 05:50:03.304 19274-19476/? W/PackageParser: Unknown element under <manifest>: supports-gl-texture at /data/app/com.instagram.android-OZxm7LUdcnLidJrm9nHSWg==/base.apk Binary XML file line #110
2020-11-10 05:50:03.312 19274-19476/? W/PackageParser: Unknown element under <application>: enable-feature at /data/app/com.instagram.android-OZxm7LUdcnLidJrm9nHSWg==/base.apk Binary XML file line #733
2020-11-10 05:50:03.867 19717-19717/? A/linker: CANNOT LINK EXECUTABLE "/system/bin/dpmd": "/system/lib64/libdpmframework.so" is 32-bit instead of 64-bit
2020-11-10 05:50:06.242 19274-19476/? W/PackageParser: No actions in intent filter at /data/app/ussr.razar.youtube_dl-H38q-jzAcK6GoXTsR-MyLA==/base.apk Binary XML file line #94
2020-11-10 05:50:06.242 19274-19476/? W/PackageParser: No actions in intent filter at /data/app/ussr.razar.youtube_dl-H38q-jzAcK6GoXTsR-MyLA==/base.apk Binary XML file line #107
2020-11-10 05:50:06.262 19274-19476/? W/PackageParser: No actions in intent filter at /data/app/ussr.razar.youtube_dl-H38q-jzAcK6GoXTsR-MyLA==/base.apk Binary XML file line #94
2020-11-10 05:50:06.262 19274-19476/? W/PackageParser: No actions in intent filter at /data/app/ussr.razar.youtube_dl-H38q-jzAcK6GoXTsR-MyLA==/base.apk Binary XML file line #107
2020-11-10 05:50:06.288 19274-19476/? W/PackageParser: No actions in intent filter at /data/app/ussr.razar.youtube_dl-H38q-jzAcK6GoXTsR-MyLA==/base.apk Binary XML file line #94
2020-11-10 05:50:06.288 19274-19476/? W/PackageParser: No actions in intent filter at /data/app/ussr.razar.youtube_dl-H38q-jzAcK6GoXTsR-MyLA==/base.apk Binary XML file line #107
2020-11-10 05:50:06.323 19274-19476/? W/PackageParser: No actions in intent filter at /data/app/ussr.razar.youtube_dl-H38q-jzAcK6GoXTsR-MyLA==/base.apk Binary XML file line #94
2020-11-10 05:50:06.324 19274-19476/? W/PackageParser: No actions in intent filter at /data/app/ussr.razar.youtube_dl-H38q-jzAcK6GoXTsR-MyLA==/base.apk Binary XML file line #107
2020-11-10 05:50:07.216 19274-19476/? W/PackageParser: No actions in intent filter at /data/app/com.miui.android.fashiongallery-uyMDZToi7XqA54dNgIC92A==/base.apk Binary XML file line #333
2020-11-10 05:50:07.234 19274-19476/? W/PackageParser: No actions in intent filter at /data/app/com.miui.android.fashiongallery-uyMDZToi7XqA54dNgIC92A==/base.apk Binary XML file line #333
2020-11-10 05:50:07.332 19274-19476/? W/PackageParser: Unknown element under <manifest>: meta-data at /data/app/ru.mail.cloud-S_sA25Dvj0fPILkc-aTyBw==/base.apk Binary XML file line #40
2020-11-10 05:50:07.333 19274-19476/? W/PackageParser: Unknown element under <manifest>: meta-data at /data/app/ru.mail.cloud-S_sA25Dvj0fPILkc-aTyBw==/base.apk Binary XML file line #43
2020-11-10 05:50:07.369 19274-19476/? W/PackageParser: Unknown element under <manifest>: meta-data at /data/app/ru.mail.cloud-S_sA25Dvj0fPILkc-aTyBw==/base.apk Binary XML file line #40
2020-11-10 05:50:07.369 19274-19476/? W/PackageParser: Unknown element under <manifest>: meta-data at /data/app/ru.mail.cloud-S_sA25Dvj0fPILkc-aTyBw==/base.apk Binary XML file line #43
2020-11-10 05:50:07.468 19274-19476/? W/PackageParser: Ignoring duplicate uses-permissions/uses-permissions-sdk-m: android.permission.VIBRATE in package: ua.com.rozetka.shop at: Binary XML file line #28
2020-11-10 05:50:07.503 19274-19476/? W/PackageParser: Ignoring duplicate uses-permissions/uses-permissions-sdk-m: android.permission.VIBRATE in package: ua.com.rozetka.shop at: Binary XML file line #28
2020-11-10 05:50:07.524 2309-3166/? I/ActivityManager: Killing 18768:com.android.camera/u0a35 (adj 906): empty #17
2020-11-10 05:50:07.533 2309-3166/? I/ActivityManager: Killing 18536:com.miui.cleanmaster/1000 (adj 906): empty #18
2020-11-10 05:50:08.697 19274-19476/? W/PackageParser: Unknown element under <manifest>: meta-data at /data/app/com.aimp.player-ukjO6gsmlO6lTInFFN48bQ==/base.apk Binary XML file line #34
2020-11-10 05:50:08.883 19727-19727/? A/linker: CANNOT LINK EXECUTABLE "/system/bin/dpmd": "/system/lib64/libdpmframework.so" is 32-bit instead of 64-bit
2020-11-10 05:50:08.720 19274-19476/? W/PackageParser: Unknown element under <manifest>: meta-data at /data/app/com.aimp.player-ukjO6gsmlO6lTInFFN48bQ==/base.apk Binary XML file line #34
2020-11-10 05:50:08.994 19274-19476/? W/PackageParser: No actions in intent filter at /data/app/ua.besplatka-szPepyWIKY4mRlcic_l3CA==/base.apk Binary XML file line #184
2020-11-10 05:50:08.999 19274-19476/? W/PackageParser: No actions in intent filter at /data/app/ua.besplatka-szPepyWIKY4mRlcic_l3CA==/base.apk Binary XML file line #335
2020-11-10 05:50:09.023 19274-19476/? W/PackageParser: No actions in intent filter at /data/app/ua.besplatka-szPepyWIKY4mRlcic_l3CA==/base.apk Binary XML file line #184
2020-11-10 05:50:09.027 19274-19476/? W/PackageParser: No actions in intent filter at /data/app/ua.besplatka-szPepyWIKY4mRlcic_l3CA==/base.apk Binary XML file line #335
2020-11-10 05:50:09.244 19274-19476/? W/PackageParser: Ignoring duplicate uses-permissions/uses-permissions-sdk-m: android.permission.ACCESS_NETWORK_STATE in package: com.spotify.music at: Binary XML file line #87
2020-11-10 05:50:09.302 19274-19476/? W/PackageParser: Ignoring duplicate uses-permissions/uses-permissions-sdk-m: android.permission.ACCESS_NETWORK_STATE in package: com.spotify.music at: Binary XML file line #87
2020-11-10 05:50:09.644 2309-2325/? D/Boost: hostingType=FastRestart, hostingName=null, callerPackage=system, isSystem=true, isBoostNeeded=false.
2020-11-10 05:50:09.648 2309-2325/? I/ActivityManager: Start proc 19728:com.android.camera/u0a35 for FastRestart caller=system
2020-11-10 05:50:09.699 2309-16184/? I/ActivityManager: Killing 10350:android.process.acore/u0a19 (adj 906): empty #17
2020-11-10 05:50:09.700 2309-16184/? I/ActivityManager: Killing 17309:com.miui.weather2/u0a26 (adj 906): empty #18
2020-11-10 05:50:09.700 2309-16184/? I/ActivityManager: Killing 17705:com.whatsapp/u0a181 (adj 906): empty #19
2020-11-10 05:50:09.873 2309-3577/? D/ProcessRecordInjector: Begin to report kill process events...
2020-11-10 05:50:10.141 19274-19476/? W/PackageParser: Unknown element under <manifest>: meta-data at /data/app/com.adobe.psmobile-oQaqRc7wjxlT620VcvCyIQ==/base.apk Binary XML file line #34
2020-11-10 05:50:10.170 19274-19476/? W/PackageParser: Unknown element under <manifest>: meta-data at /data/app/com.adobe.psmobile-oQaqRc7wjxlT620VcvCyIQ==/base.apk Binary XML file line #34
2020-11-10 05:50:11.017 19274-19476/? W/PackageParser: No actions in intent filter at /data/app/com.booking-0U7yO1ecMDQWj_Ttinl4gg==/base.apk Binary XML file line #1822
2020-11-10 05:50:11.078 19274-19476/? W/PackageParser: No actions in intent filter at /data/app/com.booking-0U7yO1ecMDQWj_Ttinl4gg==/base.apk Binary XML file line #1822
2020-11-10 05:50:11.169 19274-19476/? W/PackageParser: Unknown element under <manifest>: meta-data at /data/app/PeelMiRemote/PeelMiRemote.apk Binary XML file line #76
2020-11-10 05:50:11.208 2309-2712/? I/ActivityManager: Killing 19037:com.google.android.partnersetup/u0a42 (adj 906): empty #17
2020-11-10 05:50:11.211 19274-19476/? W/PackageParser: Unknown element under <manifest>: meta-data at /data/app/PeelMiRemote/PeelMiRemote.apk Binary XML file line #76
2020-11-10 05:50:11.216 2309-16184/? I/ActivityManager: Killing 19229:com.android.chrome:webview_service/u0a107 (adj 906): empty #17
2020-11-10 05:50:12.308 19274-19476/? W/PackageParser: No actions in intent filter at /data/app/wifisecurity.ufovpn.android-cTX_4LOc_EQx7lHJ95W0rQ==/base.apk Binary XML file line #62
2020-11-10 05:50:13.888 19752-19752/? A/linker: CANNOT LINK EXECUTABLE "/system/bin/dpmd": "/system/lib64/libdpmframework.so" is 32-bit instead of 64-bit
2020-11-10 05:50:18.897 19760-19760/? A/linker: CANNOT LINK EXECUTABLE "/system/bin/dpmd": "/system/lib64/libdpmframework.so" is 32-bit instead of 64-bit
2020-11-10 05:50:12.374 19274-19476/? I/chatty: uid=10123(com.miui.guardprovider) identical 7 lines
2020-11-10 05:50:12.402 19274-19476/? W/PackageParser: No actions in intent filter at /data/app/wifisecurity.ufovpn.android-cTX_4LOc_EQx7lHJ95W0rQ==/base.apk Binary XML file line #62
2020-11-10 05:50:20.209 19274-19476/? W/PackageParser: Unknown element under <manifest>: queries at /data/app/com.google.android.play.games-yIEQR0_V2wBQnuFmEchP0g==/base.apk Binary XML file line #16
2020-11-10 05:50:20.245 19274-19476/? W/PackageParser: No actions in intent filter at /data/app/com.google.android.play.games-yIEQR0_V2wBQnuFmEchP0g==/base.apk Binary XML file line #545
2020-11-10 05:50:20.269 19274-19476/? W/PackageParser: Unknown element under <manifest>: queries at /data/app/com.google.android.play.games-yIEQR0_V2wBQnuFmEchP0g==/base.apk Binary XML file line #16
