2020-11-10 01:34:05.823 2309-3563/? D/ConnectivityService: ConnectivityService NetworkRequestInfo binderDied(NetworkRequest [ TRACK_DEFAULT id=2967, [ Capabilities: INTERNET&NOT_RESTRICTED&TRUSTED Unwanted:  Uid: 10175] ], android.os.BinderProxy@49af6d5)
2020-11-10 01:34:05.825 2309-2713/? I/WindowManager: WIN DEATH: Window{6264510 u0 Toast}
2020-11-10 01:34:05.832 2309-2523/? I/WindowManager: WIN DEATH: Window{b618d5e u0 com.duckduckgo.mobile.android/com.duckduckgo.app.browser.BrowserActivity}
2020-11-10 01:34:05.984 2309-2365/? I/Timeline: Timeline: App_transition_ready time:456704898
2020-11-10 01:34:05.992 2309-8489/? E/ActivityManager: applyOptionsLocked: Unknown animationType=0
2020-11-10 01:34:06.020 2309-2426/? D/ActivityManagerServiceInjector: Begin to report package foreground events...
2020-11-10 01:34:06.022 2309-2331/? D/WindowManager: Pending execute app transition overtime.
2020-11-10 01:34:06.027 2309-8489/? I/Timeline: Timeline: App_transition_ready time:456704942
2020-11-10 01:34:06.044 2309-8489/? I/Timeline: Timeline: App_transition_ready time:456704959
2020-11-10 01:34:06.052 2309-2365/? I/Timeline: Timeline: App_transition_ready time:456704967
2020-11-10 01:34:06.123 2309-2713/? I/Timeline: Timeline: App_transition_ready time:456705038
2020-11-10 01:34:06.138 2309-8489/? I/Timeline: Timeline: App_transition_ready time:456705053
2020-11-10 01:34:06.141 2309-8489/? I/Timeline: Timeline: App_transition_ready time:456705055
2020-11-10 01:34:06.149 2309-8489/? I/Timeline: Timeline: App_transition_ready time:456705064
2020-11-10 01:34:06.165 2309-2365/? I/Timeline: Timeline: App_transition_ready time:456705079
2020-11-10 01:34:06.169 2309-2331/? W/ActivityManager: setHasOverlayUi called on unknown pid: 15345
2020-11-10 01:34:06.169 2309-2365/? I/Timeline: Timeline: App_transition_ready time:456705084
2020-11-10 01:34:06.189 2309-2365/? I/Timeline: Timeline: App_transition_ready time:456705103
2020-11-10 01:34:06.206 2309-2712/? W/ActivityManager: cancelTaskWindowTransition: taskId=7445 not found
2020-11-10 01:34:06.532 2309-2331/? I/Timeline: Timeline: Activity_windows_visible id: ActivityRecord{44da451 u0 wifisecurity.ufovpn.android/ufovpn.free.unblock.proxy.vpn.home.ui.MainActivity t7444} time:456705446
2020-11-10 01:34:06.542 2309-2365/? I/Timeline: Timeline: App_transition_stopped time:456705457
2020-11-10 01:34:06.753 2309-2309/? W/NotificationService: Object died trying to hide notification android.app.ITransientNotification$Stub$Proxy@c87083e in package com.duckduckgo.mobile.android
2020-11-10 01:34:06.767 2309-2331/? W/WindowManager: Unable to start animation, surface is null or no children.
2020-11-10 01:34:07.689 15494-15494/? A/linker: CANNOT LINK EXECUTABLE "/system/bin/dpmd": "/system/lib64/libdpmframework.so" is 32-bit instead of 64-bit
2020-11-10 01:34:08.017 2309-2309/? W/WindowManager: removeWindowToken: Attempted to remove non-existing token: android.os.Binder@ef95550
2020-11-10 01:34:08.282 1086-1310/? D/NetlinkEvent: Unknown ifindex 39 in RTM_DELADDR
2020-11-10 01:34:08.288 1086-1310/? D/NetlinkEvent: Unknown ifindex 39 in RTM_DELADDR
2020-11-10 01:34:08.343 2309-2406/? D/ConnectivityService: Sending DISCONNECTED broadcast for type 17 NetworkAgentInfo [VPN () - 427] isDefaultNetwork=false
2020-11-10 01:34:09.458 2309-2323/? W/BroadcastQueue: Background execution not allowed: receiving Intent { act=android.intent.action.DROPBOX_ENTRY_ADDED flg=0x11 (has extras) } to com.google.android.gms/.stats.service.DropBoxEntryAddedReceiver
2020-11-10 01:34:09.458 2309-2323/? W/BroadcastQueue: Background execution not allowed: receiving Intent { act=android.intent.action.DROPBOX_ENTRY_ADDED flg=0x11 (has extras) } to com.google.android.gms/.chimera.GmsIntentOperationService$PersistentTrustedReceiver
2020-11-10 01:34:09.542 2309-2323/? W/BroadcastQueue: Background execution not allowed: receiving Intent { act=android.intent.action.DROPBOX_ENTRY_ADDED flg=0x11 (has extras) } to com.google.android.gms/.stats.service.DropBoxEntryAddedReceiver
2020-11-10 01:34:09.542 2309-2323/? W/BroadcastQueue: Background execution not allowed: receiving Intent { act=android.intent.action.DROPBOX_ENTRY_ADDED flg=0x11 (has extras) } to com.google.android.gms/.chimera.GmsIntentOperationService$PersistentTrustedReceiver
2020-11-10 01:34:09.612 2309-2712/? W/BaseMiuiPhoneWindowManager: keyCode:82 down:true eventTime:456708526 downTime:456708526 policyFlags:2b000002 flags:48 deviceId:-1 isScreenOn:true keyguardActive:false repeatCount:0
2020-11-10 01:34:09.646 2309-2712/? W/BaseMiuiPhoneWindowManager: keyCode:82 down:false eventTime:456708560 downTime:456708526 policyFlags:2b000002 flags:48 deviceId:-1 isScreenOn:true keyguardActive:false repeatCount:0
2020-11-10 01:34:09.692 2309-2712/? I/ActivityManager: START u0 {flg=0x10884000 cmp=com.android.systemui/.recents.RecentsActivity} from uid 1000
2020-11-10 01:34:09.693 2309-2712/? I/ActivityManager: Ignoring FLAG_ACTIVITY_NEW_DOCUMENT, launchMode is "singleInstance" or "singleTask"
2020-11-10 01:34:09.726 2309-2712/? I/Timeline: Timeline: App_transition_ready time:456708641
2020-11-10 01:34:09.730 2309-2713/? I/Timeline: Timeline: App_transition_ready time:456708645
2020-11-10 01:34:09.732 2309-2365/? I/Timeline: Timeline: App_transition_ready time:456708647
2020-11-10 01:34:09.773 2309-2713/? I/Timeline: Timeline: App_transition_ready time:456708687
2020-11-10 01:34:09.789 2309-4090/? I/Timeline: Timeline: App_transition_ready time:456708704
2020-11-10 01:34:09.804 2309-2365/? I/Timeline: Timeline: App_transition_ready time:456708719
2020-11-10 01:34:09.841 2309-2365/? I/Timeline: Timeline: App_transition_ready time:456708756
2020-11-10 01:34:10.165 2309-2331/? I/Timeline: Timeline: Activity_windows_visible id: ActivityRecord{76b054c u0 com.android.systemui/.recents.RecentsActivity t6712} time:456709079
2020-11-10 01:34:10.171 2309-2365/? I/Timeline: Timeline: App_transition_stopped time:456709086
2020-11-10 01:34:10.691 2309-4090/? I/ProcessManager: Kill reason SwipeUpClean from pid=2543
2020-11-10 01:34:10.703 2309-4090/? I/ActivityManager: Killing 12040:com.android.vending:download_service/u0a60 (adj 904): empty #17
2020-11-10 01:34:10.705 2309-4090/? I/ActivityManager: Killing 11967:com.google.process.gapps/u0a30 (adj 906): empty #18
2020-11-10 01:34:10.716 2309-4090/? I/ProcessManager: SwipeUpClean: kill wifisecurity.ufovpn.android Adj=1001 State=18
2020-11-10 01:34:10.716 2309-4090/? I/ActivityManager: Killing 11508:wifisecurity.ufovpn.android/u0a170 (adj 900): SwipeUpClean
2020-11-10 01:34:10.719 2309-2713/? I/ActivityManager: START u0 {act=android.intent.action.MAIN cat=[android.intent.category.HOME] flg=0x10200000 cmp=com.miui.home/.launcher.Launcher} from uid 1000
2020-11-10 01:34:10.758 2309-2713/? I/Timeline: Timeline: App_transition_ready time:456709673
2020-11-10 01:34:10.760 2309-4090/? I/ProcessManager: SwipeUpClean: kill com.android.chrome:sandboxed_process0 Adj=900 State=18
2020-11-10 01:34:10.760 2309-4090/? I/ActivityManager: Killing 11868:com.android.chrome:sandboxed_process0/u0a170i638 (adj 900): SwipeUpClean
2020-11-10 01:34:10.766 2309-2712/? D/ConnectivityService: ConnectivityService NetworkRequestInfo binderDied(NetworkRequest [ TRACK_DEFAULT id=2952, [ Capabilities: INTERNET&NOT_RESTRICTED&TRUSTED Unwanted:  Uid: 10060] ], android.os.BinderProxy@927ed99)
2020-11-10 01:34:10.767 2309-2365/? I/Timeline: Timeline: App_transition_ready time:456709682
2020-11-10 01:34:10.783 2309-8489/? I/Timeline: Timeline: App_transition_ready time:456709698
2020-11-10 01:34:10.790 2309-16184/? I/Timeline: Timeline: App_transition_ready time:456709704
2020-11-10 01:34:10.796 2309-2713/? I/Timeline: Timeline: App_transition_ready time:456709710
2020-11-10 01:34:10.803 2309-3565/? I/Timeline: Timeline: App_transition_ready time:456709718
2020-11-10 01:34:10.812 2309-3565/? I/AutoStartManagerService: MIUILOG- Reject RestartService packageName :wifisecurity.ufovpn.android uid : 10170
2020-11-10 01:34:10.813 2309-2435/? I/ProcessManager: remove no clear notification:StatusBarNotification(pkg=wifisecurity.ufovpn.android user=UserHandle{0} id=10010 tag=null key=0|wifisecurity.ufovpn.android|10010|null|10170: Notification(channel=service-vpn pri=-2 contentView=null vibrate=null sound=null defaults=0x0 flags=0x62 color=0xff607d8b vis=PRIVATE))
2020-11-10 01:34:10.819 2309-3565/? I/Timeline: Timeline: App_transition_ready time:456709734
2020-11-10 01:34:10.841 2309-4097/? I/Timeline: Timeline: App_transition_ready time:456709755
2020-11-10 01:34:10.848 2309-4097/? D/ConnectivityService: ConnectivityService NetworkRequestInfo binderDied(NetworkRequest [ TRACK_DEFAULT id=2947, [ Capabilities: INTERNET&NOT_RESTRICTED&TRUSTED Unwanted:  Uid: 10170] ], android.os.BinderProxy@670810c)
2020-11-10 01:34:10.849 2309-3565/? D/ConnectivityService: ConnectivityService NetworkRequestInfo binderDied(NetworkRequest [ TRACK_DEFAULT id=2946, [ Capabilities: INTERNET&NOT_RESTRICTED&TRUSTED Unwanted:  Uid: 10170] ], android.os.BinderProxy@80ca55)
2020-11-10 01:34:10.849 2309-4097/? D/ConnectivityService: ConnectivityService NetworkRequestInfo binderDied(NetworkRequest [ TRACK_DEFAULT id=2948, [ Capabilities: INTERNET&NOT_RESTRICTED&TRUSTED Unwanted:  Uid: 10170] ], android.os.BinderProxy@73a3c6a)
2020-11-10 01:34:10.849 2309-8489/? D/ConnectivityService: ConnectivityService NetworkRequestInfo binderDied(NetworkRequest [ LISTEN id=2949, [ Capabilities: INTERNET&NOT_RESTRICTED&TRUSTED Unwanted:  Uid: 10170] ], android.os.BinderProxy@630355b)
2020-11-10 01:34:10.852 2309-2365/? I/Timeline: Timeline: App_transition_ready time:456709766
2020-11-10 01:34:10.852 2309-15707/? I/WindowManager: WIN DEATH: Window{c2dcb54 u0 wifisecurity.ufovpn.android/ufovpn.free.unblock.proxy.vpn.home.ui.MainActivity}
2020-11-10 01:34:10.855 2309-15707/? I/Timeline: Timeline: App_transition_ready time:456709769
2020-11-10 01:34:10.868 2309-4097/? I/Timeline: Timeline: App_transition_ready time:456709782
2020-11-10 01:34:10.872 2309-4097/? I/Timeline: Timeline: App_transition_ready time:456709786
2020-11-10 01:34:10.875 2309-2331/? W/ActivityManager: setHasOverlayUi called on unknown pid: 11508
2020-11-10 01:34:10.882 2309-3577/? I/Timeline: Timeline: App_transition_ready time:456709796
2020-11-10 01:34:10.904 2309-2324/? I/Timeline: Timeline: App_transition_ready time:456709819
2020-11-10 01:34:10.909 2309-10055/? I/Timeline: Timeline: App_transition_ready time:456709824
2020-11-10 01:34:10.915 2309-2365/? I/Timeline: Timeline: App_transition_ready time:456709829
2020-11-10 01:34:10.917 2309-2365/? I/Timeline: Timeline: App_transition_ready time:456709831
2020-11-10 01:34:10.921 2309-2843/? I/Timeline: Timeline: App_transition_ready time:456709835
2020-11-10 01:34:10.923 2309-8699/? I/Timeline: Timeline: App_transition_ready time:456709838
2020-11-10 01:34:10.936 2309-4093/? I/Timeline: Timeline: App_transition_ready time:456709850
2020-11-10 01:34:10.955 2309-2365/? I/Timeline: Timeline: App_transition_ready time:456709869
2020-11-10 01:34:11.099 2309-2331/? I/Timeline: Timeline: Activity_windows_visible id: ActivityRecord{4bb8172 u0 com.miui.home/.launcher.Launcher t1} time:456710013
2020-11-10 01:34:11.103 2309-2365/? I/Timeline: Timeline: App_transition_stopped time:456710018
2020-11-10 01:34:12.693 15543-15543/? A/linker: CANNOT LINK EXECUTABLE "/system/bin/dpmd": "/system/lib64/libdpmframework.so" is 32-bit instead of 64-bit
2020-11-10 01:34:13.079 2309-4097/? D/PerfShielderService: com.miui.home|com.miui.home/com.miui.home.launcher.Launcher|196|456710962815257|175|4|3
2020-11-10 01:34:13.080 3568-14183/? W/MiuiPerfServiceClient: interceptAndQueuing:2912|com.miui.home|196|175|unknown|null|com.miui.home/com.miui.home.launcher.Launcher|456710962815257|Slow bitmap uploads|3
2020-11-10 01:34:13.683 2912-2912/? I/Timeline: Timeline: Activity_launch_request time:456712598 intent:Intent { act=android.intent.action.MAIN cat=[android.intent.category.LAUNCHER] flg=0x10200000 cmp=com.glitchstation.dou/.modules.splash.view.SplashActivity bnds=[67,1374][218,1525] (has extras) }
2020-11-10 01:34:13.686 2309-4093/? I/ActivityManager: START u0 {act=android.intent.action.MAIN cat=[android.intent.category.LAUNCHER] flg=0x10200000 cmp=com.glitchstation.dou/.modules.splash.view.SplashActivity bnds=[67,1374][218,1525] (has extras)} from uid 10058
2020-11-10 01:34:13.785 2309-2325/? D/Boost: hostingType=activity, hostingName=com.glitchstation.dou/.modules.splash.view.SplashActivity, callerPackage=com.miui.home, isSystem=true, isBoostNeeded=false.
2020-11-10 01:34:13.787 2309-2325/? I/ActivityManager: Start proc 15548:com.glitchstation.dou/u0a259 for activity com.glitchstation.dou/.modules.splash.view.SplashActivity caller=com.miui.home
2020-11-10 01:34:13.841 5167-5249/? D/PowerKeeper.AppBgIdle: setUidState, uid = 10259 allow = false
2020-11-10 01:34:13.855 2309-2365/? I/Timeline: Timeline: App_transition_ready time:456712769
2020-11-10 01:34:14.151 2309-2365/? I/Timeline: Timeline: App_transition_stopped time:456713065
2020-11-10 01:34:14.359 2309-2331/? I/Timeline: Timeline: Activity_windows_visible id: ActivityRecord{df0b57d u0 com.glitchstation.dou/.modules.splash.view.SplashActivity t7446} time:456713274
2020-11-10 01:34:16.792 2309-2309/? W/ContextImpl: Calling a method in the system process without a qualified user: android.app.ContextImpl.sendStickyBroadcast:1297 com.android.server.HandyMode.changeMode:387 com.android.server.HandyMode$9.run:317 android.os.Handler.handleCallback:873 android.os.Handler.dispatchMessage:99 
2020-11-10 01:34:17.285 15548-15548/? I/Timeline: Timeline: Activity_launch_request time:456716199 intent:Intent { cmp=com.glitchstation.dou/.modules.main.view.MainActivity }
2020-11-10 01:34:17.287 2309-3577/? I/ActivityManager: START u0 {cmp=com.glitchstation.dou/.modules.main.view.MainActivity} from uid 10259
2020-11-10 01:34:17.343 2309-4093/? I/Timeline: Timeline: App_transition_ready time:456716257
2020-11-10 01:34:17.346 2309-2365/? I/Timeline: Timeline: App_transition_ready time:456716260
2020-11-10 01:34:17.600 2309-4093/? I/Timeline: Timeline: App_transition_ready time:456716514
2020-11-10 01:34:17.603 2309-4093/? I/Timeline: Timeline: App_transition_ready time:456716517
2020-11-10 01:34:17.692 2309-2365/? I/Timeline: Timeline: App_transition_ready time:456716606
2020-11-10 01:34:17.696 15613-15613/? A/linker: CANNOT LINK EXECUTABLE "/system/bin/dpmd": "/system/lib64/libdpmframework.so" is 32-bit instead of 64-bit
2020-11-10 01:34:17.755 2309-2309/? W/WindowManager: removeWindowToken: Attempted to remove non-existing token: android.os.Binder@afbea36
2020-11-10 01:34:18.202 2309-2331/? I/Timeline: Timeline: Activity_windows_visible id: ActivityRecord{de981df u0 com.glitchstation.dou/.modules.main.view.MainActivity t7446} time:456717117
2020-11-10 01:34:18.207 2309-2365/? I/Timeline: Timeline: App_transition_stopped time:456717121
2020-11-10 01:34:22.709 15629-15629/? A/linker: CANNOT LINK EXECUTABLE "/system/bin/dpmd": "/system/lib64/libdpmframework.so" is 32-bit instead of 64-bit
2020-11-10 01:34:27.729 15649-15649/? A/linker: CANNOT LINK EXECUTABLE "/system/bin/dpmd": "/system/lib64/libdpmframework.so" is 32-bit instead of 64-bit
2020-11-10 01:34:32.541 1093-1288/? E/storaged: getDiskStats failed with result NOT_SUPPORTED and size 0
2020-11-10 01:34:32.733 15656-15656/? A/linker: CANNOT LINK EXECUTABLE "/system/bin/dpmd": "/system/lib64/libdpmframework.so" is 32-bit instead of 64-bit
2020-11-10 01:34:33.217 15548-15548/? I/Timeline: Timeline: Activity_launch_request time:456732131 intent:Intent { cmp=com.glitchstation.dou/.modules.article.view.FullArticleActivity (has extras) }
2020-11-10 01:34:33.231 2309-4093/? I/ActivityManager: START u0 {cmp=com.glitchstation.dou/.modules.article.view.FullArticleActivity (has extras)} from uid 10259
2020-11-10 01:34:33.278 2309-4093/? I/Timeline: Timeline: App_transition_ready time:456732192
2020-11-10 01:34:33.438 2309-2325/? D/Boost: hostingType=webview_service, hostingName=com.glitchstation.dou/org.chromium.content.app.SandboxedProcessService0, callerPackage=com.glitchstation.dou, isSystem=false, isBoostNeeded=false.
2020-11-10 01:34:33.439 2309-2325/? I/ActivityManager: Start proc 15675:com.android.chrome:sandboxed_process0/u0i642 for webview_service com.glitchstation.dou/org.chromium.content.app.SandboxedProcessService0 caller=com.glitchstation.dou
2020-11-10 01:34:33.588 2309-10055/? I/Timeline: Timeline: App_transition_ready time:456732503
2020-11-10 01:34:33.591 2309-10055/? I/Timeline: Timeline: App_transition_ready time:456732506
2020-11-10 01:34:33.622 2309-2365/? I/Timeline: Timeline: App_transition_ready time:456732537
2020-11-10 01:34:33.662 2309-3577/? D/PerfShielderService: com.glitchstation.dou|com.glitchstation.dou/com.glitchstation.dou.modules.main.view.MainActivity|166|456731568452540|64|5|8
2020-11-10 01:34:33.662 3568-14183/? W/MiuiPerfServiceClient: interceptAndQueuing:15548|com.glitchstation.dou|166|64|unknown|null|com.glitchstation.dou/com.glitchstation.dou.modules.main.view.MainActivity|456731568452540|Slow issue draw commands|8
2020-11-10 01:34:34.123 2309-2331/? I/Timeline: Timeline: Activity_windows_visible id: ActivityRecord{c7c2453 u0 com.glitchstation.dou/.modules.article.view.FullArticleActivity t7446} time:456733038
2020-11-10 01:34:34.127 2309-2365/? I/Timeline: Timeline: App_transition_stopped time:456733042
2020-11-10 01:34:37.752 15716-15716/? A/linker: CANNOT LINK EXECUTABLE "/system/bin/dpmd": "/system/lib64/libdpmframework.so" is 32-bit instead of 64-bit
2020-11-10 01:34:42.777 15722-15722/? A/linker: CANNOT LINK EXECUTABLE "/system/bin/dpmd": "/system/lib64/libdpmframework.so" is 32-bit instead of 64-bit
2020-11-10 01:34:47.782 15724-15724/? A/linker: CANNOT LINK EXECUTABLE "/system/bin/dpmd": "/system/lib64/libdpmframework.so" is 32-bit instead of 64-bit
2020-11-10 01:34:52.802 15730-15730/? A/linker: CANNOT LINK EXECUTABLE "/system/bin/dpmd": "/system/lib64/libdpmframework.so" is 32-bit instead of 64-bit
2020-11-10 01:34:57.846 15732-15732/? A/linker: CANNOT LINK EXECUTABLE "/system/bin/dpmd": "/system/lib64/libdpmframework.so" is 32-bit instead of 64-bit
2020-11-10 01:35:02.822 15737-15737/? A/linker: CANNOT LINK EXECUTABLE "/system/bin/dpmd": "/system/lib64/libdpmframework.so" is 32-bit instead of 64-bit
2020-11-10 01:35:04.477 5167-5249/? D/PowerKeeper.AppBgIdle: setUidState, uid = 10175 allow = true
2020-11-10 01:35:07.834 15741-15741/? A/linker: CANNOT LINK EXECUTABLE "/system/bin/dpmd": "/system/lib64/libdpmframework.so" is 32-bit instead of 64-bit
2020-11-10 01:35:12.836 15746-15746/? A/linker: CANNOT LINK EXECUTABLE "/system/bin/dpmd": "/system/lib64/libdpmframework.so" is 32-bit instead of 64-bit
2020-11-10 01:35:17.849 15752-15752/? A/linker: CANNOT LINK EXECUTABLE "/system/bin/dpmd": "/system/lib64/libdpmframework.so" is 32-bit instead of 64-bit
2020-11-10 01:35:22.863 15756-15756/? A/linker: CANNOT LINK EXECUTABLE "/system/bin/dpmd": "/system/lib64/libdpmframework.so" is 32-bit instead of 64-bit
2020-11-10 01:35:27.887 15757-15757/? A/linker: CANNOT LINK EXECUTABLE "/system/bin/dpmd": "/system/lib64/libdpmframework.so" is 32-bit instead of 64-bit
2020-11-10 01:35:32.544 1093-1288/? E/storaged: getDiskStats failed with result NOT_SUPPORTED and size 0
2020-11-10 01:35:32.855 2309-2327/? E/KernelUidCpuTimeReader: Malformed cpu data for UID=10175!
    Time between reads: +1m27s46ms
    Previous times: u=+1h21m54s950ms s=+24m2s920ms
    Current times: u=+1h21m54s540ms s=+24m2s780ms
    Delta: u=-410ms s=-140ms
2020-11-10 01:35:32.892 15760-15760/? A/linker: CANNOT LINK EXECUTABLE "/system/bin/dpmd": "/system/lib64/libdpmframework.so" is 32-bit instead of 64-bit
2020-11-10 01:35:37.911 15762-15762/? A/linker: CANNOT LINK EXECUTABLE "/system/bin/dpmd": "/system/lib64/libdpmframework.so" is 32-bit instead of 64-bit
2020-11-10 01:35:42.928 15767-15767/? A/linker: CANNOT LINK EXECUTABLE "/system/bin/dpmd": "/system/lib64/libdpmframework.so" is 32-bit instead of 64-bit
2020-11-10 01:35:47.949 15768-15768/? A/linker: CANNOT LINK EXECUTABLE "/system/bin/dpmd": "/system/lib64/libdpmframework.so" is 32-bit instead of 64-bit
2020-11-10 01:35:52.952 15771-15771/? A/linker: CANNOT LINK EXECUTABLE "/system/bin/dpmd": "/system/lib64/libdpmframework.so" is 32-bit instead of 64-bit
2020-11-10 01:35:57.972 15773-15773/? A/linker: CANNOT LINK EXECUTABLE "/system/bin/dpmd": "/system/lib64/libdpmframework.so" is 32-bit instead of 64-bit
2020-11-10 01:36:02.986 15777-15777/? A/linker: CANNOT LINK EXECUTABLE "/system/bin/dpmd": "/system/lib64/libdpmframework.so" is 32-bit instead of 64-bit
2020-11-10 01:36:08.009 15778-15778/? A/linker: CANNOT LINK EXECUTABLE "/system/bin/dpmd": "/system/lib64/libdpmframework.so" is 32-bit instead of 64-bit
2020-11-10 01:36:13.012 15783-15783/? A/linker: CANNOT LINK EXECUTABLE "/system/bin/dpmd": "/system/lib64/libdpmframework.so" is 32-bit instead of 64-bit
2020-11-10 01:36:13.199 2543-2748/? I/chatty: uid=1000(system) SysUiNetBg expire 5 lines
2020-11-10 01:36:18.038 15799-15799/? A/linker: CANNOT LINK EXECUTABLE "/system/bin/dpmd": "/system/lib64/libdpmframework.so" is 32-bit instead of 64-bit
2020-11-10 01:36:23.032 15803-15803/? A/linker: CANNOT LINK EXECUTABLE "/system/bin/dpmd": "/system/lib64/libdpmframework.so" is 32-bit instead of 64-bit
2020-11-10 01:36:28.068 15804-15804/? A/linker: CANNOT LINK EXECUTABLE "/system/bin/dpmd": "/system/lib64/libdpmframework.so" is 32-bit instead of 64-bit
2020-11-10 01:36:32.548 1093-1288/? E/storaged: getDiskStats failed with result NOT_SUPPORTED and size 0
2020-11-10 01:36:33.078 15808-15808/? A/linker: CANNOT LINK EXECUTABLE "/system/bin/dpmd": "/system/lib64/libdpmframework.so" is 32-bit instead of 64-bit
2020-11-10 01:36:36.692 2309-2329/? E/UsbDeviceManager: handle message = 9
2020-11-10 01:36:38.083 15817-15817/? A/linker: CANNOT LINK EXECUTABLE "/system/bin/dpmd": "/system/lib64/libdpmframework.so" is 32-bit instead of 64-bit
2020-11-10 01:36:43.121 15822-15822/? A/linker: CANNOT LINK EXECUTABLE "/system/bin/dpmd": "/system/lib64/libdpmframework.so" is 32-bit instead of 64-bit
2020-11-10 01:36:48.122 15826-15826/? A/linker: CANNOT LINK EXECUTABLE "/system/bin/dpmd": "/system/lib64/libdpmframework.so" is 32-bit instead of 64-bit
2020-11-10 01:36:53.127 15830-15830/? A/linker: CANNOT LINK EXECUTABLE "/system/bin/dpmd": "/system/lib64/libdpmframework.so" is 32-bit instead of 64-bit
2020-11-10 01:36:58.140 15831-15831/? A/linker: CANNOT LINK EXECUTABLE "/system/bin/dpmd": "/system/lib64/libdpmframework.so" is 32-bit instead of 64-bit
2020-11-10 01:37:03.163 15836-15836/? A/linker: CANNOT LINK EXECUTABLE "/system/bin/dpmd": "/system/lib64/libdpmframework.so" is 32-bit instead of 64-bit
2020-11-10 01:37:08.161 15840-15840/? A/linker: CANNOT LINK EXECUTABLE "/system/bin/dpmd": "/system/lib64/libdpmframework.so" is 32-bit instead of 64-bit
2020-11-10 01:37:09.865 5167-5249/? D/PowerKeeper.AppBgIdle: setUidState, uid = 10170 allow = true
2020-11-10 01:37:13.162 15848-15848/? A/linker: CANNOT LINK EXECUTABLE "/system/bin/dpmd": "/system/lib64/libdpmframework.so" is 32-bit instead of 64-bit
2020-11-10 01:37:18.186 15849-15849/? A/linker: CANNOT LINK EXECUTABLE "/system/bin/dpmd": "/system/lib64/libdpmframework.so" is 32-bit instead of 64-bit
2020-11-10 01:37:23.204 15855-15855/? A/linker: CANNOT LINK EXECUTABLE "/system/bin/dpmd": "/system/lib64/libdpmframework.so" is 32-bit instead of 64-bit
2020-11-10 01:37:28.217 15858-15858/? A/linker: CANNOT LINK EXECUTABLE "/system/bin/dpmd": "/system/lib64/libdpmframework.so" is 32-bit instead of 64-bit
2020-11-10 01:37:29.255 2309-3577/? W/BaseMiuiPhoneWindowManager: keyCode:4 down:true eventTime:456908167 downTime:456908167 policyFlags:2b000002 flags:48 deviceId:-1 isScreenOn:true keyguardActive:false repeatCount:0
2020-11-10 01:37:29.352 2309-3577/? W/BaseMiuiPhoneWindowManager: keyCode:4 down:false eventTime:456908265 downTime:456908167 policyFlags:2b000002 flags:48 deviceId:-1 isScreenOn:true keyguardActive:false repeatCount:0
2020-11-10 01:37:29.363 15548-15548/? W/InputEventReceiver: Slow Input: took 104ms in dispatching, now at finishInputEvent (KeyEvent: event_seq=2091, seq=3548297, code=KEYCODE_BACK, action=ACTION_DOWN)
2020-11-10 01:37:29.406 2309-3577/? I/Timeline: Timeline: App_transition_ready time:456908320
2020-11-10 01:37:29.413 2309-2365/? I/Timeline: Timeline: App_transition_ready time:456908328
2020-11-10 01:37:29.452 2309-8699/? I/Timeline: Timeline: App_transition_ready time:456908366
2020-11-10 01:37:29.559 2309-2365/? I/Timeline: Timeline: App_transition_ready time:456908473
2020-11-10 01:37:30.080 2309-2331/? I/Timeline: Timeline: Activity_windows_visible id: ActivityRecord{de981df u0 com.glitchstation.dou/.modules.main.view.MainActivity t7446} time:456908994
2020-11-10 01:37:30.083 2309-2365/? I/Timeline: Timeline: App_transition_stopped time:456908997
2020-11-10 01:37:32.553 1093-1288/? E/storaged: getDiskStats failed with result NOT_SUPPORTED and size 0
2020-11-10 01:37:33.229 15869-15869/? A/linker: CANNOT LINK EXECUTABLE "/system/bin/dpmd": "/system/lib64/libdpmframework.so" is 32-bit instead of 64-bit
2020-11-10 01:37:38.233 15874-15874/? A/linker: CANNOT LINK EXECUTABLE "/system/bin/dpmd": "/system/lib64/libdpmframework.so" is 32-bit instead of 64-bit
2020-11-10 01:37:41.832 15548-15548/? I/Timeline: Timeline: Activity_launch_request time:456920746 intent:Intent { cmp=com.glitchstation.dou/.modules.article.view.FullArticleActivity (has extras) }
2020-11-10 01:37:41.834 2309-3166/? I/ActivityManager: START u0 {cmp=com.glitchstation.dou/.modules.article.view.FullArticleActivity (has extras)} from uid 10259
2020-11-10 01:37:41.881 2309-3166/? I/Timeline: Timeline: App_transition_ready time:456920795
2020-11-10 01:37:42.012 2309-2843/? I/Timeline: Timeline: App_transition_ready time:456920927
2020-11-10 01:37:42.015 2309-2843/? I/Timeline: Timeline: App_transition_ready time:456920930
2020-11-10 01:37:42.043 2309-2365/? I/Timeline: Timeline: App_transition_ready time:456920958
2020-11-10 01:37:42.530 2309-2331/? I/Timeline: Timeline: Activity_windows_visible id: ActivityRecord{c407bf4 u0 com.glitchstation.dou/.modules.article.view.FullArticleActivity t7446} time:456921445
2020-11-10 01:37:42.532 2309-2365/? I/Timeline: Timeline: App_transition_stopped time:456921447
2020-11-10 01:37:43.243 15883-15883/? A/linker: CANNOT LINK EXECUTABLE "/system/bin/dpmd": "/system/lib64/libdpmframework.so" is 32-bit instead of 64-bit
2020-11-10 01:37:48.283 15885-15885/? A/linker: CANNOT LINK EXECUTABLE "/system/bin/dpmd": "/system/lib64/libdpmframework.so" is 32-bit instead of 64-bit
2020-11-10 01:37:53.286 15893-15893/? A/linker: CANNOT LINK EXECUTABLE "/system/bin/dpmd": "/system/lib64/libdpmframework.so" is 32-bit instead of 64-bit
2020-11-10 01:37:58.290 15896-15896/? A/linker: CANNOT LINK EXECUTABLE "/system/bin/dpmd": "/system/lib64/libdpmframework.so" is 32-bit instead of 64-bit
2020-11-10 01:38:03.310 15900-15900/? A/linker: CANNOT LINK EXECUTABLE "/system/bin/dpmd": "/system/lib64/libdpmframework.so" is 32-bit instead of 64-bit
2020-11-10 01:38:08.325 15903-15903/? A/linker: CANNOT LINK EXECUTABLE "/system/bin/dpmd": "/system/lib64/libdpmframework.so" is 32-bit instead of 64-bit
2020-11-10 01:38:13.333 15907-15907/? A/linker: CANNOT LINK EXECUTABLE "/system/bin/dpmd": "/system/lib64/libdpmframework.so" is 32-bit instead of 64-bit
2020-11-10 01:38:18.363 15909-15909/? A/linker: CANNOT LINK EXECUTABLE "/system/bin/dpmd": "/system/lib64/libdpmframework.so" is 32-bit instead of 64-bit
2020-11-10 01:38:23.382 15911-15911/? A/linker: CANNOT LINK EXECUTABLE "/system/bin/dpmd": "/system/lib64/libdpmframework.so" is 32-bit instead of 64-bit
2020-11-10 01:38:28.401 15913-15913/? A/linker: CANNOT LINK EXECUTABLE "/system/bin/dpmd": "/system/lib64/libdpmframework.so" is 32-bit instead of 64-bit
2020-11-10 01:38:32.555 1093-1288/? E/storaged: getDiskStats failed with result NOT_SUPPORTED and size 0
2020-11-10 01:38:33.424 15917-15917/? A/linker: CANNOT LINK EXECUTABLE "/system/bin/dpmd": "/system/lib64/libdpmframework.so" is 32-bit instead of 64-bit
2020-11-10 01:38:38.427 15920-15920/? A/linker: CANNOT LINK EXECUTABLE "/system/bin/dpmd": "/system/lib64/libdpmframework.so" is 32-bit instead of 64-bit
2020-11-10 01:38:43.124 2309-10055/? W/BaseMiuiPhoneWindowManager: keyCode:4 down:true eventTime:456982038 downTime:456982038 policyFlags:2b000002 flags:48 deviceId:-1 isScreenOn:true keyguardActive:false repeatCount:0
2020-11-10 01:38:43.165 2309-10055/? W/BaseMiuiPhoneWindowManager: keyCode:4 down:false eventTime:456982078 downTime:456982038 policyFlags:2b000002 flags:48 deviceId:-1 isScreenOn:true keyguardActive:false repeatCount:0
2020-11-10 01:38:43.209 2309-3577/? I/Timeline: Timeline: App_transition_ready time:456982124
2020-11-10 01:38:43.244 2309-4097/? I/Timeline: Timeline: App_transition_ready time:456982159
2020-11-10 01:38:43.370 2309-2365/? I/Timeline: Timeline: App_transition_ready time:456982284
2020-11-10 01:38:43.427 15930-15930/? A/linker: CANNOT LINK EXECUTABLE "/system/bin/dpmd": "/system/lib64/libdpmframework.so" is 32-bit instead of 64-bit
2020-11-10 01:38:43.884 2309-2331/? I/Timeline: Timeline: Activity_windows_visible id: ActivityRecord{de981df u0 com.glitchstation.dou/.modules.main.view.MainActivity t7446} time:456982799
2020-11-10 01:38:43.890 2309-2365/? I/Timeline: Timeline: App_transition_stopped time:456982804
2020-11-10 01:38:47.366 15548-15548/? I/Timeline: Timeline: Activity_launch_request time:456986280 intent:Intent { cmp=com.glitchstation.dou/.modules.article.view.FullArticleActivity (has extras) }
2020-11-10 01:38:47.369 2309-4097/? I/ActivityManager: START u0 {cmp=com.glitchstation.dou/.modules.article.view.FullArticleActivity (has extras)} from uid 10259
2020-11-10 01:38:47.404 2309-3577/? I/Timeline: Timeline: App_transition_ready time:456986319
2020-11-10 01:38:47.515 2309-4097/? I/Timeline: Timeline: App_transition_ready time:456986429
2020-11-10 01:38:47.517 2309-4097/? I/Timeline: Timeline: App_transition_ready time:456986432
2020-11-10 01:38:47.546 2309-2365/? I/Timeline: Timeline: App_transition_ready time:456986461
2020-11-10 01:38:48.035 2309-2331/? I/Timeline: Timeline: Activity_windows_visible id: ActivityRecord{746602 u0 com.glitchstation.dou/.modules.article.view.FullArticleActivity t7446} time:456986949
2020-11-10 01:38:48.042 2309-2365/? I/Timeline: Timeline: App_transition_stopped time:456986957
2020-11-10 01:38:48.442 15942-15942/? A/linker: CANNOT LINK EXECUTABLE "/system/bin/dpmd": "/system/lib64/libdpmframework.so" is 32-bit instead of 64-bit
2020-11-10 01:38:53.473 15947-15947/? A/linker: CANNOT LINK EXECUTABLE "/system/bin/dpmd": "/system/lib64/libdpmframework.so" is 32-bit instead of 64-bit
2020-11-10 01:38:58.484 15948-15948/? A/linker: CANNOT LINK EXECUTABLE "/system/bin/dpmd": "/system/lib64/libdpmframework.so" is 32-bit instead of 64-bit
2020-11-10 01:39:03.490 15951-15951/? A/linker: CANNOT LINK EXECUTABLE "/system/bin/dpmd": "/system/lib64/libdpmframework.so" is 32-bit instead of 64-bit
2020-11-10 01:39:08.503 15956-15956/? A/linker: CANNOT LINK EXECUTABLE "/system/bin/dpmd": "/system/lib64/libdpmframework.so" is 32-bit instead of 64-bit
2020-11-10 01:39:13.526 15960-15960/? A/linker: CANNOT LINK EXECUTABLE "/system/bin/dpmd": "/system/lib64/libdpmframework.so" is 32-bit instead of 64-bit
2020-11-10 01:39:18.536 15962-15962/? A/linker: CANNOT LINK EXECUTABLE "/system/bin/dpmd": "/system/lib64/libdpmframework.so" is 32-bit instead of 64-bit
2020-11-10 01:39:23.551 15965-15965/? A/linker: CANNOT LINK EXECUTABLE "/system/bin/dpmd": "/system/lib64/libdpmframework.so" is 32-bit instead of 64-bit
2020-11-10 01:39:28.566 15970-15970/? A/linker: CANNOT LINK EXECUTABLE "/system/bin/dpmd": "/system/lib64/libdpmframework.so" is 32-bit instead of 64-bit
2020-11-10 01:39:32.559 1093-1288/? E/storaged: getDiskStats failed with result NOT_SUPPORTED and size 0
2020-11-10 01:39:33.576 15975-15975/? A/linker: CANNOT LINK EXECUTABLE "/system/bin/dpmd": "/system/lib64/libdpmframework.so" is 32-bit instead of 64-bit
2020-11-10 01:39:38.587 15978-15978/? A/linker: CANNOT LINK EXECUTABLE "/system/bin/dpmd": "/system/lib64/libdpmframework.so" is 32-bit instead of 64-bit
2020-11-10 01:39:43.607 15985-15985/? A/linker: CANNOT LINK EXECUTABLE "/system/bin/dpmd": "/system/lib64/libdpmframework.so" is 32-bit instead of 64-bit
2020-11-10 01:39:48.612 15988-15988/? A/linker: CANNOT LINK EXECUTABLE "/system/bin/dpmd": "/system/lib64/libdpmframework.so" is 32-bit instead of 64-bit
2020-11-10 01:39:53.624 15991-15991/? A/linker: CANNOT LINK EXECUTABLE "/system/bin/dpmd": "/system/lib64/libdpmframework.so" is 32-bit instead of 64-bit
2020-11-10 01:39:56.281 2309-2329/? E/UsbDeviceManager: handle message = 9
2020-11-10 01:39:58.635 15995-15995/? A/linker: CANNOT LINK EXECUTABLE "/system/bin/dpmd": "/system/lib64/libdpmframework.so" is 32-bit instead of 64-bit
2020-11-10 01:39:57.740 2309-2329/? E/UsbDeviceManager: handle message = 9
2020-11-10 01:39:59.727 2309-2327/? D/KernelUidCpuTimeReader: Removing uids 99639-99639
2020-11-10 01:39:59.727 2309-2327/? D/KernelUidCpuTimeReader: Removing uids 99640-99640
2020-11-10 01:39:59.728 2309-2327/? D/KernelUidCpuTimeReader: Removing uids 99641-99641
2020-11-10 01:39:59.728 2309-2327/? D/KernelUidCpuTimeReader: Removing uids 99638-99638
2020-11-10 01:40:03.657 15998-15998/? A/linker: CANNOT LINK EXECUTABLE "/system/bin/dpmd": "/system/lib64/libdpmframework.so" is 32-bit instead of 64-bit
2020-11-10 01:40:08.656 16002-16002/? A/linker: CANNOT LINK EXECUTABLE "/system/bin/dpmd": "/system/lib64/libdpmframework.so" is 32-bit instead of 64-bit
2020-11-10 01:40:13.686 16006-16006/? A/linker: CANNOT LINK EXECUTABLE "/system/bin/dpmd": "/system/lib64/libdpmframework.so" is 32-bit instead of 64-bit
2020-11-10 01:40:18.695 16009-16009/? A/linker: CANNOT LINK EXECUTABLE "/system/bin/dpmd": "/system/lib64/libdpmframework.so" is 32-bit instead of 64-bit
2020-11-10 01:40:23.721 16011-16011/? A/linker: CANNOT LINK EXECUTABLE "/system/bin/dpmd": "/system/lib64/libdpmframework.so" is 32-bit instead of 64-bit
2020-11-10 01:40:28.736 16013-16013/? A/linker: CANNOT LINK EXECUTABLE "/system/bin/dpmd": "/system/lib64/libdpmframework.so" is 32-bit instead of 64-bit
2020-11-10 01:40:32.561 1093-1288/? E/storaged: getDiskStats failed with result NOT_SUPPORTED and size 0
2020-11-10 01:40:33.750 16016-16016/? A/linker: CANNOT LINK EXECUTABLE "/system/bin/dpmd": "/system/lib64/libdpmframework.so" is 32-bit instead of 64-bit
2020-11-10 01:40:38.760 16018-16018/? A/linker: CANNOT LINK EXECUTABLE "/system/bin/dpmd": "/system/lib64/libdpmframework.so" is 32-bit instead of 64-bit
2020-11-10 01:40:43.776 16022-16022/? A/linker: CANNOT LINK EXECUTABLE "/system/bin/dpmd": "/system/lib64/libdpmframework.so" is 32-bit instead of 64-bit
2020-11-10 01:40:48.784 16026-16026/? A/linker: CANNOT LINK EXECUTABLE "/system/bin/dpmd": "/system/lib64/libdpmframework.so" is 32-bit instead of 64-bit
2020-11-10 01:40:53.813 16030-16030/? A/linker: CANNOT LINK EXECUTABLE "/system/bin/dpmd": "/system/lib64/libdpmframework.so" is 32-bit instead of 64-bit
2020-11-10 01:40:58.827 16033-16033/? A/linker: CANNOT LINK EXECUTABLE "/system/bin/dpmd": "/system/lib64/libdpmframework.so" is 32-bit instead of 64-bit
2020-11-10 01:41:03.834 16040-16040/? A/linker: CANNOT LINK EXECUTABLE "/system/bin/dpmd": "/system/lib64/libdpmframework.so" is 32-bit instead of 64-bit
2020-11-10 01:41:08.858 16041-16041/? A/linker: CANNOT LINK EXECUTABLE "/system/bin/dpmd": "/system/lib64/libdpmframework.so" is 32-bit instead of 64-bit
2020-11-10 01:41:13.880 16046-16046/? A/linker: CANNOT LINK EXECUTABLE "/system/bin/dpmd": "/system/lib64/libdpmframework.so" is 32-bit instead of 64-bit
2020-11-10 01:41:18.893 16051-16051/? A/linker: CANNOT LINK EXECUTABLE "/system/bin/dpmd": "/system/lib64/libdpmframework.so" is 32-bit instead of 64-bit
2020-11-10 01:41:23.902 16054-16054/? A/linker: CANNOT LINK EXECUTABLE "/system/bin/dpmd": "/system/lib64/libdpmframework.so" is 32-bit instead of 64-bit
2020-11-10 01:41:28.927 16059-16059/? A/linker: CANNOT LINK EXECUTABLE "/system/bin/dpmd": "/system/lib64/libdpmframework.so" is 32-bit instead of 64-bit
2020-11-10 01:41:32.563 1093-1288/? E/storaged: getDiskStats failed with result NOT_SUPPORTED and size 0
2020-11-10 01:41:33.933 16063-16063/? A/linker: CANNOT LINK EXECUTABLE "/system/bin/dpmd": "/system/lib64/libdpmframework.so" is 32-bit instead of 64-bit
2020-11-10 01:41:37.198 2309-2426/? I/AutoStartManagerService: MIUILOG- Reject service :Intent { cmp=com.duckduckgo.mobile.android/androidx.work.impl.background.systemjob.SystemJobService } userId : 0 uid : 10175
2020-11-10 01:41:37.198 2309-2426/? I/JobServiceContext: MIUILOG- Reject Start Job, cancelJob uid : 10175 jobId :2441
2020-11-10 01:41:37.199 2309-2426/? D/JobScheduler: Error executing JobStatus{fed75f4 #u0a175/2441 com.duckduckgo.mobile.android/androidx.work.impl.background.systemjob.SystemJobService u=0 s=10175 TIME=-2m32s149ms:none READY}
2020-11-10 01:41:38.932 16065-16065/? A/linker: CANNOT LINK EXECUTABLE "/system/bin/dpmd": "/system/lib64/libdpmframework.so" is 32-bit instead of 64-bit
2020-11-10 01:41:43.959 16069-16069/? A/linker: CANNOT LINK EXECUTABLE "/system/bin/dpmd": "/system/lib64/libdpmframework.so" is 32-bit instead of 64-bit
2020-11-10 01:41:48.974 16070-16070/? A/linker: CANNOT LINK EXECUTABLE "/system/bin/dpmd": "/system/lib64/libdpmframework.so" is 32-bit instead of 64-bit
2020-11-10 01:41:53.989 16074-16074/? A/linker: CANNOT LINK EXECUTABLE "/system/bin/dpmd": "/system/lib64/libdpmframework.so" is 32-bit instead of 64-bit
2020-11-10 01:41:57.694 2309-2322/? I/UsageStatsService: User[0] Flushing usage stats to disk
2020-11-10 01:41:58.986 16080-16080/? A/linker: CANNOT LINK EXECUTABLE "/system/bin/dpmd": "/system/lib64/libdpmframework.so" is 32-bit instead of 64-bit
2020-11-10 01:42:04.011 16083-16083/? A/linker: CANNOT LINK EXECUTABLE "/system/bin/dpmd": "/system/lib64/libdpmframework.so" is 32-bit instead of 64-bit
2020-11-10 01:42:09.010 16088-16088/? A/linker: CANNOT LINK EXECUTABLE "/system/bin/dpmd": "/system/lib64/libdpmframework.so" is 32-bit instead of 64-bit
2020-11-10 01:42:14.035 16091-16091/? A/linker: CANNOT LINK EXECUTABLE "/system/bin/dpmd": "/system/lib64/libdpmframework.so" is 32-bit instead of 64-bit
2020-11-10 01:42:19.031 16094-16094/? A/linker: CANNOT LINK EXECUTABLE "/system/bin/dpmd": "/system/lib64/libdpmframework.so" is 32-bit instead of 64-bit
2020-11-10 01:42:24.059 16097-16097/? A/linker: CANNOT LINK EXECUTABLE "/system/bin/dpmd": "/system/lib64/libdpmframework.so" is 32-bit instead of 64-bit
2020-11-10 01:42:29.071 16100-16100/? A/linker: CANNOT LINK EXECUTABLE "/system/bin/dpmd": "/system/lib64/libdpmframework.so" is 32-bit instead of 64-bit
2020-11-10 01:42:32.567 1093-1288/? E/storaged: getDiskStats failed with result NOT_SUPPORTED and size 0
2020-11-10 01:42:34.093 16104-16104/? A/linker: CANNOT LINK EXECUTABLE "/system/bin/dpmd": "/system/lib64/libdpmframework.so" is 32-bit instead of 64-bit
2020-11-10 01:42:36.461 2309-2329/? E/UsbDeviceManager: handle message = 9
2020-11-10 01:42:39.112 16106-16106/? A/linker: CANNOT LINK EXECUTABLE "/system/bin/dpmd": "/system/lib64/libdpmframework.so" is 32-bit instead of 64-bit
2020-11-10 01:42:44.128 16108-16108/? A/linker: CANNOT LINK EXECUTABLE "/system/bin/dpmd": "/system/lib64/libdpmframework.so" is 32-bit instead of 64-bit
2020-11-10 01:42:49.144 16111-16111/? A/linker: CANNOT LINK EXECUTABLE "/system/bin/dpmd": "/system/lib64/libdpmframework.so" is 32-bit instead of 64-bit
2020-11-10 01:42:54.142 16120-16120/? A/linker: CANNOT LINK EXECUTABLE "/system/bin/dpmd": "/system/lib64/libdpmframework.so" is 32-bit instead of 64-bit
2020-11-10 01:42:59.172 16123-16123/? A/linker: CANNOT LINK EXECUTABLE "/system/bin/dpmd": "/system/lib64/libdpmframework.so" is 32-bit instead of 64-bit
2020-11-10 01:43:04.183 16130-16130/? A/linker: CANNOT LINK EXECUTABLE "/system/bin/dpmd": "/system/lib64/libdpmframework.so" is 32-bit instead of 64-bit
2020-11-10 01:43:09.188 16133-16133/? A/linker: CANNOT LINK EXECUTABLE "/system/bin/dpmd": "/system/lib64/libdpmframework.so" is 32-bit instead of 64-bit
2020-11-10 01:43:14.206 16137-16137/? A/linker: CANNOT LINK EXECUTABLE "/system/bin/dpmd": "/system/lib64/libdpmframework.so" is 32-bit instead of 64-bit
2020-11-10 01:43:19.221 16143-16143/? A/linker: CANNOT LINK EXECUTABLE "/system/bin/dpmd": "/system/lib64/libdpmframework.so" is 32-bit instead of 64-bit
2020-11-10 01:43:24.245 16148-16148/? A/linker: CANNOT LINK EXECUTABLE "/system/bin/dpmd": "/system/lib64/libdpmframework.so" is 32-bit instead of 64-bit
2020-11-10 01:43:29.248 16152-16152/? A/linker: CANNOT LINK EXECUTABLE "/system/bin/dpmd": "/system/lib64/libdpmframework.so" is 32-bit instead of 64-bit
2020-11-10 01:42:39.610 2309-2329/? E/UsbDeviceManager: handle message = 9
2020-11-10 01:43:32.571 1093-1288/? E/storaged: getDiskStats failed with result NOT_SUPPORTED and size 0
2020-11-10 01:43:34.266 16156-16156/? A/linker: CANNOT LINK EXECUTABLE "/system/bin/dpmd": "/system/lib64/libdpmframework.so" is 32-bit instead of 64-bit
2020-11-10 01:43:39.276 16159-16159/? A/linker: CANNOT LINK EXECUTABLE "/system/bin/dpmd": "/system/lib64/libdpmframework.so" is 32-bit instead of 64-bit
2020-11-10 01:43:44.302 16164-16164/? A/linker: CANNOT LINK EXECUTABLE "/system/bin/dpmd": "/system/lib64/libdpmframework.so" is 32-bit instead of 64-bit
2020-11-10 01:43:49.311 16170-16170/? A/linker: CANNOT LINK EXECUTABLE "/system/bin/dpmd": "/system/lib64/libdpmframework.so" is 32-bit instead of 64-bit
2020-11-10 01:43:54.309 16176-16176/? A/linker: CANNOT LINK EXECUTABLE "/system/bin/dpmd": "/system/lib64/libdpmframework.so" is 32-bit instead of 64-bit
2020-11-10 01:43:59.343 16179-16179/? A/linker: CANNOT LINK EXECUTABLE "/system/bin/dpmd": "/system/lib64/libdpmframework.so" is 32-bit instead of 64-bit
2020-11-10 01:44:01.533 2309-10055/? W/BaseMiuiPhoneWindowManager: keyCode:4 down:true eventTime:457300446 downTime:457300446 policyFlags:2b000002 flags:48 deviceId:-1 isScreenOn:true keyguardActive:false repeatCount:0
2020-11-10 01:44:01.687 2309-10055/? W/BaseMiuiPhoneWindowManager: keyCode:4 down:false eventTime:457300601 downTime:457300446 policyFlags:2b000002 flags:48 deviceId:-1 isScreenOn:true keyguardActive:false repeatCount:0
2020-11-10 01:44:01.732 2309-3166/? I/Timeline: Timeline: App_transition_ready time:457300647
2020-11-10 01:44:01.765 2309-3166/? I/Timeline: Timeline: App_transition_ready time:457300679
2020-11-10 01:44:01.886 2309-2365/? I/Timeline: Timeline: App_transition_ready time:457300800
2020-11-10 01:44:02.380 2309-2331/? I/Timeline: Timeline: Activity_windows_visible id: ActivityRecord{de981df u0 com.glitchstation.dou/.modules.main.view.MainActivity t7446} time:457301294
2020-11-10 01:44:02.383 2309-2365/? I/Timeline: Timeline: App_transition_stopped time:457301297
2020-11-10 01:44:04.340 16189-16189/? A/linker: CANNOT LINK EXECUTABLE "/system/bin/dpmd": "/system/lib64/libdpmframework.so" is 32-bit instead of 64-bit
2020-11-10 01:44:05.848 15548-15548/? I/Timeline: Timeline: Activity_launch_request time:457304762 intent:Intent { cmp=com.glitchstation.dou/.modules.article.view.FullArticleActivity (has extras) }
2020-11-10 01:44:05.851 2309-8699/? I/ActivityManager: START u0 {cmp=com.glitchstation.dou/.modules.article.view.FullArticleActivity (has extras)} from uid 10259
2020-11-10 01:44:05.897 2309-3166/? I/Timeline: Timeline: App_transition_ready time:457304812
2020-11-10 01:44:05.900 2309-2365/? I/Timeline: Timeline: App_transition_ready time:457304815
2020-11-10 01:44:06.012 2309-3166/? I/Timeline: Timeline: App_transition_ready time:457304927
2020-11-10 01:44:06.016 2309-3166/? I/Timeline: Timeline: App_transition_ready time:457304931
2020-11-10 01:44:06.061 2309-2365/? I/Timeline: Timeline: App_transition_ready time:457304975
2020-11-10 01:44:06.550 2309-2331/? I/Timeline: Timeline: Activity_windows_visible id: ActivityRecord{9167132 u0 com.glitchstation.dou/.modules.article.view.FullArticleActivity t7446} time:457305465
2020-11-10 01:44:06.557 2309-2365/? I/Timeline: Timeline: App_transition_stopped time:457305472
2020-11-10 01:44:09.360 16203-16203/? A/linker: CANNOT LINK EXECUTABLE "/system/bin/dpmd": "/system/lib64/libdpmframework.so" is 32-bit instead of 64-bit
2020-11-10 01:44:14.364 16208-16208/? A/linker: CANNOT LINK EXECUTABLE "/system/bin/dpmd": "/system/lib64/libdpmframework.so" is 32-bit instead of 64-bit
2020-11-10 01:44:17.257 2309-2325/? D/Boost: hostingType=broadcast, hostingName=com.whatsapp/.AlarmBroadcastReceiver, callerPackage=com.whatsapp, isSystem=false, isBoostNeeded=false.
2020-11-10 01:44:17.259 2309-2325/? I/ActivityManager: Start proc 16211:com.whatsapp/u0a181 for broadcast com.whatsapp/.AlarmBroadcastReceiver caller=com.whatsapp
2020-11-10 01:44:19.381 16310-16310/? A/linker: CANNOT LINK EXECUTABLE "/system/bin/dpmd": "/system/lib64/libdpmframework.so" is 32-bit instead of 64-bit
2020-11-10 01:44:24.404 16313-16313/? A/linker: CANNOT LINK EXECUTABLE "/system/bin/dpmd": "/system/lib64/libdpmframework.so" is 32-bit instead of 64-bit
2020-11-10 01:44:29.427 16314-16314/? A/linker: CANNOT LINK EXECUTABLE "/system/bin/dpmd": "/system/lib64/libdpmframework.so" is 32-bit instead of 64-bit
2020-11-10 01:44:32.579 1093-1288/? E/storaged: getDiskStats failed with result NOT_SUPPORTED and size 0
2020-11-10 01:44:34.425 16317-16317/? A/linker: CANNOT LINK EXECUTABLE "/system/bin/dpmd": "/system/lib64/libdpmframework.so" is 32-bit instead of 64-bit
2020-11-10 01:44:39.441 16321-16321/? A/linker: CANNOT LINK EXECUTABLE "/system/bin/dpmd": "/system/lib64/libdpmframework.so" is 32-bit instead of 64-bit
2020-11-10 01:44:44.458 16324-16324/? A/linker: CANNOT LINK EXECUTABLE "/system/bin/dpmd": "/system/lib64/libdpmframework.so" is 32-bit instead of 64-bit
2020-11-10 01:44:49.473 16326-16326/? A/linker: CANNOT LINK EXECUTABLE "/system/bin/dpmd": "/system/lib64/libdpmframework.so" is 32-bit instead of 64-bit
2020-11-10 01:44:51.569 2309-3577/? W/BaseMiuiPhoneWindowManager: keyCode:4 down:true eventTime:457350482 downTime:457350482 policyFlags:2b000002 flags:48 deviceId:-1 isScreenOn:true keyguardActive:false repeatCount:0
2020-11-10 01:44:51.598 2309-3577/? W/BaseMiuiPhoneWindowManager: keyCode:4 down:false eventTime:457350511 downTime:457350482 policyFlags:2b000002 flags:48 deviceId:-1 isScreenOn:true keyguardActive:false repeatCount:0
2020-11-10 01:44:51.641 2309-10055/? I/Timeline: Timeline: App_transition_ready time:457350556
2020-11-10 01:44:51.673 2309-4097/? I/Timeline: Timeline: App_transition_ready time:457350588
2020-11-10 01:44:51.808 2309-2365/? I/Timeline: Timeline: App_transition_ready time:457350723
2020-11-10 01:44:52.314 2309-2331/? I/Timeline: Timeline: Activity_windows_visible id: ActivityRecord{de981df u0 com.glitchstation.dou/.modules.main.view.MainActivity t7446} time:457351228
2020-11-10 01:44:52.314 2309-2365/? I/Timeline: Timeline: App_transition_stopped time:457351229
2020-11-10 01:44:54.493 16335-16335/? A/linker: CANNOT LINK EXECUTABLE "/system/bin/dpmd": "/system/lib64/libdpmframework.so" is 32-bit instead of 64-bit
2020-11-10 01:44:55.354 15548-15548/? I/Timeline: Timeline: Activity_launch_request time:457354268 intent:Intent { cmp=com.glitchstation.dou/.modules.article.view.FullArticleActivity (has extras) }
2020-11-10 01:44:55.357 2309-3577/? I/ActivityManager: START u0 {cmp=com.glitchstation.dou/.modules.article.view.FullArticleActivity (has extras)} from uid 10259
2020-11-10 01:44:55.401 2309-3577/? I/Timeline: Timeline: App_transition_ready time:457354316
2020-11-10 01:44:55.495 2309-10055/? I/Timeline: Timeline: App_transition_ready time:457354409
2020-11-10 01:44:55.498 2309-10055/? I/Timeline: Timeline: App_transition_ready time:457354413
2020-11-10 01:44:55.525 2309-2365/? I/Timeline: Timeline: App_transition_ready time:457354439
2020-11-10 01:44:56.033 2309-2331/? I/Timeline: Timeline: Activity_windows_visible id: ActivityRecord{6a430f1 u0 com.glitchstation.dou/.modules.article.view.FullArticleActivity t7446} time:457354945
2020-11-10 01:44:56.037 2309-2365/? I/Timeline: Timeline: App_transition_stopped time:457354952
2020-11-10 01:44:59.491 16348-16348/? A/linker: CANNOT LINK EXECUTABLE "/system/bin/dpmd": "/system/lib64/libdpmframework.so" is 32-bit instead of 64-bit
2020-11-10 01:45:04.509 16353-16353/? A/linker: CANNOT LINK EXECUTABLE "/system/bin/dpmd": "/system/lib64/libdpmframework.so" is 32-bit instead of 64-bit
2020-11-10 01:45:09.511 16363-16363/? A/linker: CANNOT LINK EXECUTABLE "/system/bin/dpmd": "/system/lib64/libdpmframework.so" is 32-bit instead of 64-bit
2020-11-10 01:45:12.478 2309-3577/? W/BaseMiuiPhoneWindowManager: keyCode:4 down:true eventTime:457371391 downTime:457371391 policyFlags:2b000002 flags:48 deviceId:-1 isScreenOn:true keyguardActive:false repeatCount:0
2020-11-10 01:45:12.593 2309-3577/? W/BaseMiuiPhoneWindowManager: keyCode:4 down:false eventTime:457371507 downTime:457371391 policyFlags:2b000002 flags:48 deviceId:-1 isScreenOn:true keyguardActive:false repeatCount:0
2020-11-10 01:45:12.640 2309-3577/? I/Timeline: Timeline: App_transition_ready time:457371555
2020-11-10 01:45:12.673 2309-4097/? I/Timeline: Timeline: App_transition_ready time:457371588
2020-11-10 01:45:12.714 2309-2365/? I/Timeline: Timeline: App_transition_ready time:457371629
2020-11-10 01:45:13.219 2309-2331/? I/Timeline: Timeline: Activity_windows_visible id: ActivityRecord{de981df u0 com.glitchstation.dou/.modules.main.view.MainActivity t7446} time:457372134
2020-11-10 01:45:13.222 2309-2365/? I/Timeline: Timeline: App_transition_stopped time:457372136
