2020-11-10 01:30:31.927 2309-2323/? I/ActivityManager: Waited long enough for: ServiceRecord{438250b u0 com.android.settings/.wifi.MiuiWifiService}
2020-11-10 01:30:32.243 14538-14538/? A/linker: CANNOT LINK EXECUTABLE "/system/bin/dpmd": "/system/lib64/libdpmframework.so" is 32-bit instead of 64-bit
2020-11-10 01:30:32.536 1093-1288/? E/storaged: getDiskStats failed with result NOT_SUPPORTED and size 0
2020-11-10 01:30:37.262 14540-14540/? A/linker: CANNOT LINK EXECUTABLE "/system/bin/dpmd": "/system/lib64/libdpmframework.so" is 32-bit instead of 64-bit
2020-11-10 01:30:42.262 14546-14546/? A/linker: CANNOT LINK EXECUTABLE "/system/bin/dpmd": "/system/lib64/libdpmframework.so" is 32-bit instead of 64-bit
2020-11-10 01:30:43.531 2309-2325/? D/Boost: hostingType=service, hostingName=com.android.chrome/org.chromium.components.background_task_scheduler.BackgroundTaskJobService, callerPackage=android, isSystem=true, isBoostNeeded=false.
2020-11-10 01:30:43.537 2309-2325/? I/ActivityManager: Start proc 14548:com.android.chrome/u0a107 for service com.android.chrome/org.chromium.components.background_task_scheduler.BackgroundTaskJobService caller=android
2020-11-10 01:30:43.582 2309-2325/? D/Boost: hostingType=broadcast, hostingName=com.instagram.android/com.instagram.analytics.uploadscheduler.AnalyticsUploadAlarmReceiver, callerPackage=com.instagram.android, isSystem=false, isBoostNeeded=false.
2020-11-10 01:30:43.585 2309-2325/? I/ActivityManager: Start proc 14553:com.instagram.android/u0a187 for broadcast com.instagram.android/com.instagram.analytics.uploadscheduler.AnalyticsUploadAlarmReceiver caller=com.instagram.android
2020-11-10 01:30:44.971 2309-4090/? I/ActivityManager: Killing 6761:android.process.media/u0a15 (adj 906): empty #17
2020-11-10 01:30:45.749 2309-2323/? W/BroadcastQueue: Background execution not allowed: receiving Intent { act=android.intent.action.DROPBOX_ENTRY_ADDED flg=0x11 (has extras) } to com.google.android.gms/.stats.service.DropBoxEntryAddedReceiver
2020-11-10 01:30:45.750 2309-2323/? W/BroadcastQueue: Background execution not allowed: receiving Intent { act=android.intent.action.DROPBOX_ENTRY_ADDED flg=0x11 (has extras) } to com.google.android.gms/.chimera.GmsIntentOperationService$PersistentTrustedReceiver
2020-11-10 01:30:46.065 2309-4090/? I/ActivityManager: Killing 11025:com.android.camera/u0a35 (adj 906): empty #17
2020-11-10 01:30:46.248 2309-2325/? D/Boost: hostingType=service, hostingName=com.instagram.android/com.facebook.video.heroplayer.service.HeroService, callerPackage=com.instagram.android, isSystem=false, isBoostNeeded=false.
2020-11-10 01:30:46.250 2309-2325/? I/ActivityManager: Start proc 14684:com.instagram.android:videoplayer/u0a187 for service com.instagram.android/com.facebook.video.heroplayer.service.HeroService caller=com.instagram.android
2020-11-10 01:30:46.679 2309-4090/? I/ActivityManager: Killing 11188:com.miui.cloudservice/u0a76 (adj 906): empty #17
2020-11-10 01:30:46.714 2309-8699/? D/ProcessRecordInjector: Begin to report kill process events...
2020-11-10 01:30:47.270 14712-14712/? A/linker: CANNOT LINK EXECUTABLE "/system/bin/dpmd": "/system/lib64/libdpmframework.so" is 32-bit instead of 64-bit
2020-11-10 01:30:48.154 2309-2325/? D/Boost: hostingType=FastRestart, hostingName=null, callerPackage=system, isSystem=true, isBoostNeeded=false.
2020-11-10 01:30:48.157 2309-2325/? I/ActivityManager: Start proc 14713:com.android.camera/u0a35 for FastRestart caller=system
2020-11-10 01:30:48.188 2309-3562/? I/ActivityManager: Killing 11216:com.xiaomi.simactivate.service/u0a80 (adj 906): empty #17
2020-11-10 01:30:52.288 14745-14745/? A/linker: CANNOT LINK EXECUTABLE "/system/bin/dpmd": "/system/lib64/libdpmframework.so" is 32-bit instead of 64-bit
2020-11-10 01:30:52.327 2309-2323/? W/BroadcastQueue: Background execution not allowed: receiving Intent { act=android.intent.action.DROPBOX_ENTRY_ADDED flg=0x11 (has extras) } to com.google.android.gms/.stats.service.DropBoxEntryAddedReceiver
2020-11-10 01:30:52.327 2309-2323/? W/BroadcastQueue: Background execution not allowed: receiving Intent { act=android.intent.action.DROPBOX_ENTRY_ADDED flg=0x11 (has extras) } to com.google.android.gms/.chimera.GmsIntentOperationService$PersistentTrustedReceiver
2020-11-10 01:30:52.333 2309-2323/? W/BroadcastQueue: Background execution not allowed: receiving Intent { act=android.intent.action.DROPBOX_ENTRY_ADDED flg=0x11 (has extras) } to com.google.android.gms/.stats.service.DropBoxEntryAddedReceiver
2020-11-10 01:30:52.336 2309-2323/? W/BroadcastQueue: Background execution not allowed: receiving Intent { act=android.intent.action.DROPBOX_ENTRY_ADDED flg=0x11 (has extras) } to com.google.android.gms/.chimera.GmsIntentOperationService$PersistentTrustedReceiver
2020-11-10 01:30:52.515 2309-2323/? W/BroadcastQueue: Background execution not allowed: receiving Intent { act=android.intent.action.DROPBOX_ENTRY_ADDED flg=0x11 (has extras) } to com.google.android.gms/.stats.service.DropBoxEntryAddedReceiver
2020-11-10 01:30:52.515 2309-2323/? W/BroadcastQueue: Background execution not allowed: receiving Intent { act=android.intent.action.DROPBOX_ENTRY_ADDED flg=0x11 (has extras) } to com.google.android.gms/.chimera.GmsIntentOperationService$PersistentTrustedReceiver
2020-11-10 01:30:57.308 14754-14754/? A/linker: CANNOT LINK EXECUTABLE "/system/bin/dpmd": "/system/lib64/libdpmframework.so" is 32-bit instead of 64-bit
2020-11-10 01:31:00.920 2309-2329/? E/UsbDeviceManager: handle message = 9
2020-11-10 01:31:02.313 14757-14757/? A/linker: CANNOT LINK EXECUTABLE "/system/bin/dpmd": "/system/lib64/libdpmframework.so" is 32-bit instead of 64-bit
2020-11-10 01:31:02.928 2309-2323/? W/BroadcastQueue: Background execution not allowed: receiving Intent { act=android.intent.action.DROPBOX_ENTRY_ADDED flg=0x11 (has extras) } to com.google.android.gms/.stats.service.DropBoxEntryAddedReceiver
2020-11-10 01:31:02.928 2309-2323/? W/BroadcastQueue: Background execution not allowed: receiving Intent { act=android.intent.action.DROPBOX_ENTRY_ADDED flg=0x11 (has extras) } to com.google.android.gms/.chimera.GmsIntentOperationService$PersistentTrustedReceiver
2020-11-10 01:31:03.015 2309-2323/? W/BroadcastQueue: Background execution not allowed: receiving Intent { act=android.intent.action.DROPBOX_ENTRY_ADDED flg=0x11 (has extras) } to com.google.android.gms/.stats.service.DropBoxEntryAddedReceiver
2020-11-10 01:31:03.015 2309-2323/? W/BroadcastQueue: Background execution not allowed: receiving Intent { act=android.intent.action.DROPBOX_ENTRY_ADDED flg=0x11 (has extras) } to com.google.android.gms/.chimera.GmsIntentOperationService$PersistentTrustedReceiver
2020-11-10 01:31:07.322 14768-14768/? A/linker: CANNOT LINK EXECUTABLE "/system/bin/dpmd": "/system/lib64/libdpmframework.so" is 32-bit instead of 64-bit
2020-11-10 01:31:12.335 14770-14770/? A/linker: CANNOT LINK EXECUTABLE "/system/bin/dpmd": "/system/lib64/libdpmframework.so" is 32-bit instead of 64-bit
2020-11-10 01:31:17.346 14771-14771/? A/linker: CANNOT LINK EXECUTABLE "/system/bin/dpmd": "/system/lib64/libdpmframework.so" is 32-bit instead of 64-bit
2020-11-10 01:31:19.045 2309-2323/? W/BroadcastQueue: Background execution not allowed: receiving Intent { act=android.net.conn.NETWORK_CONDITIONS_MEASURED flg=0x11 (has extras) } to com.google.android.gms/.chimera.GmsIntentOperationService$PersistentTrustedReceiver
2020-11-10 01:31:22.359 14780-14780/? A/linker: CANNOT LINK EXECUTABLE "/system/bin/dpmd": "/system/lib64/libdpmframework.so" is 32-bit instead of 64-bit
2020-11-10 01:31:24.162 2309-2329/? E/UsbDeviceManager: handle message = 9
2020-11-10 01:31:27.371 14781-14781/? A/linker: CANNOT LINK EXECUTABLE "/system/bin/dpmd": "/system/lib64/libdpmframework.so" is 32-bit instead of 64-bit
2020-11-10 01:31:27.810 2309-2323/? W/BroadcastQueue: Background execution not allowed: receiving Intent { act=android.net.wifi.STATE_CHANGE flg=0x4000010 (has extras) } to com.duokan.phone.remotecontroller.peel.plugin/com.peel.receiver.LocalNotificationReceiver
2020-11-10 01:31:27.814 2309-2323/? W/BroadcastQueue: Background execution not allowed: receiving Intent { act=android.net.wifi.STATE_CHANGE flg=0x4000010 (has extras) } to com.duokan.phone.remotecontroller.peel.plugin/com.peel.receiver.LocalNotificationReceiver
2020-11-10 01:31:27.918 2309-2406/? D/ConnectivityService: Sending DISCONNECTED broadcast for type 1 NetworkAgentInfo [WIFI () - 428] isDefaultNetwork=true
2020-11-10 01:31:32.383 14801-14801/? A/linker: CANNOT LINK EXECUTABLE "/system/bin/dpmd": "/system/lib64/libdpmframework.so" is 32-bit instead of 64-bit
2020-11-10 01:31:32.537 1093-1288/? E/storaged: getDiskStats failed with result NOT_SUPPORTED and size 0
2020-11-10 01:31:37.399 14803-14803/? A/linker: CANNOT LINK EXECUTABLE "/system/bin/dpmd": "/system/lib64/libdpmframework.so" is 32-bit instead of 64-bit
2020-11-10 01:31:42.416 14805-14805/? A/linker: CANNOT LINK EXECUTABLE "/system/bin/dpmd": "/system/lib64/libdpmframework.so" is 32-bit instead of 64-bit
2020-11-10 01:31:47.417 14811-14811/? A/linker: CANNOT LINK EXECUTABLE "/system/bin/dpmd": "/system/lib64/libdpmframework.so" is 32-bit instead of 64-bit
2020-11-10 01:31:52.437 14814-14814/? A/linker: CANNOT LINK EXECUTABLE "/system/bin/dpmd": "/system/lib64/libdpmframework.so" is 32-bit instead of 64-bit
2020-11-10 01:31:57.451 14818-14818/? A/linker: CANNOT LINK EXECUTABLE "/system/bin/dpmd": "/system/lib64/libdpmframework.so" is 32-bit instead of 64-bit
2020-11-10 01:31:58.246 2309-3148/? W/ActivityManager: For security reasons, the system cannot issue a Uri permission grant to content://com.miui.networkassistant.fileprovider/res/tmp.png [user 0]; use startActivityAsCaller() instead
2020-11-10 01:31:59.772 2309-3148/? W/ActivityManager: For security reasons, the system cannot issue a Uri permission grant to content://com.miui.networkassistant.fileprovider/res/tmp.png [user 0]; use startActivityAsCaller() instead
2020-11-10 01:32:01.397 2309-2400/? D/WifiService: CONNECT  nid=33 config=null uid=1000 name=android.uid.system:1000
2020-11-10 01:32:01.491 1094-1094/? W/wificond: Scan aborted
2020-11-10 01:32:01.502 2309-2323/? W/BroadcastQueue: Background execution not allowed: receiving Intent { act=android.net.wifi.STATE_CHANGE flg=0x4000010 (has extras) } to com.duokan.phone.remotecontroller.peel.plugin/com.peel.receiver.LocalNotificationReceiver
2020-11-10 01:32:01.960 2309-2323/? W/BroadcastQueue: Background execution not allowed: receiving Intent { act=android.net.wifi.STATE_CHANGE flg=0x4000010 (has extras) } to com.duokan.phone.remotecontroller.peel.plugin/com.peel.receiver.LocalNotificationReceiver
2020-11-10 01:32:01.984 2309-2406/? W/DnsManager: updatePrivateDns(429, PrivateDnsConfig{false:/[]})
2020-11-10 01:32:01.984 2309-2406/? D/DnsManager: setDnsConfigurationForNetwork(429, [192.168.0.1], [], [1800, 25, 8, 64], , [])
2020-11-10 01:32:01.986 2309-2323/? W/BroadcastQueue: Background execution not allowed: receiving Intent { act=android.net.wifi.STATE_CHANGE flg=0x4000010 (has extras) } to com.duokan.phone.remotecontroller.peel.plugin/com.peel.receiver.LocalNotificationReceiver
2020-11-10 01:32:02.003 2309-2323/? W/BroadcastQueue: Background execution not allowed: receiving Intent { act=android.net.wifi.STATE_CHANGE flg=0x4000010 (has extras) } to com.duokan.phone.remotecontroller.peel.plugin/com.peel.receiver.LocalNotificationReceiver
2020-11-10 01:32:02.030 2309-2406/? D/DnsManager: setDnsConfigurationForNetwork(429, [192.168.0.1], [], [1800, 25, 8, 64], , [])
2020-11-10 01:32:02.108 1086-1309/? E/NetlinkEvent: NetlinkEvent::FindParam(): Parameter 'INTERFACE' not found
2020-11-10 01:32:02.108 1086-1309/? E/NetlinkEvent: NetlinkEvent::FindParam(): Parameter 'STATE' not found
2020-11-10 01:32:02.108 1086-1309/? E/NetlinkEvent: NetlinkEvent::FindParam(): Parameter 'TIME_NS' not found
2020-11-10 01:32:02.108 1086-1309/? E/NetlinkEvent: NetlinkEvent::FindParam(): Parameter 'UID' not found
2020-11-10 01:32:02.163 2309-2406/? D/ConnectivityService: Sending CONNECTED broadcast for type 1 NetworkAgentInfo [WIFI () - 429] isDefaultNetwork=true
2020-11-10 01:32:02.452 14851-14851/? A/linker: CANNOT LINK EXECUTABLE "/system/bin/dpmd": "/system/lib64/libdpmframework.so" is 32-bit instead of 64-bit
2020-11-10 01:32:03.313 2309-2323/? W/BroadcastQueue: Background execution not allowed: receiving Intent { act=android.intent.action.DROPBOX_ENTRY_ADDED flg=0x11 (has extras) } to com.google.android.gms/.stats.service.DropBoxEntryAddedReceiver
2020-11-10 01:32:03.314 2309-2323/? W/BroadcastQueue: Background execution not allowed: receiving Intent { act=android.intent.action.DROPBOX_ENTRY_ADDED flg=0x11 (has extras) } to com.google.android.gms/.chimera.GmsIntentOperationService$PersistentTrustedReceiver
2020-11-10 01:32:03.666 1094-1094/? W/wificond: Scan aborted
2020-11-10 01:32:03.815 2309-2323/? W/BroadcastQueue: Background execution not allowed: receiving Intent { act=android.net.wifi.STATE_CHANGE flg=0x4000010 (has extras) } to com.duokan.phone.remotecontroller.peel.plugin/com.peel.receiver.LocalNotificationReceiver
2020-11-10 01:32:03.860 2309-2323/? W/BroadcastQueue: Background execution not allowed: receiving Intent { act=android.net.wifi.STATE_CHANGE flg=0x4000010 (has extras) } to com.duokan.phone.remotecontroller.peel.plugin/com.peel.receiver.LocalNotificationReceiver
2020-11-10 01:32:03.907 2309-2406/? D/ConnectivityService: Sending DISCONNECTED broadcast for type 1 NetworkAgentInfo [WIFI () - 429] isDefaultNetwork=true
2020-11-10 01:32:07.159 2309-2323/? W/BroadcastQueue: Background execution not allowed: receiving Intent { act=android.net.conn.NETWORK_CONDITIONS_MEASURED flg=0x11 (has extras) } to com.google.android.gms/.chimera.GmsIntentOperationService$PersistentTrustedReceiver
2020-11-10 01:32:07.471 14870-14870/? A/linker: CANNOT LINK EXECUTABLE "/system/bin/dpmd": "/system/lib64/libdpmframework.so" is 32-bit instead of 64-bit
2020-11-10 01:32:07.935 2309-3577/? D/WifiService: setWifiEnabled: false pid=2543, uid=1000, package=com.android.systemui
2020-11-10 01:32:07.940 2309-2323/? W/BroadcastQueue: Background execution not allowed: receiving Intent { act=android.net.wifi.WIFI_STATE_CHANGED flg=0x4000010 (has extras) } to com.duokan.phone.remotecontroller.peel.plugin/com.peel.receiver.ConnectivityActionReceiver
2020-11-10 01:32:08.079 1094-1094/? I/wificond: Unsubscribe scan result for interface with index: 26
2020-11-10 01:32:08.236 763-763/? E/android.hardware.wifi@1.0-service: Failed to open directory: Permission denied
2020-11-10 01:32:08.236 763-763/? E/android.hardware.wifi@1.0-service: Error occurred while deleting old tombstone files
2020-11-10 01:32:08.236 763-763/? E/android.hardware.wifi@1.0-service: Error writing files to flash
2020-11-10 01:32:08.244 763-12664/? I/android.hardware.wifi@1.0-service: Legacy HAL stop complete callback received
2020-11-10 01:32:08.458 763-763/? I/android.hardware.wifi@1.0-service: Wifi HAL stopped
2020-11-10 01:32:08.468 2309-2323/? W/BroadcastQueue: Background execution not allowed: receiving Intent { act=android.net.wifi.STATE_CHANGE flg=0x4000010 (has extras) } to com.duokan.phone.remotecontroller.peel.plugin/com.peel.receiver.LocalNotificationReceiver
2020-11-10 01:32:08.481 2309-2405/? E/WifiP2pService: Unhandled message { when=0 what=131204 target=com.android.internal.util.StateMachine$SmHandler }
2020-11-10 01:32:08.481 2309-2323/? W/BroadcastQueue: Background execution not allowed: receiving Intent { act=android.net.wifi.WIFI_STATE_CHANGED flg=0x4000010 (has extras) } to com.duokan.phone.remotecontroller.peel.plugin/com.peel.receiver.ConnectivityActionReceiver
2020-11-10 01:32:08.491 763-763/? I/android.hardware.wifi@1.0-service: Wifi HAL started
2020-11-10 01:32:08.800 2309-2843/? D/WifiService: setWifiEnabled: true pid=2543, uid=1000, package=com.android.systemui
2020-11-10 01:32:08.842 763-763/? I/android.hardware.wifi@1.0-service: Adding interface handle for wlan0
2020-11-10 01:32:08.842 763-763/? I/android.hardware.wifi@1.0-service: Adding interface handle for p2p0
2020-11-10 01:32:08.842 763-763/? I/android.hardware.wifi@1.0-service: Configured chip in mode 0
2020-11-10 01:32:08.876 1094-1094/? I/wificond: create scanner for interface with index: 26
2020-11-10 01:32:08.876 1094-1094/? I/wificond: subscribe scan result for interface with index: 26
2020-11-10 01:32:08.884 1094-1094/? E/wificond: No Offload Service available
2020-11-10 01:32:08.884 1094-1094/? I/wificond: Offload HAL not supported 
2020-11-10 01:32:08.943 1094-1094/? W/wificond: No pno scan started
2020-11-10 01:32:08.943 1094-1094/? W/wificond: Scheduled scan is not running!
2020-11-10 01:32:08.974 2309-2327/? E/BatteryExternalStatsWorker: no controller energy info supplied for wifi
2020-11-10 01:32:09.000 1094-1094/? I/wificond: Unsubscribe scan result for interface with index: 26
2020-11-10 01:32:09.042 763-763/? E/android.hardware.wifi@1.0-service: Failed to open directory: Permission denied
2020-11-10 01:32:09.042 763-763/? E/android.hardware.wifi@1.0-service: Error occurred while deleting old tombstone files
2020-11-10 01:32:09.042 763-763/? E/android.hardware.wifi@1.0-service: Error writing files to flash
2020-11-10 01:32:09.043 763-14879/? I/android.hardware.wifi@1.0-service: Legacy HAL stop complete callback received
2020-11-10 01:32:09.248 763-763/? I/android.hardware.wifi@1.0-service: Wifi HAL stopped
2020-11-10 01:32:09.262 2309-2327/? E/BatteryExternalStatsWorker: no controller energy info supplied for wifi
2020-11-10 01:32:09.267 2309-2323/? W/BroadcastQueue: Background execution not allowed: receiving Intent { act=android.net.wifi.WIFI_STATE_CHANGED flg=0x4000010 (has extras) } to com.duokan.phone.remotecontroller.peel.plugin/com.peel.receiver.ConnectivityActionReceiver
2020-11-10 01:32:09.271 763-763/? I/android.hardware.wifi@1.0-service: Wifi HAL started
2020-11-10 01:32:09.436 763-763/? I/android.hardware.wifi@1.0-service: Adding interface handle for wlan0
2020-11-10 01:32:09.436 763-763/? I/android.hardware.wifi@1.0-service: Adding interface handle for p2p0
2020-11-10 01:32:09.436 763-763/? I/android.hardware.wifi@1.0-service: Configured chip in mode 0
2020-11-10 01:32:09.458 1094-1094/? I/wificond: create scanner for interface with index: 26
2020-11-10 01:32:09.459 1094-1094/? I/wificond: subscribe scan result for interface with index: 26
2020-11-10 01:32:09.460 1094-1094/? E/wificond: No Offload Service available
2020-11-10 01:32:09.460 1094-1094/? I/wificond: Offload HAL not supported 
2020-11-10 01:32:09.508 1094-1094/? W/wificond: No pno scan started
2020-11-10 01:32:09.508 1094-1094/? W/wificond: Scheduled scan is not running!
2020-11-10 01:32:09.511 2309-2323/? W/BroadcastQueue: Background execution not allowed: receiving Intent { act=android.net.wifi.WIFI_STATE_CHANGED flg=0x4000010 (has extras) } to com.duokan.phone.remotecontroller.peel.plugin/com.peel.receiver.ConnectivityActionReceiver
2020-11-10 01:32:09.553 2309-2405/? E/WifiP2pService: Unhandled message { when=0 what=131203 target=com.android.internal.util.StateMachine$SmHandler }
2020-11-10 01:32:09.589 2309-2405/? E/WifiP2pService: Unhandled message { when=0 what=131203 target=com.android.internal.util.StateMachine$SmHandler }
2020-11-10 01:32:11.793 1094-1094/? W/wificond: Scan is not started. Ignore abort request
2020-11-10 01:32:11.834 2309-2323/? W/BroadcastQueue: Background execution not allowed: receiving Intent { act=android.net.wifi.STATE_CHANGE flg=0x4000010 (has extras) } to com.duokan.phone.remotecontroller.peel.plugin/com.peel.receiver.LocalNotificationReceiver
2020-11-10 01:32:12.067 2309-2323/? W/BroadcastQueue: Background execution not allowed: receiving Intent { act=android.net.wifi.STATE_CHANGE flg=0x4000010 (has extras) } to com.duokan.phone.remotecontroller.peel.plugin/com.peel.receiver.LocalNotificationReceiver
2020-11-10 01:32:12.078 2309-2406/? W/DnsManager: updatePrivateDns(430, PrivateDnsConfig{false:/[]})
2020-11-10 01:32:12.078 2309-2406/? D/DnsManager: setDnsConfigurationForNetwork(430, [192.168.0.1], [], [1800, 25, 8, 64], , [])
2020-11-10 01:32:12.087 2309-2323/? W/BroadcastQueue: Background execution not allowed: receiving Intent { act=android.net.wifi.STATE_CHANGE flg=0x4000010 (has extras) } to com.duokan.phone.remotecontroller.peel.plugin/com.peel.receiver.LocalNotificationReceiver
2020-11-10 01:32:12.090 2309-2323/? W/BroadcastQueue: Background execution not allowed: receiving Intent { act=android.net.wifi.STATE_CHANGE flg=0x4000010 (has extras) } to com.duokan.phone.remotecontroller.peel.plugin/com.peel.receiver.LocalNotificationReceiver
2020-11-10 01:32:12.121 2309-2406/? D/DnsManager: setDnsConfigurationForNetwork(430, [192.168.0.1], [], [1800, 25, 8, 64], , [])
2020-11-10 01:32:12.170 1086-1309/? E/NetlinkEvent: NetlinkEvent::FindParam(): Parameter 'INTERFACE' not found
2020-11-10 01:32:12.170 1086-1309/? E/NetlinkEvent: NetlinkEvent::FindParam(): Parameter 'STATE' not found
2020-11-10 01:32:12.170 1086-1309/? E/NetlinkEvent: NetlinkEvent::FindParam(): Parameter 'TIME_NS' not found
2020-11-10 01:32:12.170 1086-1309/? E/NetlinkEvent: NetlinkEvent::FindParam(): Parameter 'UID' not found
2020-11-10 01:32:12.220 2309-2406/? D/ConnectivityService: Sending CONNECTED broadcast for type 1 NetworkAgentInfo [WIFI () - 430] isDefaultNetwork=true
2020-11-10 01:32:12.272 2309-2323/? W/BroadcastQueue: Background execution not allowed: receiving Intent { act=android.net.conn.NETWORK_CONDITIONS_MEASURED flg=0x11 (has extras) } to com.google.android.gms/.chimera.GmsIntentOperationService$PersistentTrustedReceiver
2020-11-10 01:32:12.466 14929-14929/? A/linker: CANNOT LINK EXECUTABLE "/system/bin/dpmd": "/system/lib64/libdpmframework.so" is 32-bit instead of 64-bit
2020-11-10 01:32:12.562 2309-2323/? W/BroadcastQueue: Background execution not allowed: receiving Intent { act=android.net.conn.NETWORK_CONDITIONS_MEASURED flg=0x11 (has extras) } to com.google.android.gms/.chimera.GmsIntentOperationService$PersistentTrustedReceiver
2020-11-10 01:32:13.331 2309-2323/? W/BroadcastQueue: Background execution not allowed: receiving Intent { act=android.intent.action.DROPBOX_ENTRY_ADDED flg=0x11 (has extras) } to com.google.android.gms/.stats.service.DropBoxEntryAddedReceiver
2020-11-10 01:32:13.331 2309-2323/? W/BroadcastQueue: Background execution not allowed: receiving Intent { act=android.intent.action.DROPBOX_ENTRY_ADDED flg=0x11 (has extras) } to com.google.android.gms/.chimera.GmsIntentOperationService$PersistentTrustedReceiver
2020-11-10 01:32:14.696 2309-7442/? W/ActivityManager: For security reasons, the system cannot issue a Uri permission grant to content://com.miui.networkassistant.fileprovider/res/tmp.png [user 0]; use startActivityAsCaller() instead
2020-11-10 01:32:17.473 14946-14946/? A/linker: CANNOT LINK EXECUTABLE "/system/bin/dpmd": "/system/lib64/libdpmframework.so" is 32-bit instead of 64-bit
2020-11-10 01:32:22.488 14951-14951/? A/linker: CANNOT LINK EXECUTABLE "/system/bin/dpmd": "/system/lib64/libdpmframework.so" is 32-bit instead of 64-bit
2020-11-10 01:32:27.487 14956-14956/? A/linker: CANNOT LINK EXECUTABLE "/system/bin/dpmd": "/system/lib64/libdpmframework.so" is 32-bit instead of 64-bit
2020-11-10 01:32:32.494 14958-14958/? A/linker: CANNOT LINK EXECUTABLE "/system/bin/dpmd": "/system/lib64/libdpmframework.so" is 32-bit instead of 64-bit
2020-11-10 01:32:32.539 1093-1288/? E/storaged: getDiskStats failed with result NOT_SUPPORTED and size 0
2020-11-10 01:32:34.802 2309-2323/? W/BroadcastQueue: Background execution not allowed: receiving Intent { act=android.net.conn.NETWORK_CONDITIONS_MEASURED flg=0x11 (has extras) } to com.google.android.gms/.chimera.GmsIntentOperationService$PersistentTrustedReceiver
2020-11-10 01:32:36.450 2309-2329/? E/UsbDeviceManager: handle message = 9
2020-11-10 01:32:37.503 14965-14965/? A/linker: CANNOT LINK EXECUTABLE "/system/bin/dpmd": "/system/lib64/libdpmframework.so" is 32-bit instead of 64-bit
2020-11-10 01:32:42.520 14968-14968/? A/linker: CANNOT LINK EXECUTABLE "/system/bin/dpmd": "/system/lib64/libdpmframework.so" is 32-bit instead of 64-bit
2020-11-10 01:32:47.528 14970-14970/? A/linker: CANNOT LINK EXECUTABLE "/system/bin/dpmd": "/system/lib64/libdpmframework.so" is 32-bit instead of 64-bit
2020-11-10 01:32:52.537 14976-14976/? A/linker: CANNOT LINK EXECUTABLE "/system/bin/dpmd": "/system/lib64/libdpmframework.so" is 32-bit instead of 64-bit
2020-11-10 01:32:57.550 14981-14981/? A/linker: CANNOT LINK EXECUTABLE "/system/bin/dpmd": "/system/lib64/libdpmframework.so" is 32-bit instead of 64-bit
2020-11-10 01:33:02.557 14984-14984/? A/linker: CANNOT LINK EXECUTABLE "/system/bin/dpmd": "/system/lib64/libdpmframework.so" is 32-bit instead of 64-bit
2020-11-10 01:33:07.568 14985-14985/? A/linker: CANNOT LINK EXECUTABLE "/system/bin/dpmd": "/system/lib64/libdpmframework.so" is 32-bit instead of 64-bit
2020-11-10 01:33:12.583 14987-14987/? A/linker: CANNOT LINK EXECUTABLE "/system/bin/dpmd": "/system/lib64/libdpmframework.so" is 32-bit instead of 64-bit
2020-11-10 01:33:17.584 14990-14990/? A/linker: CANNOT LINK EXECUTABLE "/system/bin/dpmd": "/system/lib64/libdpmframework.so" is 32-bit instead of 64-bit
2020-11-10 01:33:22.592 14993-14993/? A/linker: CANNOT LINK EXECUTABLE "/system/bin/dpmd": "/system/lib64/libdpmframework.so" is 32-bit instead of 64-bit
2020-11-10 01:33:27.599 14995-14995/? A/linker: CANNOT LINK EXECUTABLE "/system/bin/dpmd": "/system/lib64/libdpmframework.so" is 32-bit instead of 64-bit
2020-11-10 01:32:46.070 2309-2329/? E/UsbDeviceManager: handle message = 9
2020-11-10 01:33:28.177 2309-2323/? W/BroadcastQueue: Background execution not allowed: receiving Intent { act=android.intent.action.DROPBOX_ENTRY_ADDED flg=0x11 (has extras) } to com.google.android.gms/.stats.service.DropBoxEntryAddedReceiver
2020-11-10 01:33:28.177 2309-2323/? W/BroadcastQueue: Background execution not allowed: receiving Intent { act=android.intent.action.DROPBOX_ENTRY_ADDED flg=0x11 (has extras) } to com.google.android.gms/.chimera.GmsIntentOperationService$PersistentTrustedReceiver
2020-11-10 01:33:28.295 2309-2323/? W/BroadcastQueue: Background execution not allowed: receiving Intent { act=android.intent.action.DROPBOX_ENTRY_ADDED flg=0x11 (has extras) } to com.google.android.gms/.stats.service.DropBoxEntryAddedReceiver
2020-11-10 01:33:28.295 2309-2323/? W/BroadcastQueue: Background execution not allowed: receiving Intent { act=android.intent.action.DROPBOX_ENTRY_ADDED flg=0x11 (has extras) } to com.google.android.gms/.chimera.GmsIntentOperationService$PersistentTrustedReceiver
2020-11-10 01:33:28.392 2309-2323/? W/BroadcastQueue: Background execution not allowed: receiving Intent { act=android.intent.action.DROPBOX_ENTRY_ADDED flg=0x11 (has extras) } to com.google.android.gms/.stats.service.DropBoxEntryAddedReceiver
2020-11-10 01:33:28.392 2309-2323/? W/BroadcastQueue: Background execution not allowed: receiving Intent { act=android.intent.action.DROPBOX_ENTRY_ADDED flg=0x11 (has extras) } to com.google.android.gms/.chimera.GmsIntentOperationService$PersistentTrustedReceiver
2020-11-10 01:33:32.540 1093-1288/? E/storaged: getDiskStats failed with result NOT_SUPPORTED and size 0
2020-11-10 01:33:32.610 15007-15007/? A/linker: CANNOT LINK EXECUTABLE "/system/bin/dpmd": "/system/lib64/libdpmframework.so" is 32-bit instead of 64-bit
2020-11-10 01:33:37.621 15009-15009/? A/linker: CANNOT LINK EXECUTABLE "/system/bin/dpmd": "/system/lib64/libdpmframework.so" is 32-bit instead of 64-bit
2020-11-10 01:33:42.633 15013-15013/? A/linker: CANNOT LINK EXECUTABLE "/system/bin/dpmd": "/system/lib64/libdpmframework.so" is 32-bit instead of 64-bit
2020-11-10 01:33:43.349 2309-7442/? D/PerfShielderService: com.duckduckgo.mobile.android|com.duckduckgo.mobile.android/com.duckduckgo.app.browser.BrowserActivity|204|456680806618133|109|3|5
2020-11-10 01:33:43.350 3568-14183/? W/MiuiPerfServiceClient: interceptAndQueuing:12431|com.duckduckgo.mobile.android|204|109|unknown|null|com.duckduckgo.mobile.android/com.duckduckgo.app.browser.BrowserActivity|456680806618133|Slow handle traversal|5
2020-11-10 01:33:43.847 12431-12431/? I/Timeline: Timeline: Activity_launch_request time:456682761 intent:Intent { cmp=com.duckduckgo.mobile.android/com.duckduckgo.app.tabs.ui.TabSwitcherActivity (has extras) }
2020-11-10 01:33:43.849 2309-7442/? I/ActivityManager: START u0 {cmp=com.duckduckgo.mobile.android/com.duckduckgo.app.tabs.ui.TabSwitcherActivity (has extras)} from uid 10175
2020-11-10 01:33:43.952 2309-4085/? I/Timeline: Timeline: App_transition_ready time:456682866
2020-11-10 01:33:43.955 2309-2365/? I/Timeline: Timeline: App_transition_ready time:456682869
2020-11-10 01:33:44.039 2309-7442/? I/Timeline: Timeline: App_transition_ready time:456682954
2020-11-10 01:33:44.043 2309-7442/? I/Timeline: Timeline: App_transition_ready time:456682957
2020-11-10 01:33:44.207 2309-2365/? I/Timeline: Timeline: App_transition_ready time:456683122
2020-11-10 01:33:44.525 2309-2331/? I/Timeline: Timeline: Activity_windows_visible id: ActivityRecord{e7482a5 u0 com.duckduckgo.mobile.android/com.duckduckgo.app.tabs.ui.TabSwitcherActivity t7445} time:456683440
2020-11-10 01:33:44.526 2309-2365/? I/Timeline: Timeline: App_transition_stopped time:456683441
2020-11-10 01:33:47.134 2309-2331/? I/ActivityManager: Config changes=20000480 {1.0 255mcc1mnc [ru_RU] ldltr sw392dp w392dp h774dp 440dpi nrml long port finger -keyb/v/h -nav/h winConfig={ mBounds=Rect(0, 0 - 1080, 2131) mAppBounds=Rect(0, 79 - 1080, 2210) mWindowingMode=fullscreen mActivityType=undefined} s.824 themeChanged=0 themeChangedFlags=0}
2020-11-10 01:33:47.250 2309-2331/? I/ActivityManager: Override config changes=20000480 {1.0 255mcc1mnc [ru_RU] ldltr sw392dp w392dp h774dp 440dpi nrml long port finger -keyb/v/h -nav/h winConfig={ mBounds=Rect(0, 0 - 1080, 2131) mAppBounds=Rect(0, 79 - 1080, 2210) mWindowingMode=fullscreen mActivityType=undefined} s.824 themeChanged=0 themeChangedFlags=0} for displayId=0
2020-11-10 01:33:47.299 2309-2324/? W/Looper: Slow dispatch took 236ms android.ui h=com.android.server.policy.PhoneWindowManager$PolicyHandler c=com.android.server.policy.PhoneWindowManager$MyOrientationListener$UpdateRunnable@459e068 m=0
2020-11-10 01:33:47.462 2309-2331/? I/Timeline: Timeline: Activity_windows_visible id: ActivityRecord{e7482a5 u0 com.duckduckgo.mobile.android/com.duckduckgo.app.tabs.ui.TabSwitcherActivity t7445} time:456686377
2020-11-10 01:33:47.464 2309-2365/? I/WindowManager: Screen frozen for +400ms due to Window{f2911ef u0 com.duckduckgo.mobile.android/com.duckduckgo.app.tabs.ui.TabSwitcherActivity}
2020-11-10 01:33:47.646 15058-15058/? A/linker: CANNOT LINK EXECUTABLE "/system/bin/dpmd": "/system/lib64/libdpmframework.so" is 32-bit instead of 64-bit
2020-11-10 01:33:48.331 2309-7442/? D/PerfShielderService: com.android.systemui|StatusBar|376|456686497359068|184|0|5
2020-11-10 01:33:48.332 3568-14183/? W/MiuiPerfServiceClient: interceptAndQueuing:2543|com.android.systemui|376|184|unknown|null|StatusBar|456686497359068|Slow main thread|5
2020-11-10 01:33:48.334 2309-7442/? W/BaseMiuiPhoneWindowManager: keyCode:3 down:true eventTime:456687248 downTime:456687248 policyFlags:2b000002 flags:48 deviceId:-1 isScreenOn:true keyguardActive:false repeatCount:0
2020-11-10 01:33:48.425 2309-7442/? W/BaseMiuiPhoneWindowManager: keyCode:3 down:false eventTime:456687339 downTime:456687248 policyFlags:2b000002 flags:68 deviceId:-1 isScreenOn:true keyguardActive:false repeatCount:0
2020-11-10 01:33:48.427 2309-2382/? I/WindowManager: Ignoring HOME; event canceled.
2020-11-10 01:33:48.448 2309-2309/? W/ContextImpl: Calling a method in the system process without a qualified user: android.app.ContextImpl.sendStickyBroadcast:1297 com.android.server.HandyMode.changeMode:387 com.android.server.HandyMode$6.onReceive:208 android.app.LoadedApk$ReceiverDispatcher$Args.lambda$getRunnable$0:1397 android.app.-$$Lambda$LoadedApk$ReceiverDispatcher$Args$_BumDX2UKsnxLVrE6UJsJZkotuA.run:2 
2020-11-10 01:33:52.351 12431-13570/? I/Timeline: Timeline: Activity_launch_request time:456691266 intent:Intent { flg=0x10000000 cmp=com.duckduckgo.mobile.android/com.duckduckgo.app.fire.FireActivity (has extras) }
2020-11-10 01:33:52.352 2309-7442/? I/ActivityManager: START u0 {flg=0x10000000 cmp=com.duckduckgo.mobile.android/com.duckduckgo.app.fire.FireActivity (has extras)} from uid 10175
2020-11-10 01:33:52.426 2309-2325/? D/Boost: hostingType=activity, hostingName=com.duckduckgo.mobile.android/com.duckduckgo.app.fire.FireActivity, callerPackage=com.duckduckgo.mobile.android, isSystem=false, isBoostNeeded=false.
2020-11-10 01:33:52.431 2309-2325/? I/ActivityManager: Start proc 15074:com.duckduckgo.mobile.android:fire/u0a175 for activity com.duckduckgo.mobile.android/com.duckduckgo.app.fire.FireActivity caller=com.duckduckgo.mobile.android
2020-11-10 01:33:52.510 2309-2365/? I/Timeline: Timeline: App_transition_ready time:456691425
2020-11-10 01:33:52.523 2309-2319/? D/ConnectivityService: ConnectivityService NetworkRequestInfo binderDied(NetworkRequest [ LISTEN id=2957, [ Capabilities: INTERNET&NOT_RESTRICTED&TRUSTED&FOREGROUND Unwanted:  Uid: 10175] ], android.os.BinderProxy@4ff83fd)
2020-11-10 01:33:52.523 2309-2319/? D/ConnectivityService: ConnectivityService NetworkRequestInfo binderDied(NetworkRequest [ LISTEN id=2955, [ Capabilities: INTERNET&NOT_RESTRICTED&TRUSTED&FOREGROUND Unwanted:  Uid: 10175] ], android.os.BinderProxy@db078f2)
2020-11-10 01:33:52.523 2309-2319/? D/ConnectivityService: ConnectivityService NetworkRequestInfo binderDied(NetworkRequest [ TRACK_DEFAULT id=2956, [ Capabilities: INTERNET&NOT_RESTRICTED&TRUSTED Unwanted:  Uid: 10175] ], android.os.BinderProxy@6296b43)
2020-11-10 01:33:52.523 2309-16184/? I/WindowManager: WIN DEATH: Window{f2911ef u0 com.duckduckgo.mobile.android/com.duckduckgo.app.tabs.ui.TabSwitcherActivity}
2020-11-10 01:33:52.527 2309-3148/? D/ConnectivityService: ConnectivityService NetworkRequestInfo binderDied(NetworkRequest [ TRACK_DEFAULT id=2954, [ Capabilities: INTERNET&NOT_RESTRICTED&TRUSTED Unwanted:  Uid: 10175] ], android.os.BinderProxy@72345c0)
2020-11-10 01:33:52.527 2309-8489/? I/ActivityManager: Process com.duckduckgo.mobile.android (pid 12431) has died: prcp TOP 
2020-11-10 01:33:52.528 2309-3567/? I/WindowManager: WIN DEATH: Window{bd8583e u0 com.duckduckgo.mobile.android/com.duckduckgo.app.browser.BrowserActivity}
2020-11-10 01:33:52.531 2309-8489/? W/ActivityManager: Force removing ActivityRecord{e7482a5 u0 com.duckduckgo.mobile.android/com.duckduckgo.app.tabs.ui.TabSwitcherActivity t7445}: app died, no saved state
2020-11-10 01:33:52.538 2309-8489/? I/ActivityManager: Killing 12500:com.android.chrome:sandboxed_process0/u0a175i639 (adj 0): isolated not needed
2020-11-10 01:33:52.640 15092-15092/? A/linker: CANNOT LINK EXECUTABLE "/system/bin/dpmd": "/system/lib64/libdpmframework.so" is 32-bit instead of 64-bit
2020-11-10 01:33:52.858 15074-15074/? I/Timeline: Timeline: Activity_launch_request time:456691772 intent:Intent { flg=0x10008000 cmp=com.duckduckgo.mobile.android/com.duckduckgo.app.browser.BrowserActivity (has extras) }
2020-11-10 01:33:52.859 2309-16184/? I/ActivityManager: START u0 {flg=0x10008000 cmp=com.duckduckgo.mobile.android/com.duckduckgo.app.browser.BrowserActivity (has extras)} from uid 10175
2020-11-10 01:33:52.886 2309-16184/? W/ActivityManager: Duplicate finish request for ActivityRecord{6b8fd51 u0 com.duckduckgo.mobile.android/com.duckduckgo.app.fire.FireActivity t7445 f}
2020-11-10 01:33:52.908 2309-16184/? I/ActivityManager: Process com.duckduckgo.mobile.android:fire (pid 15074) has died: fore TOP 
2020-11-10 01:33:52.950 2309-2331/? W/ActivityManager: setHasOverlayUi called on unknown pid: 12431
2020-11-10 01:33:53.000 2309-2325/? D/Boost: hostingType=activity, hostingName=com.duckduckgo.mobile.android/com.duckduckgo.app.browser.BrowserActivity, callerPackage=com.duckduckgo.mobile.android, isSystem=false, isBoostNeeded=false.
2020-11-10 01:33:53.010 2309-2325/? I/ActivityManager: Start proc 15108:com.duckduckgo.mobile.android/u0a175 for activity com.duckduckgo.mobile.android/com.duckduckgo.app.browser.BrowserActivity caller=com.duckduckgo.mobile.android
2020-11-10 01:33:53.044 2309-2365/? I/Timeline: Timeline: App_transition_ready time:456691958
2020-11-10 01:33:53.560 2309-2331/? I/Timeline: Timeline: Activity_windows_visible id: ActivityRecord{7574b16 u0 com.duckduckgo.mobile.android/com.duckduckgo.app.browser.BrowserActivity t7445} time:456692475
2020-11-10 01:33:53.561 2309-2365/? I/Timeline: Timeline: App_transition_stopped time:456692475
2020-11-10 01:33:53.742 2309-2325/? D/Boost: hostingType=webview_service, hostingName=com.duckduckgo.mobile.android/org.chromium.content.app.SandboxedProcessService0, callerPackage=com.duckduckgo.mobile.android, isSystem=false, isBoostNeeded=false.
2020-11-10 01:33:53.744 2309-2325/? I/ActivityManager: Start proc 15210:com.android.chrome:sandboxed_process0/u0i640 for webview_service com.duckduckgo.mobile.android/org.chromium.content.app.SandboxedProcessService0 caller=com.duckduckgo.mobile.android
2020-11-10 01:33:54.349 2309-2713/? D/PerfShielderService: com.android.systemui|NavigationBar|244|456686431585891|133|0|2
2020-11-10 01:33:54.350 3568-14183/? W/MiuiPerfServiceClient: interceptAndQueuing:2543|com.android.systemui|244|133|unknown|null|NavigationBar|456686431585891|Slow main thread|2
2020-11-10 01:33:54.380 2309-2713/? I/WindowManager: input method visible height changed 778
2020-11-10 01:33:54.618 15108-15108/? I/Timeline: Timeline: Activity_launch_request time:456693532 intent:Intent { cmp=com.duckduckgo.mobile.android/com.duckduckgo.app.tabs.ui.TabSwitcherActivity (has extras) }
2020-11-10 01:33:54.619 2309-3567/? I/ActivityManager: START u0 {cmp=com.duckduckgo.mobile.android/com.duckduckgo.app.tabs.ui.TabSwitcherActivity (has extras)} from uid 10175
2020-11-10 01:33:54.653 2309-16184/? I/Timeline: Timeline: App_transition_ready time:456693567
2020-11-10 01:33:54.759 2309-16184/? I/Timeline: Timeline: App_transition_ready time:456693674
2020-11-10 01:33:54.762 2309-16184/? I/Timeline: Timeline: App_transition_ready time:456693677
2020-11-10 01:33:54.797 2309-2365/? I/Timeline: Timeline: App_transition_ready time:456693712
2020-11-10 01:33:54.863 2309-2365/? I/Timeline: Timeline: App_transition_ready time:456693778
2020-11-10 01:33:54.946 2309-3567/? I/WindowManager: input method visible height changed 0
2020-11-10 01:33:55.178 2309-2331/? I/Timeline: Timeline: Activity_windows_visible id: ActivityRecord{adf7ac3 u0 com.duckduckgo.mobile.android/com.duckduckgo.app.tabs.ui.TabSwitcherActivity t7445} time:456694092
2020-11-10 01:33:55.179 2309-2365/? I/Timeline: Timeline: App_transition_stopped time:456694093
2020-11-10 01:33:57.022 2309-3565/? W/NotificationService: Toast already killed. pkg=com.duckduckgo.mobile.android callback=android.app.ITransientNotification$Stub$Proxy@bda47fc
2020-11-10 01:33:57.650 15282-15282/? A/linker: CANNOT LINK EXECUTABLE "/system/bin/dpmd": "/system/lib64/libdpmframework.so" is 32-bit instead of 64-bit
2020-11-10 01:33:58.667 2309-2323/? W/BroadcastQueue: Background execution not allowed: receiving Intent { act=android.net.conn.NETWORK_CONDITIONS_MEASURED flg=0x11 (has extras) } to com.google.android.gms/.chimera.GmsIntentOperationService$PersistentTrustedReceiver
2020-11-10 01:33:59.814 2309-3565/? D/PerfShielderService: com.duckduckgo.mobile.android|com.duckduckgo.mobile.android/com.duckduckgo.app.tabs.ui.TabSwitcherActivity|157|456698348993438|52|5|7
2020-11-10 01:33:59.815 3568-14183/? W/MiuiPerfServiceClient: interceptAndQueuing:15108|com.duckduckgo.mobile.android|157|52|unknown|null|com.duckduckgo.mobile.android/com.duckduckgo.app.tabs.ui.TabSwitcherActivity|456698348993438|Slow issue draw commands|7
2020-11-10 01:33:59.825 2309-3567/? I/Timeline: Timeline: App_transition_ready time:456698739
2020-11-10 01:33:59.863 2309-3567/? I/Timeline: Timeline: App_transition_ready time:456698778
2020-11-10 01:33:59.918 2309-2365/? I/Timeline: Timeline: App_transition_ready time:456698833
2020-11-10 01:34:00.209 2309-3565/? I/WindowManager: input method visible height changed 778
2020-11-10 01:34:00.229 2309-2331/? I/Timeline: Timeline: Activity_windows_visible id: ActivityRecord{7574b16 u0 com.duckduckgo.mobile.android/com.duckduckgo.app.browser.BrowserActivity t7445} time:456699143
2020-11-10 01:34:00.231 2309-2365/? I/Timeline: Timeline: App_transition_stopped time:456699145
2020-11-10 01:34:00.904 9451-9451/? W/Looper: Slow Looper main: doFrame is 405ms late because of 4 msg, msg 1 took 416ms (late=1ms h=android.view.Choreographer$FrameHandler c=android.view.Choreographer$FrameDisplayEventReceiver)
2020-11-10 01:34:01.331 2309-3148/? I/WindowManager: input method visible height changed 0
2020-11-10 01:34:02.357 15108-15300/? I/Timeline: Timeline: Activity_launch_request time:456701272 intent:Intent { flg=0x10000000 cmp=com.duckduckgo.mobile.android/com.duckduckgo.app.fire.FireActivity (has extras) }
2020-11-10 01:34:02.361 2309-3148/? I/ActivityManager: START u0 {flg=0x10000000 cmp=com.duckduckgo.mobile.android/com.duckduckgo.app.fire.FireActivity (has extras)} from uid 10175
2020-11-10 01:34:02.460 2309-2523/? D/ConnectivityService: ConnectivityService NetworkRequestInfo binderDied(NetworkRequest [ LISTEN id=2966, [ Capabilities: INTERNET&NOT_RESTRICTED&TRUSTED&FOREGROUND Unwanted:  Uid: 10175] ], android.os.BinderProxy@7d108d9)
2020-11-10 01:34:02.461 2309-3551/? D/ConnectivityService: ConnectivityService NetworkRequestInfo binderDied(NetworkRequest [ TRACK_DEFAULT id=2963, [ Capabilities: INTERNET&NOT_RESTRICTED&TRUSTED Unwanted:  Uid: 10175] ], android.os.BinderProxy@589129e)
2020-11-10 01:34:02.461 2309-4086/? D/ConnectivityService: ConnectivityService NetworkRequestInfo binderDied(NetworkRequest [ TRACK_DEFAULT id=2965, [ Capabilities: INTERNET&NOT_RESTRICTED&TRUSTED Unwanted:  Uid: 10175] ], android.os.BinderProxy@33d417f)
2020-11-10 01:34:02.464 2309-8489/? I/ActivityManager: Process com.duckduckgo.mobile.android (pid 15108) has died: prcp TOP 
2020-11-10 01:34:02.466 2309-9343/? I/WindowManager: WIN DEATH: Window{b2ed738 u0 com.duckduckgo.mobile.android/com.duckduckgo.app.browser.BrowserActivity}
2020-11-10 01:34:02.470 2309-3563/? D/ConnectivityService: ConnectivityService NetworkRequestInfo binderDied(NetworkRequest [ LISTEN id=2964, [ Capabilities: INTERNET&NOT_RESTRICTED&TRUSTED&FOREGROUND Unwanted:  Uid: 10175] ], android.os.BinderProxy@243c54c)
2020-11-10 01:34:02.481 2309-8489/? W/ActivityManager: Force removing ActivityRecord{7574b16 u0 com.duckduckgo.mobile.android/com.duckduckgo.app.browser.BrowserActivity t7445}: app died, no saved state
2020-11-10 01:34:02.482 2309-2325/? D/Boost: hostingType=activity, hostingName=com.duckduckgo.mobile.android/com.duckduckgo.app.fire.FireActivity, callerPackage=com.duckduckgo.mobile.android, isSystem=false, isBoostNeeded=false.
2020-11-10 01:34:02.492 2309-8489/? I/ActivityManager: Killing 15210:com.android.chrome:sandboxed_process0/u0a175i640 (adj 0): isolated not needed
2020-11-10 01:34:02.499 2309-2325/? I/ActivityManager: Start proc 15307:com.duckduckgo.mobile.android:fire/u0a175 for activity com.duckduckgo.mobile.android/com.duckduckgo.app.fire.FireActivity caller=com.duckduckgo.mobile.android
2020-11-10 01:34:02.501 2309-2331/? W/ActivityManager: setHasOverlayUi called on unknown pid: 15108
2020-11-10 01:34:02.569 2309-2365/? I/Timeline: Timeline: App_transition_ready time:456701484
2020-11-10 01:34:02.657 15330-15330/? A/linker: CANNOT LINK EXECUTABLE "/system/bin/dpmd": "/system/lib64/libdpmframework.so" is 32-bit instead of 64-bit
2020-11-10 01:34:02.715 15307-15307/? I/Timeline: Timeline: Activity_launch_request time:456701629 intent:Intent { flg=0x10008000 cmp=com.duckduckgo.mobile.android/com.duckduckgo.app.browser.BrowserActivity (has extras) }
2020-11-10 01:34:02.715 2309-3563/? I/ActivityManager: START u0 {flg=0x10008000 cmp=com.duckduckgo.mobile.android/com.duckduckgo.app.browser.BrowserActivity (has extras)} from uid 10175
2020-11-10 01:34:02.734 2309-3563/? W/ActivityManager: Duplicate finish request for ActivityRecord{ccc91f0 u0 com.duckduckgo.mobile.android/com.duckduckgo.app.fire.FireActivity t7445 f}
2020-11-10 01:34:02.756 2309-3563/? I/ActivityManager: Process com.duckduckgo.mobile.android:fire (pid 15307) has died: fore TOP 
2020-11-10 01:34:02.816 2309-2325/? D/Boost: hostingType=activity, hostingName=com.duckduckgo.mobile.android/com.duckduckgo.app.browser.BrowserActivity, callerPackage=com.duckduckgo.mobile.android, isSystem=false, isBoostNeeded=false.
2020-11-10 01:34:02.825 2309-2325/? I/ActivityManager: Start proc 15345:com.duckduckgo.mobile.android/u0a175 for activity com.duckduckgo.mobile.android/com.duckduckgo.app.browser.BrowserActivity caller=com.duckduckgo.mobile.android
2020-11-10 01:34:02.880 2309-2365/? I/Timeline: Timeline: App_transition_ready time:456701795
2020-11-10 01:34:03.396 2309-2331/? I/Timeline: Timeline: Activity_windows_visible id: ActivityRecord{61637fe u0 com.duckduckgo.mobile.android/com.duckduckgo.app.browser.BrowserActivity t7445} time:456702311
2020-11-10 01:34:03.399 2309-2365/? I/Timeline: Timeline: App_transition_stopped time:456702313
2020-11-10 01:34:03.478 2309-2325/? D/Boost: hostingType=webview_service, hostingName=com.duckduckgo.mobile.android/org.chromium.content.app.SandboxedProcessService0, callerPackage=com.duckduckgo.mobile.android, isSystem=false, isBoostNeeded=false.
2020-11-10 01:34:03.480 2309-2325/? I/ActivityManager: Start proc 15432:com.android.chrome:sandboxed_process0/u0i641 for webview_service com.duckduckgo.mobile.android/org.chromium.content.app.SandboxedProcessService0 caller=com.duckduckgo.mobile.android
2020-11-10 01:34:03.689 2309-3563/? I/WindowManager: input method visible height changed 778
2020-11-10 01:34:04.068 2309-3567/? W/BaseMiuiPhoneWindowManager: keyCode:82 down:true eventTime:456702982 downTime:456702982 policyFlags:2b000002 flags:48 deviceId:-1 isScreenOn:true keyguardActive:false repeatCount:0
2020-11-10 01:34:04.170 2309-3567/? W/BaseMiuiPhoneWindowManager: keyCode:82 down:false eventTime:456703084 downTime:456702982 policyFlags:2b000002 flags:48 deviceId:-1 isScreenOn:true keyguardActive:false repeatCount:0
2020-11-10 01:34:04.309 2309-8489/? I/ActivityManager: START u0 {flg=0x10884000 cmp=com.android.systemui/.recents.RecentsActivity} from uid 1000
2020-11-10 01:34:04.323 2309-8489/? I/ActivityManager: Ignoring FLAG_ACTIVITY_NEW_DOCUMENT, launchMode is "singleInstance" or "singleTask"
2020-11-10 01:34:04.352 2309-8489/? I/Timeline: Timeline: App_transition_ready time:456703267
2020-11-10 01:34:04.355 2309-3563/? I/Timeline: Timeline: App_transition_ready time:456703270
2020-11-10 01:34:04.390 2309-3563/? I/Timeline: Timeline: App_transition_ready time:456703305
2020-11-10 01:34:04.499 2309-4093/? I/Timeline: Timeline: App_transition_ready time:456703413
2020-11-10 01:34:04.534 2309-2365/? I/Timeline: Timeline: App_transition_ready time:456703448
2020-11-10 01:34:04.618 2309-2365/? I/Timeline: Timeline: App_transition_ready time:456703532
2020-11-10 01:34:04.638 2309-2523/? D/PerfShielderService: com.android.systemui|StatusBar|232|456703092176041|88|0|9
2020-11-10 01:34:04.639 3568-14183/? W/MiuiPerfServiceClient: interceptAndQueuing:2543|com.android.systemui|232|88|unknown|null|StatusBar|456703092176041|Slow main thread|9
2020-11-10 01:34:04.728 2309-2309/? I/NotificationService: Cannot find enqueued record for key: -1|android|8|null|1000
2020-11-10 01:34:04.750 2309-9343/? I/WindowManager: input method visible height changed 0
2020-11-10 01:34:04.950 2309-2331/? I/Timeline: Timeline: Activity_windows_visible id: ActivityRecord{76b054c u0 com.android.systemui/.recents.RecentsActivity t6712} time:456703864
2020-11-10 01:34:04.951 2309-2365/? I/Timeline: Timeline: App_transition_stopped time:456703866
2020-11-10 01:34:05.736 2309-8489/? I/ProcessManager: Kill reason SwipeUpClean from pid=2543
2020-11-10 01:34:05.757 2309-8489/? I/ProcessManager: SwipeUpClean: kill com.android.chrome:sandboxed_process0 Adj=200 State=7
2020-11-10 01:34:05.758 2309-8489/? I/ActivityManager: Killing 15432:com.android.chrome:sandboxed_process0/u0a175i641 (adj 200): SwipeUpClean
2020-11-10 01:34:05.759 2309-8489/? I/ProcessManager: SwipeUpClean: kill com.duckduckgo.mobile.android Adj=200 State=7
2020-11-10 01:34:05.759 2309-8489/? I/ActivityManager: Killing 15345:com.duckduckgo.mobile.android/u0a175 (adj 200): SwipeUpClean
2020-11-10 01:34:05.772 2309-3565/? I/AutoStartManagerService: MIUILOG- Reject RestartService packageName :com.duckduckgo.mobile.android uid : 10175
2020-11-10 01:34:05.788 2309-2327/? D/KernelUidCpuTimeReader: Removing uids 99640-99640
2020-11-10 01:34:05.789 2309-2327/? D/BatteryStatsImpl: Got readings for an isolated uid with no mapping: 99640
2020-11-10 01:34:05.790 2309-2327/? E/KernelUidCpuTimeReader: Malformed cpu data for UID=99639!
    Time between reads: +13s218ms
    Previous times: u=+10m54s350ms s=+1m58s240ms
    Current times: u=+10m54s200ms s=+1m58s180ms
    Delta: u=-150ms s=-60ms
2020-11-10 01:34:05.823 2309-3563/? D/ConnectivityService: ConnectivityService NetworkRequestInfo binderDied(NetworkRequest [ LISTEN id=2968, [ Capabilities: INTERNET&NOT_RESTRICTED&TRUSTED&FOREGROUND Unwanted:  Uid: 10175] ], android.os.BinderProxy@cdcc2de)
2020-11-10 01:34:05.823 2309-4093/? D/ConnectivityService: ConnectivityService NetworkRequestInfo binderDied(NetworkRequest [ TRACK_DEFAULT id=2969, [ Capabilities: INTERNET&NOT_RESTRICTED&TRUSTED Unwanted:  Uid: 10175] ], android.os.BinderProxy@312ccbf)
2020-11-10 01:34:05.823 2309-2713/? D/ConnectivityService: ConnectivityService NetworkRequestInfo binderDied(NetworkRequest [ LISTEN id=2970, [ Capabilities: INTERNET&NOT_RESTRICTED&TRUSTED&FOREGROUND Unwanted:  Uid: 10175] ], android.os.BinderProxy@41d8f8c)
